Archive member included to satisfy reference by file (symbol)

.pio/build/teensy41/lib6d5/libAdafruit GPS Library.a(Adafruit_GPS.cpp.o)
                              .pio/build/teensy41/src/GPShelper.cpp.o (Adafruit_GPS::~Adafruit_GPS())
.pio/build/teensy41/lib6d5/libAdafruit GPS Library.a(NMEA_data.cpp.o)
                              .pio/build/teensy41/lib6d5/libAdafruit GPS Library.a(Adafruit_GPS.cpp.o) (Adafruit_GPS::data_init())
.pio/build/teensy41/lib6d5/libAdafruit GPS Library.a(NMEA_parse.cpp.o)
                              .pio/build/teensy41/src/GPShelper.cpp.o (Adafruit_GPS::parse(char*))
.pio/build/teensy41/libaeb/libPU2CLR SI4735.a(SI4735.cpp.o)
                              .pio/build/teensy41/src/PocketFT8XcvrFW.cpp.o (SI4735::SI4735())
.pio/build/teensy41/lib8e9/libSdFat.a(ExFatFile.cpp.o)
                              .pio/build/teensy41/src/Config.cpp.o (ExFatFile::getCreateDateTime(unsigned short*, unsigned short*))
.pio/build/teensy41/lib8e9/libSdFat.a(ExFatFileWrite.cpp.o)
                              .pio/build/teensy41/lib8e9/libSdFat.a(ExFatFile.cpp.o) (ExFatFile::remove())
.pio/build/teensy41/lib8e9/libSdFat.a(ExFatName.cpp.o)
                              .pio/build/teensy41/lib8e9/libSdFat.a(ExFatFile.cpp.o) (ExFatFile::cmpName(DirName_t const*, ExName_t*))
.pio/build/teensy41/lib8e9/libSdFat.a(ExFatPartition.cpp.o)
                              .pio/build/teensy41/lib8e9/libSdFat.a(ExFatFileWrite.cpp.o) (ExFatPartition::bitmapFind(unsigned long, unsigned long))
.pio/build/teensy41/lib8e9/libSdFat.a(ExFatVolume.cpp.o)
                              .pio/build/teensy41/lib8e9/libSdFat.a(ExFatFile.cpp.o) (ExFatVolume::m_cwv)
.pio/build/teensy41/lib8e9/libSdFat.a(FatFile.cpp.o)
                              .pio/build/teensy41/src/Config.cpp.o (FatFile::getCreateDateTime(unsigned short*, unsigned short*))
.pio/build/teensy41/lib8e9/libSdFat.a(FatFileLFN.cpp.o)
                              .pio/build/teensy41/lib8e9/libSdFat.a(FatFile.cpp.o) (FatFile::open(FatFile*, FatLfn_t*, int))
.pio/build/teensy41/lib8e9/libSdFat.a(FatName.cpp.o)
                              .pio/build/teensy41/lib8e9/libSdFat.a(FatFileLFN.cpp.o) (FatFile::getLfnChar(DirLfn_t*, unsigned char))
.pio/build/teensy41/lib8e9/libSdFat.a(FatPartition.cpp.o)
                              .pio/build/teensy41/lib8e9/libSdFat.a(FatFile.cpp.o) (FatPartition::allocateCluster(unsigned long, unsigned long*))
.pio/build/teensy41/lib8e9/libSdFat.a(FatVolume.cpp.o)
                              .pio/build/teensy41/lib8e9/libSdFat.a(FatFile.cpp.o) (FatVolume::m_cwv)
.pio/build/teensy41/lib8e9/libSdFat.a(FsFile.cpp.o)
                              .pio/build/teensy41/src/Config.cpp.o (FsBaseFile::FsBaseFile(FsBaseFile const&))
.pio/build/teensy41/lib8e9/libSdFat.a(FsNew.cpp.o)
                              .pio/build/teensy41/lib8e9/libSdFat.a(FsFile.cpp.o) (operator new(unsigned int, unsigned long*))
.pio/build/teensy41/lib8e9/libSdFat.a(FsVolume.cpp.o)
                              .pio/build/teensy41/src/Config.cpp.o (FsVolume::open(char const*, int))
.pio/build/teensy41/lib8e9/libSdFat.a(FsCache.cpp.o)
                              .pio/build/teensy41/lib8e9/libSdFat.a(ExFatFile.cpp.o) (FsCache::sync())
.pio/build/teensy41/lib8e9/libSdFat.a(FsDateTime.cpp.o)
                              .pio/build/teensy41/lib8e9/libSdFat.a(ExFatFile.cpp.o) (FsDateTime::callback)
.pio/build/teensy41/lib8e9/libSdFat.a(FsName.cpp.o)
                              .pio/build/teensy41/lib8e9/libSdFat.a(ExFatFile.cpp.o) (FsName::get16())
.pio/build/teensy41/lib8e9/libSdFat.a(FsUtf.cpp.o)
                              .pio/build/teensy41/lib8e9/libSdFat.a(ExFatName.cpp.o) (FsUtf::cpToMb(unsigned long, char*, char*))
.pio/build/teensy41/lib8e9/libSdFat.a(upcase.cpp.o)
                              .pio/build/teensy41/lib8e9/libSdFat.a(ExFatName.cpp.o) (toUpcase(unsigned short))
.pio/build/teensy41/lib8e9/libSdFat.a(ExFatFilePrint.cpp.o)
                              .pio/build/teensy41/lib8e9/libSdFat.a(FsVolume.cpp.o) (ExFatFile::ls(Print*, unsigned char, unsigned char))
.pio/build/teensy41/lib8e9/libSdFat.a(FatFilePrint.cpp.o)
                              .pio/build/teensy41/lib8e9/libSdFat.a(FsVolume.cpp.o) (FatFile::ls(Print*, unsigned char, unsigned char))
.pio/build/teensy41/lib8e9/libSdFat.a(FmtNumber.cpp.o)
                              .pio/build/teensy41/lib8e9/libSdFat.a(FsDateTime.cpp.o) (fmtBase10(char*, unsigned short))
.pio/build/teensy41/lib341/libSD.a(SD.cpp.o)
                              .pio/build/teensy41/src/PocketFT8XcvrFW.cpp.o (SDClass::begin(unsigned char))
.pio/build/teensy41/lib8a2/libHX8357_t3n.a(HX8357_t3n.cpp.o)
                              .pio/build/teensy41/src/decode_ft8.cpp.o (HX8357_t3n::setCursor(short, short, bool))
.pio/build/teensy41/libbf3/libAGUI.a(AListBox.cpp.o)
                              .pio/build/teensy41/src/decode_ft8.cpp.o (AListBox::addItem(AListBox*, String, AColor))
[...]
Memory Configuration

Name             Origin             Length             Attributes
ITCM             0x0000000000000000 0x0000000000080000 xrw
DTCM             0x0000000020000000 0x0000000000080000 xrw
RAM              0x0000000020200000 0x0000000000080000 xrw
FLASH            0x0000000060000000 0x00000000007c0000 xrw
ERAM             0x0000000070000000 0x0000000001000000 xrw
*default*        0x0000000000000000 0xffffffffffffffff

Linker script and memory map

LOAD /Users/jconrad/.platformio/packages/toolchain-gccarmnoneeabi-teensy/bin/../lib/gcc/arm-none-eabi/11.3.1/thumb/v7e-m+dp/hard/crti.o
LOAD /Users/jconrad/.platformio/packages/toolchain-gccarmnoneeabi-teensy/bin/../lib/gcc/arm-none-eabi/11.3.1/thumb/v7e-m+dp/hard/crtbegin.o
LOAD /Users/jconrad/.platformio/packages/toolchain-gccarmnoneeabi-teensy/bin/../lib/gcc/arm-none-eabi/11.3.1/../../../../arm-none-eabi/lib/thumb/v7e-m+dp/hard/crt0.o
                0x0000000068b5e23e                __rtc_localtime = 0x68b5e23e
LOAD .pio/build/teensy41/src/Config.cpp.o
LOAD .pio/build/teensy41/src/GPShelper.cpp.o
LOAD .pio/build/teensy41/src/PocketFT8XcvrFW.cpp.o
LOAD .pio/build/teensy41/src/Process_DSP.cpp.o
LOAD .pio/build/teensy41/src/Sequencer.cpp.o
LOAD .pio/build/teensy41/src/Waterfall.cpp.o
LOAD .pio/build/teensy41/src/button.cpp.o
LOAD .pio/build/teensy41/src/decode_ft8.cpp.o
LOAD .pio/build/teensy41/src/gen_ft8.cpp.o
LOAD .pio/build/teensy41/src/traffic_manager.cpp.o
START GROUP
LOAD .pio/build/teensy41/lib060/libSPI.a
LOAD .pio/build/teensy41/lib672/libWire.a
LOAD .pio/build/teensy41/lib6d5/libAdafruit GPS Library.a
LOAD .pio/build/teensy41/libaeb/libPU2CLR SI4735.a
LOAD .pio/build/teensy41/lib2cf/libAdafruit BusIO.a
LOAD .pio/build/teensy41/lib69e/libAdafruit GFX Library.a
LOAD .pio/build/teensy41/lib8e9/libSdFat.a
LOAD .pio/build/teensy41/lib341/libSD.a
LOAD .pio/build/teensy41/libfd4/libILI9488_t3.a
LOAD .pio/build/teensy41/lib8a2/libHX8357_t3n.a
LOAD .pio/build/teensy41/libbf3/libAGUI.a
LOAD .pio/build/teensy41/libbf8/libMCP342x.a
LOAD .pio/build/teensy41/libe47/libtouchscreen.a
LOAD .pio/build/teensy41/lib66f/libTime.a
LOAD .pio/build/teensy41/libafd/liblexical.a
LOAD .pio/build/teensy41/libf74/liblog.a
LOAD .pio/build/teensy41/lib749/libtimer.a
LOAD .pio/build/teensy41/lib31e/libUserInterface.a
LOAD .pio/build/teensy41/libef8/libSerialFlash.a
LOAD .pio/build/teensy41/libc46/libAudio.a
LOAD .pio/build/teensy41/lib6bd/libEEPROM.a
LOAD .pio/build/teensy41/libbb7/libft8.a
LOAD .pio/build/teensy41/lib275/liblocator.a
LOAD .pio/build/teensy41/lib2ab/libsi5351.a
LOAD .pio/build/teensy41/libFrameworkArduino.a
LOAD /Users/jconrad/.platformio/packages/toolchain-gccarmnoneeabi-teensy/bin/../lib/gcc/arm-none-eabi/11.3.1/../../../../arm-none-eabi/lib/libarm_cortexM7lfsp_math.a
LOAD /Users/jconrad/.platformio/packages/toolchain-gccarmnoneeabi-teensy/bin/../lib/gcc/arm-none-eabi/11.3.1/../../../../arm-none-eabi/lib/thumb/v7e-m+dp/hard/libstdc++.a
END GROUP
LOAD /Users/jconrad/.platformio/packages/toolchain-gccarmnoneeabi-teensy/bin/../lib/gcc/arm-none-eabi/11.3.1/../../../../arm-none-eabi/lib/thumb/v7e-m+dp/hard/libstdc++.a
LOAD /Users/jconrad/.platformio/packages/toolchain-gccarmnoneeabi-teensy/bin/../lib/gcc/arm-none-eabi/11.3.1/../../../../arm-none-eabi/lib/thumb/v7e-m+dp/hard/libm.a
START GROUP
LOAD /Users/jconrad/.platformio/packages/toolchain-gccarmnoneeabi-teensy/bin/../lib/gcc/arm-none-eabi/11.3.1/thumb/v7e-m+dp/hard/libgcc.a
LOAD /Users/jconrad/.platformio/packages/toolchain-gccarmnoneeabi-teensy/bin/../lib/gcc/arm-none-eabi/11.3.1/../../../../arm-none-eabi/lib/thumb/v7e-m+dp/hard/libc.a
END GROUP
LOAD /Users/jconrad/.platformio/packages/toolchain-gccarmnoneeabi-teensy/bin/../lib/gcc/arm-none-eabi/11.3.1/thumb/v7e-m+dp/hard/crtend.o
LOAD /Users/jconrad/.platformio/packages/toolchain-gccarmnoneeabi-teensy/bin/../lib/gcc/arm-none-eabi/11.3.1/thumb/v7e-m+dp/hard/crtn.o

.text.headers   0x0000000060000000     0x1400
 *(.flashconfig)
 .flashconfig   0x0000000060000000      0x200 .pio/build/teensy41/libFrameworkArduino.a(bootdata.c.o)
                0x0000000060000000                FlexSPI_NOR_Config
 FILL mask 0xff
                0x0000000060001000                . = (ORIGIN (FLASH) + 0x1000)
 *fill*         0x0000000060000200      0xe00 ff
 *(.ivt)
 .ivt           0x0000000060001000       0x20 .pio/build/teensy41/libFrameworkArduino.a(bootdata.c.o)
                0x0000000060001000                ImageVectorTable
 *(.bootdata)
 .bootdata      0x0000000060001020        0xc .pio/build/teensy41/libFrameworkArduino.a(bootdata.c.o)
                0x0000000060001020                BootData
                0x0000000060001400                . = ALIGN (0x400)
 *fill*         0x000000006000102c      0x3d4 ff

.text.code      0x0000000060001400     0x1ce8
 *(.startup)
 .startup       0x0000000060001400      0x274 .pio/build/teensy41/libFrameworkArduino.a(startup.c.o)
                0x000000006000164c                ResetHandler
 *(.flashmem*)
 *fill*         0x0000000060001674        0x4 
 .flashmem      0x0000000060001678      0x5d8 .pio/build/teensy41/src/PocketFT8XcvrFW.cpp.o
                0x0000000060001678                loadSSB()
                0x00000000600016c4                loop
                0x00000000600018b8                setup
 .flashmem      0x0000000060001c50       0xf8 .pio/build/teensy41/libFrameworkArduino.a(AudioStream.cpp.o)
                0x0000000060001c50                AudioStream::initialize_memory(audio_block_struct*, unsigned int)
 .flashmem      0x0000000060001d48      0x7fc .pio/build/teensy41/libFrameworkArduino.a(CrashReport.cpp.o)
                0x0000000060001d48                CrashReportClass::clear()
                0x0000000060001de4                CrashReportClass::printTo(Print&) const
                0x00000000600024e8                CrashReportClass::operator bool()
 .flashmem      0x0000000060002544      0x500 .pio/build/teensy41/libFrameworkArduino.a(startup.c.o)
                0x0000000060002544                startup_early_hook
                0x0000000060002544                startup_default_early_hook
                0x0000000060002548                startup_middle_hook
                0x0000000060002548                startup_default_middle_hook
                0x000000006000254c                startup_default_late_hook
                0x000000006000254c                startup_late_hook
                0x0000000060002550                startup_debug_reset
                0x0000000060002554                configure_cache
                0x0000000060002664                configure_external_ram
                0x00000000600029e8                usb_pll_start
 .flashmem      0x0000000060002a44      0x130 .pio/build/teensy41/libFrameworkArduino.a(tempmon.c.o)
                0x0000000060002a44                tempmon_init
 .flashmem      0x0000000060002b74      0x13c .pio/build/teensy41/libFrameworkArduino.a(usb.c.o)
                0x0000000060002b74                usb_init
                0x0000000060002c5c                _reboot_Teensyduino_
 .flashmem      0x0000000060002cb0       0x54 .pio/build/teensy41/libFrameworkArduino.a(analog.c.o)
                0x0000000060002cb0                analog_init
 .flashmem      0x0000000060002d04      0x17c .pio/build/teensy41/lib672/libWire.a(WireIMXRT.cpp.o)
                0x0000000060002d04                TwoWire::configSDApin(unsigned char)
                0x0000000060002d38                TwoWire::setSDA(unsigned char)
                0x0000000060002d8c                TwoWire::configSCLpin(unsigned char)
                0x0000000060002dc0                TwoWire::setSCL(unsigned char)
                0x0000000060002e18                TwoWire::begin()
                0x0000000060002e80                . = ALIGN (0x4)
 *(.init)
 .init          0x0000000060002e80        0x4 /Users/jconrad/.platformio/packages/toolchain-gccarmnoneeabi-teensy/bin/../lib/gcc/arm-none-eabi/11.3.1/thumb/v7e-m+dp/hard/crti.o
                0x0000000060002e80                _init
 .init          0x0000000060002e84        0x8 /Users/jconrad/.platformio/packages/toolchain-gccarmnoneeabi-teensy/bin/../lib/gcc/arm-none-eabi/11.3.1/thumb/v7e-m+dp/hard/crtn.o
 *fill*         0x0000000060002e8c        0x4 
 .init.__stub   0x0000000060002e90      0x218 linker stubs
                0x00000000600030a8                __preinit_array_start = .
 *(.preinit_array)
                0x00000000600030a8                __preinit_array_end = .
                0x00000000600030a8                __init_array_start = .
 *(.init_array)
 .init_array    0x00000000600030a8        0x4 /Users/jconrad/.platformio/packages/toolchain-gccarmnoneeabi-teensy/bin/../lib/gcc/arm-none-eabi/11.3.1/thumb/v7e-m+dp/hard/crtbegin.o
 .init_array    0x00000000600030ac        0x4 .pio/build/teensy41/src/Config.cpp.o
 .init_array    0x00000000600030b0        0x4 .pio/build/teensy41/src/GPShelper.cpp.o
 .init_array    0x00000000600030b4        0x4 .pio/build/teensy41/src/PocketFT8XcvrFW.cpp.o
 .init_array    0x00000000600030b8        0x4 .pio/build/teensy41/src/Process_DSP.cpp.o
 .init_array    0x00000000600030bc        0x4 .pio/build/teensy41/src/Sequencer.cpp.o
 .init_array    0x00000000600030c0        0x4 .pio/build/teensy41/src/button.cpp.o
 .init_array    0x00000000600030c4        0x4 .pio/build/teensy41/src/decode_ft8.cpp.o
 .init_array    0x00000000600030c8        0x4 .pio/build/teensy41/src/gen_ft8.cpp.o
 .init_array    0x00000000600030cc        0x4 .pio/build/teensy41/src/traffic_manager.cpp.o
 .init_array    0x00000000600030d0        0x4 .pio/build/teensy41/lib341/libSD.a(SD.cpp.o)
 .init_array    0x00000000600030d4        0x4 .pio/build/teensy41/lib31e/libUserInterface.a(UserInterface.cpp.o)
 .init_array    0x00000000600030d8        0x4 .pio/build/teensy41/libc46/libAudio.a(input_adc.cpp.o)
 .init_array    0x00000000600030dc        0x4 .pio/build/teensy41/libFrameworkArduino.a(IntervalTimer.cpp.o)
 .init_array    0x00000000600030e0        0x4 .pio/build/teensy41/libe47/libtouchscreen.a(TouchScreen_I2C.cpp.o)
 .init_array    0x00000000600030e4        0x4 .pio/build/teensy41/libbf8/libMCP342x.a(MCP342x.cpp.o)
                0x00000000600030e8                __init_array_end = .
                0x00000000600030e8                . = ALIGN (0x4)

.text.progmem   0x00000000600030e8     0x46d4
 *(.progmem*)
 .progmem       0x00000000600030e8     0x3dd8 .pio/build/teensy41/src/PocketFT8XcvrFW.cpp.o
 .progmem       0x0000000060006ec0       0x80 .pio/build/teensy41/src/Process_DSP.cpp.o
 .progmem       0x0000000060006f40      0x658 .pio/build/teensy41/lib31e/libUserInterface.a(UserInterface.cpp.o)
 .progmem       0x0000000060007598       0x2a .pio/build/teensy41/libc46/libAudio.a(input_adc.cpp.o)
 *fill*         0x00000000600075c2        0x2 
 .progmem       0x00000000600075c4      0x106 .pio/build/teensy41/libFrameworkArduino.a(usb_desc.c.o)
                0x00000000600075c4                usb_string_product_name
                0x00000000600075c4                usb_string_product_name_default
                0x00000000600075dc                usb_string_manufacturer_name_default
                0x00000000600075dc                usb_string_manufacturer_name
                0x00000000600075f4                string0
                0x00000000600075f8                usb_config_descriptor_12
                0x000000006000765c                usb_config_descriptor_480
 *fill*         0x00000000600076ca        0x2 
 .progmem       0x00000000600076cc       0xf0 .pio/build/teensy41/lib672/libWire.a(WireIMXRT.cpp.o)
                0x00000000600076cc                TwoWire::i2c4_hardware
                0x000000006000771c                TwoWire::i2c3_hardware
                0x000000006000776c                TwoWire::i2c1_hardware
                0x00000000600077bc                . = ALIGN (0x4)

.text.itcm      0x0000000000000000    0x2e5f0 load address 0x00000000600077bc
                0x0000000000000020                . = (. + 0x20)
 *fill*         0x0000000000000000       0x20 
 *(.fastrun)
 .fastrun       0x0000000000000020       0xc0 .pio/build/teensy41/libFrameworkArduino.a(interrupt.c.o)
                0x0000000000000020                irq_gpio6789
 *(.text*)
 .text.register_tm_clones
                0x00000000000000e0       0x24 /Users/jconrad/.platformio/packages/toolchain-gccarmnoneeabi-teensy/bin/../lib/gcc/arm-none-eabi/11.3.1/thumb/v7e-m+dp/hard/crtbegin.o
 .text.frame_dummy
                0x0000000000000104       0x24 /Users/jconrad/.platformio/packages/toolchain-gccarmnoneeabi-teensy/bin/../lib/gcc/arm-none-eabi/11.3.1/thumb/v7e-m+dp/hard/crtbegin.o
 .text._ZN5Print17availableForWriteEv
                0x0000000000000128        0x4 .pio/build/teensy41/src/Config.cpp.o
                0x0000000000000128                Print::availableForWrite()
 .text._ZN5Print5flushEv
                0x000000000000012c        0x4 .pio/build/teensy41/src/Config.cpp.o
                0x000000000000012c                Print::flush()
 .text._ZN6SDFile6isOpenEv
                0x0000000000000130       0x14 .pio/build/teensy41/src/Config.cpp.o
                0x0000000000000130                SDFile::isOpen()
 .text._ZN11ArduinoJson8V742PD226detail16DefaultAllocator10reallocateEPvj
                0x0000000000000144        0x8 .pio/build/teensy41/src/Config.cpp.o
                0x0000000000000144                ArduinoJson::V742PD22::detail::DefaultAllocator::reallocate(void*, unsigned int)
 .text._ZN11ArduinoJson8V742PD226detail16DefaultAllocator10deallocateEPv
                0x000000000000014c        0x8 .pio/build/teensy41/src/Config.cpp.o
                0x000000000000014c                ArduinoJson::V742PD22::detail::DefaultAllocator::deallocate(void*)
 .text._ZN11ArduinoJson8V742PD226detail16DefaultAllocator8allocateEj
                0x0000000000000154        0x8 .pio/build/teensy41/src/Config.cpp.o
                0x0000000000000154                ArduinoJson::V742PD22::detail::DefaultAllocator::allocate(unsigned int)
 .text._ZN6SDFile5closeEv
                0x000000000000015c       0x28 .pio/build/teensy41/src/Config.cpp.o
                0x000000000000015c                SDFile::close()
 .text._ZN6SDFile4nameEv
                0x0000000000000184       0x50 .pio/build/teensy41/src/Config.cpp.o
                0x0000000000000184                SDFile::name()
 .text._ZN6SDFile8truncateEy
                0x00000000000001d4       0x3c .pio/build/teensy41/src/Config.cpp.o
                0x00000000000001d4                SDFile::truncate(unsigned long long)
 .text._ZN6SDFile13setCreateTimeERK14DateTimeFields
                0x0000000000000210       0x54 .pio/build/teensy41/src/Config.cpp.o
                0x0000000000000210                SDFile::setCreateTime(DateTimeFields const&)
 .text._ZN6SDFile15rewindDirectoryEv
                0x0000000000000264       0x48 .pio/build/teensy41/src/Config.cpp.o
                0x0000000000000264                SDFile::rewindDirectory()
 .text._ZN6SDFile13getModifyTimeER14DateTimeFields
                0x00000000000002ac       0x70 .pio/build/teensy41/src/Config.cpp.o
                0x00000000000002ac                SDFile::getModifyTime(DateTimeFields&)
 .text._ZN6SDFile13getCreateTimeER14DateTimeFields
                0x000000000000031c       0x70 .pio/build/teensy41/src/Config.cpp.o
                0x000000000000031c                SDFile::getCreateTime(DateTimeFields&)
 .text._ZN4File9availableEv
                0x000000000000038c       0x60 .pio/build/teensy41/src/Config.cpp.o
                0x000000000000038c                File::available()
 .text._ZN4File4peekEv
                0x00000000000003ec       0x2c .pio/build/teensy41/src/Config.cpp.o
                0x00000000000003ec                File::peek()
 .text._ZN4File5flushEv
                0x0000000000000418       0x28 .pio/build/teensy41/src/Config.cpp.o
                0x0000000000000418                File::flush()
 .text._ZN4File4readEv
                0x0000000000000440       0x58 .pio/build/teensy41/src/Config.cpp.o
                0x0000000000000440                File::read()
 .text._ZN4File5writeEh
                0x0000000000000498       0x54 .pio/build/teensy41/src/Config.cpp.o
                0x0000000000000498                File::write(unsigned char)
 .text._ZN6SDFile8positionEv
                0x00000000000004ec       0x1c .pio/build/teensy41/src/Config.cpp.o
                0x00000000000004ec                SDFile::position()
 .text._ZN6SDFile4sizeEv
                0x0000000000000508       0x1c .pio/build/teensy41/src/Config.cpp.o
                0x0000000000000508                SDFile::size()
 .text._ZN6SDFile12openNextFileEh
                0x0000000000000524       0xb0 .pio/build/teensy41/src/Config.cpp.o
                0x0000000000000524                SDFile::openNextFile(unsigned char)
 .text._ZN6SDFile4peekEv
                0x00000000000005d4       0x18 .pio/build/teensy41/src/Config.cpp.o
                0x00000000000005d4                SDFile::peek()
 .text._ZN10StreamFileI10FsBaseFileyE4peekEv
                0x00000000000005ec       0x18 .pio/build/teensy41/src/Config.cpp.o
                0x00000000000005ec                StreamFile<FsBaseFile, unsigned long long>::peek()
 .text._ZN6SDFile11isDirectoryEv
                0x0000000000000604       0x28 .pio/build/teensy41/src/Config.cpp.o
                0x0000000000000604                SDFile::isDirectory()
 .text._ZN6SDFile4readEPvj
                0x000000000000062c       0x18 .pio/build/teensy41/src/Config.cpp.o
                0x000000000000062c                SDFile::read(void*, unsigned int)
 .text._ZN10StreamFileI10FsBaseFileyE4readEv
                0x0000000000000644       0x38 .pio/build/teensy41/src/Config.cpp.o
                0x0000000000000644                StreamFile<FsBaseFile, unsigned long long>::read()
 .text._ZN6SDFile5flushEv
                0x000000000000067c       0x14 .pio/build/teensy41/src/Config.cpp.o
                0x000000000000067c                SDFile::flush()
 .text._ZN10StreamFileI10FsBaseFileyE5flushEv
                0x0000000000000690       0x14 .pio/build/teensy41/src/Config.cpp.o
                0x0000000000000690                StreamFile<FsBaseFile, unsigned long long>::flush()
 .text._ZN10StreamFileI10FsBaseFileyE5writeEPKhj
                0x00000000000006a4       0x14 .pio/build/teensy41/src/Config.cpp.o
                0x00000000000006a4                StreamFile<FsBaseFile, unsigned long long>::write(unsigned char const*, unsigned int)
 .text._ZN6SDFile5writeEPKvj
                0x00000000000006b8       0x14 .pio/build/teensy41/src/Config.cpp.o
                0x00000000000006b8                SDFile::write(void const*, unsigned int)
 .text._ZN10StreamFileI10FsBaseFileyE5writeEh
                0x00000000000006cc       0x34 .pio/build/teensy41/src/Config.cpp.o
                0x00000000000006cc                StreamFile<FsBaseFile, unsigned long long>::write(unsigned char)
 .text._ZN6SDFile13setModifyTimeERK14DateTimeFields
                0x0000000000000700       0x54 .pio/build/teensy41/src/Config.cpp.o
                0x0000000000000700                SDFile::setModifyTime(DateTimeFields const&)
 .text._ZN10StreamFileI10FsBaseFileyE9availableEv
                0x0000000000000754       0x4c .pio/build/teensy41/src/Config.cpp.o
                0x0000000000000754                StreamFile<FsBaseFile, unsigned long long>::available()
 .text._ZN6SDFile9availableEv
                0x00000000000007a0       0x4c .pio/build/teensy41/src/Config.cpp.o
                0x00000000000007a0                SDFile::available()
 .text._ZN4File5writeEPKhj
                0x00000000000007ec       0x44 .pio/build/teensy41/src/Config.cpp.o
                0x00000000000007ec                File::write(unsigned char const*, unsigned int)
 .text._ZN6SDFileD2Ev
                0x0000000000000830       0x40 .pio/build/teensy41/src/Config.cpp.o
                0x0000000000000830                SDFile::~SDFile()
                0x0000000000000830                SDFile::~SDFile()
 .text._ZN6SDFileD0Ev
                0x0000000000000870       0x48 .pio/build/teensy41/src/Config.cpp.o
                0x0000000000000870                SDFile::~SDFile()
 .text._ZN6SDFile4seekEyi
                0x00000000000008b8       0x90 .pio/build/teensy41/src/Config.cpp.o
                0x00000000000008b8                SDFile::seek(unsigned long long, int)
 .text._ZN4FileD2Ev
                0x0000000000000948       0xa8 .pio/build/teensy41/src/Config.cpp.o
                0x0000000000000948                File::~File()
                0x0000000000000948                File::~File()
 .text._ZN4FileD0Ev
                0x00000000000009f0       0xb0 .pio/build/teensy41/src/Config.cpp.o
                0x00000000000009f0                File::~File()
 .text._ZN11ArduinoJson8V742PD226detail13StringBuilder4saveEPNS1_11VariantDataE
                0x0000000000000aa0      0x12c .pio/build/teensy41/src/Config.cpp.o
                0x0000000000000aa0                ArduinoJson::V742PD22::detail::StringBuilder::save(ArduinoJson::V742PD22::detail::VariantData*)
 .text._ZN11ArduinoJson8V742PD226detail11VariantData5clearEPNS1_15ResourceManagerE
                0x0000000000000bcc      0x5e4 .pio/build/teensy41/src/Config.cpp.o
                0x0000000000000bcc                ArduinoJson::V742PD22::detail::VariantData::clear(ArduinoJson::V742PD22::detail::ResourceManager*)
 .text._ZN11ArduinoJson8V742PD226detail11parseNumberEPKc
                0x00000000000011b0      0x3b4 .pio/build/teensy41/src/Config.cpp.o
                0x00000000000011b0                ArduinoJson::V742PD22::detail::parseNumber(char const*)
 .text._ZN11ArduinoJson8V742PD226detail14MemoryPoolListINS1_15ResourceManager8SlotDataEE9allocSlotEPNS0_9AllocatorE
                0x0000000000001564      0x1b0 .pio/build/teensy41/src/Config.cpp.o
                0x0000000000001564                ArduinoJson::V742PD22::detail::MemoryPoolList<ArduinoJson::V742PD22::detail::ResourceManager::SlotData>::allocSlot(ArduinoJson::V742PD22::Allocator*)
 .text._ZNK11ArduinoJson8V742PD226detail14VariantRefBaseINS1_11MemberProxyIRNS0_12JsonDocumentENS1_9RamStringEEEE2asIPKcEET_v
                0x0000000000001714       0xf4 .pio/build/teensy41/src/Config.cpp.o
                0x0000000000001714                char const* ArduinoJson::V742PD22::detail::VariantRefBase<ArduinoJson::V742PD22::detail::MemberProxy<ArduinoJson::V742PD22::JsonDocument&, ArduinoJson::V742PD22::detail::RamString> >::as<char const*>() const
 .text._ZN11ArduinoJson8V742PD226detailorERKNS1_11MemberProxyIRNS0_12JsonDocumentENS1_9RamStringEEEPKc
                0x0000000000001808       0xf4 .pio/build/teensy41/src/Config.cpp.o
                0x0000000000001808                ArduinoJson::V742PD22::detail::operator|(ArduinoJson::V742PD22::detail::MemberProxy<ArduinoJson::V742PD22::JsonDocument&, ArduinoJson::V742PD22::detail::RamString> const&, char const*)
 .text._ZNK11ArduinoJson8V742PD226detail14VariantRefBaseINS1_11MemberProxyIRNS0_12JsonDocumentENS1_9RamStringEEEE2asIbEET_v
                0x00000000000018fc      0x1c8 .pio/build/teensy41/src/Config.cpp.o
                0x00000000000018fc                bool ArduinoJson::V742PD22::detail::VariantRefBase<ArduinoJson::V742PD22::detail::MemberProxy<ArduinoJson::V742PD22::JsonDocument&, ArduinoJson::V742PD22::detail::RamString> >::as<bool>() const
 .text._ZN11ArduinoJson8V742PD226detailorIbLi0EEET_RKNS1_11MemberProxyIRNS0_12JsonDocumentENS1_9RamStringEEERKS3_
                0x0000000000001ac4       0xec .pio/build/teensy41/src/Config.cpp.o
                0x0000000000001ac4                bool ArduinoJson::V742PD22::detail::operator|<bool, 0>(ArduinoJson::V742PD22::detail::MemberProxy<ArduinoJson::V742PD22::JsonDocument&, ArduinoJson::V742PD22::detail::RamString> const&, bool const&)
 .text._ZNK11ArduinoJson8V742PD226detail11VariantData10asIntegralIiEET_PKNS1_15ResourceManagerE
                0x0000000000001bb0      0x170 .pio/build/teensy41/src/Config.cpp.o
                0x0000000000001bb0                int ArduinoJson::V742PD22::detail::VariantData::asIntegral<int>(ArduinoJson::V742PD22::detail::ResourceManager const*) const
 .text._ZNK11ArduinoJson8V742PD226detail14VariantRefBaseINS1_11MemberProxyIRNS0_12JsonDocumentENS1_9RamStringEEEE2asIiEET_v
                0x0000000000001d20       0xe0 .pio/build/teensy41/src/Config.cpp.o
                0x0000000000001d20                int ArduinoJson::V742PD22::detail::VariantRefBase<ArduinoJson::V742PD22::detail::MemberProxy<ArduinoJson::V742PD22::JsonDocument&, ArduinoJson::V742PD22::detail::RamString> >::as<int>() const
 .text._ZN11ArduinoJson8V742PD226detailorIiLi0EEET_RKNS1_11MemberProxyIRNS0_12JsonDocumentENS1_9RamStringEEERKS3_
                0x0000000000001e00      0x198 .pio/build/teensy41/src/Config.cpp.o
                0x0000000000001e00                int ArduinoJson::V742PD22::detail::operator|<int, 0>(ArduinoJson::V742PD22::detail::MemberProxy<ArduinoJson::V742PD22::JsonDocument&, ArduinoJson::V742PD22::detail::RamString> const&, int const&)
 .text._ZN11ArduinoJson8V742PD226detail16JsonDeserializerINS1_6ReaderI4FilevEEE21skipSpacesAndCommentsEv
                0x0000000000001f98      0x130 .pio/build/teensy41/src/Config.cpp.o
                0x0000000000001f98                ArduinoJson::V742PD22::detail::JsonDeserializer<ArduinoJson::V742PD22::detail::Reader<File, void> >::skipSpacesAndComments()
 .text._ZN11ArduinoJson8V742PD226detail16JsonDeserializerINS1_6ReaderI4FilevEEE17parseNumericValueERNS1_11VariantDataE
                0x00000000000020c8      0x1cc .pio/build/teensy41/src/Config.cpp.o
                0x00000000000020c8                ArduinoJson::V742PD22::detail::JsonDeserializer<ArduinoJson::V742PD22::detail::Reader<File, void> >::parseNumericValue(ArduinoJson::V742PD22::detail::VariantData&)
 .text._ZN11ArduinoJson8V742PD226detail16JsonDeserializerINS1_6ReaderI4FilevEEE17parseQuotedStringEv
                0x0000000000002294      0x38c .pio/build/teensy41/src/Config.cpp.o
                0x0000000000002294                ArduinoJson::V742PD22::detail::JsonDeserializer<ArduinoJson::V742PD22::detail::Reader<File, void> >::parseQuotedString()
 .text._ZN11ArduinoJson8V742PD226detail16JsonDeserializerINS1_6ReaderI4FilevEEE12parseVariantINS1_14AllowAllFilterEEENS0_20DeserializationError4CodeERNS1_11VariantDataET_NS0_21DeserializationOption12NestingLimitE.isra.0
                0x0000000000002620      0x748 .pio/build/teensy41/src/Config.cpp.o
 .text._Z14readConfigFilev
                0x0000000000002d68      0x8b8 .pio/build/teensy41/src/Config.cpp.o
                0x0000000000002d68                readConfigFile()
 .text.startup._GLOBAL__sub_I__Z14readConfigFilev
                0x0000000000003620       0x48 .pio/build/teensy41/src/Config.cpp.o
 .text._Z6isrPPSv
                0x0000000000003668        0xc .pio/build/teensy41/src/GPShelper.cpp.o
                0x0000000000003668                isrPPS()
 .text._ZN9GPShelper6hasFixEv
                0x0000000000003674        0xc .pio/build/teensy41/src/GPShelper.cpp.o
                0x0000000000003674                GPShelper::hasFix()
 .text._ZN9GPShelperC2Ej
                0x0000000000003680       0x70 .pio/build/teensy41/src/GPShelper.cpp.o
                0x0000000000003680                GPShelper::GPShelper(unsigned int)
                0x0000000000003680                GPShelper::GPShelper(unsigned int)
 .text._ZN9GPShelper13obtainGPSDataEjPFvjE
                0x00000000000036f0      0x18c .pio/build/teensy41/src/GPShelper.cpp.o
                0x00000000000036f0                GPShelper::obtainGPSData(unsigned int, void (*)(unsigned int))
 .text.startup._GLOBAL__sub_I__Z6isrPPSv
                0x000000000000387c       0x2c .pio/build/teensy41/src/GPShelper.cpp.o
 .text._ZL11gpsCallbackj
                0x00000000000038a8        0x4 .pio/build/teensy41/src/PocketFT8XcvrFW.cpp.o
 .text._ZN7StationD2Ev
                0x00000000000038ac       0x2c .pio/build/teensy41/src/PocketFT8XcvrFW.cpp.o
                0x00000000000038ac                Station::~Station()
                0x00000000000038ac                Station::~Station()
 .text._ZN9SequencerD2Ev
                0x00000000000038d8       0x18 .pio/build/teensy41/src/PocketFT8XcvrFW.cpp.o
                0x00000000000038d8                Sequencer::~Sequencer()
                0x00000000000038d8                Sequencer::~Sequencer()
 .text._Z14getTeensy3Timev
                0x00000000000038f0        0xc .pio/build/teensy41/src/PocketFT8XcvrFW.cpp.o
                0x00000000000038f0                getTeensy3Time()
 .text._Z12process_datav
                0x00000000000038fc       0x80 .pio/build/teensy41/src/PocketFT8XcvrFW.cpp.o
                0x00000000000038fc                process_data()
 .text._Z22update_synchronizationv
                0x000000000000397c       0x80 .pio/build/teensy41/src/PocketFT8XcvrFW.cpp.o
                0x000000000000397c                update_synchronization()
 .text._Z18waitForFT8timeslotv
                0x00000000000039fc       0xc0 .pio/build/teensy41/src/PocketFT8XcvrFW.cpp.o
                0x00000000000039fc                waitForFT8timeslot()
 .text.startup._GLOBAL__sub_I_si4735
                0x0000000000003abc      0x1dc .pio/build/teensy41/src/PocketFT8XcvrFW.cpp.o
 .text._Z8init_DSPv
                0x0000000000003c98       0x9c .pio/build/teensy41/src/Process_DSP.cpp.o
                0x0000000000003c98                init_DSP()
 *fill*         0x0000000000003d34        0x4 
 .text._Z13extract_poweri
                0x0000000000003d38      0x154 .pio/build/teensy41/src/Process_DSP.cpp.o
                0x0000000000003d38                extract_power(int)
 .text._Z23update_offset_waterfalli
                0x0000000000003e8c       0xc8 .pio/build/teensy41/src/Process_DSP.cpp.o
                0x0000000000003e8c                update_offset_waterfall(int)
 .text._Z15process_FT8_FFTv
                0x0000000000003f54       0x50 .pio/build/teensy41/src/Process_DSP.cpp.o
                0x0000000000003f54                process_FT8_FFT()
 .text.startup._GLOBAL__sub_I_window_dsp_buffer
                0x0000000000003fa4       0x48 .pio/build/teensy41/src/Process_DSP.cpp.o
 .text._ZN9Sequencer5beginEjPKc
                0x0000000000003fec       0x70 .pio/build/teensy41/src/Sequencer.cpp.o
                0x0000000000003fec                Sequencer::begin(unsigned int, char const*)
 .text._ZN9Sequencer10cqMsgEventEP6Decode
                0x000000000000405c      0x174 .pio/build/teensy41/src/Sequencer.cpp.o
                0x000000000000405c                Sequencer::cqMsgEvent(Decode*)
 .text._ZN9Sequencer15tuneButtonEventEv
                0x00000000000041d0       0x60 .pio/build/teensy41/src/Sequencer.cpp.o
                0x00000000000041d0                Sequencer::tuneButtonEvent()
 .text._ZN9Sequencer14msgButtonEventEPc
                0x0000000000004230       0x38 .pio/build/teensy41/src/Sequencer.cpp.o
                0x0000000000004230                Sequencer::msgButtonEvent(char*)
 .text._ZN9Sequencer13cqButtonEventEv
                0x0000000000004268       0x7c .pio/build/teensy41/src/Sequencer.cpp.o
                0x0000000000004268                Sequencer::cqButtonEvent()
 .text._ZN9Sequencer24clickDecodedMessageEventEP6Decode
                0x00000000000042e4       0xa4 .pio/build/teensy41/src/Sequencer.cpp.o
                0x00000000000042e4                Sequencer::clickDecodedMessageEvent(Decode*)
 .text._ZN9Sequencer24clickDecodedMessageEventEj
                0x0000000000004388       0x1c .pio/build/teensy41/src/Sequencer.cpp.o
                0x0000000000004388                Sequencer::clickDecodedMessageEvent(unsigned int)
 .text._ZN9Sequencer8rslEventEP6Decode
                0x00000000000043a4       0xd4 .pio/build/teensy41/src/Sequencer.cpp.o
                0x00000000000043a4                Sequencer::rslEvent(Decode*)
 .text._ZN9Sequencer12locatorEventEP6Decode
                0x0000000000004478       0x90 .pio/build/teensy41/src/Sequencer.cpp.o
                0x0000000000004478                Sequencer::locatorEvent(Decode*)
 .text._ZN9Sequencer8pendXmitEj18SequencerStateType
                0x0000000000004508       0xa0 .pio/build/teensy41/src/Sequencer.cpp.o
                0x0000000000004508                Sequencer::pendXmit(unsigned int, SequencerStateType)
 .text._ZN9Sequencer17getSequenceNumberEv
                0x00000000000045a8        0x8 .pio/build/teensy41/src/Sequencer.cpp.o
                0x00000000000045a8                Sequencer::getSequenceNumber()
 .text._ZN9Sequencer6endQSOEv
                0x00000000000045b0      0x120 .pio/build/teensy41/src/Sequencer.cpp.o
                0x00000000000045b0                Sequencer::endQSO()
 .text._ZN9Sequencer13timeslotEventEv
                0x00000000000046d0      0x110 .pio/build/teensy41/src/Sequencer.cpp.o
                0x00000000000046d0                Sequencer::timeslotEvent()
 .text._ZN9Sequencer13eotReplyEventEP6Decode
                0x00000000000047e0       0x50 .pio/build/teensy41/src/Sequencer.cpp.o
                0x00000000000047e0                Sequencer::eotReplyEvent(Decode*)
 .text._ZN9Sequencer16receivedMsgEventEP6Decode
                0x0000000000004830      0x1dc .pio/build/teensy41/src/Sequencer.cpp.o
                0x0000000000004830                Sequencer::receivedMsgEvent(Decode*)
 .text._Z16setAutoReplyToCQb
                0x0000000000004a0c       0x18 .pio/build/teensy41/src/Sequencer.cpp.o
                0x0000000000004a0c                setAutoReplyToCQ(bool)
 .text._ZN9Sequencer28highlightAbortedTransmissionEv
                0x0000000000004a24       0x48 .pio/build/teensy41/src/Sequencer.cpp.o
                0x0000000000004a24                Sequencer::highlightAbortedTransmission()
 .text._ZN9Sequencer12onTimerEventEP5Timer
                0x0000000000004a6c       0xc8 .pio/build/teensy41/src/Sequencer.cpp.o
                0x0000000000004a6c                Sequencer::onTimerEvent(Timer*)
 .text._ZN9Sequencer16abortButtonEventEv
                0x0000000000004b34       0x2c .pio/build/teensy41/src/Sequencer.cpp.o
                0x0000000000004b34                Sequencer::abortButtonEvent()
 .text.startup._GLOBAL__sub_I__ZN9Sequencer5beginEjPKc
                0x0000000000004b60       0x48 .pio/build/teensy41/src/Sequencer.cpp.o
 .text._Z16set_startup_freqv
                0x0000000000004ba8       0x28 .pio/build/teensy41/src/Waterfall.cpp.o
                0x0000000000004ba8                set_startup_freq()
 .text._Z24terminate_transmit_armedv
                0x0000000000004bd0       0x10 .pio/build/teensy41/src/button.cpp.o
                0x0000000000004bd0                terminate_transmit_armed()
 .text.startup._GLOBAL__sub_I_draw_x
                0x0000000000004be0       0x98 .pio/build/teensy41/src/button.cpp.o
 .text._Z16display_messagesi
                0x0000000000004c78       0xf0 .pio/build/teensy41/src/decode_ft8.cpp.o
                0x0000000000004c78                display_messages(int)
 .text._Z16validate_locatorPc
                0x0000000000004d68       0x2c .pio/build/teensy41/src/decode_ft8.cpp.o
                0x0000000000004d68                validate_locator(char*)
 .text._Z10ft8_decodev
                0x0000000000004d94      0x390 .pio/build/teensy41/src/decode_ft8.cpp.o
                0x0000000000004d94                ft8_decode()
 .text._Z8strindexPKcS0_
                0x0000000000005124       0x4c .pio/build/teensy41/src/decode_ft8.cpp.o
                0x0000000000005124                strindex(char const*, char const*)
 .text._Z22Check_Calling_Stationsi
                0x0000000000005170       0xcc .pio/build/teensy41/src/decode_ft8.cpp.o
                0x0000000000005170                Check_Calling_Stations(int)
 .text.startup._GLOBAL__sub_I_erase
                0x000000000000523c       0xcc .pio/build/teensy41/src/decode_ft8.cpp.o
 .text._Z13setXmitParamsPci
                0x0000000000005308       0x20 .pio/build/teensy41/src/gen_ft8.cpp.o
                0x0000000000005308                setXmitParams(char*, int)
 .text._Z11get_messagev
                0x0000000000005328        0x8 .pio/build/teensy41/src/gen_ft8.cpp.o
                0x0000000000005328                get_message()
 .text._Z11set_messaget
                0x0000000000005330      0x1e0 .pio/build/teensy41/src/gen_ft8.cpp.o
                0x0000000000005330                set_message(unsigned short)
 .text._Z11set_messagePc
                0x0000000000005510       0xc4 .pio/build/teensy41/src/gen_ft8.cpp.o
                0x0000000000005510                set_message(char*)
 .text._Z24clearOutboundMessageTextv
                0x00000000000055d4        0xc .pio/build/teensy41/src/gen_ft8.cpp.o
                0x00000000000055d4                clearOutboundMessageText()
 .text._Z27clearOutboundMessageDisplayv
                0x00000000000055e0        0xc .pio/build/teensy41/src/gen_ft8.cpp.o
                0x00000000000055e0                clearOutboundMessageDisplay()
 .text.startup._GLOBAL__sub_I_Your_Call
                0x00000000000055ec       0x48 .pio/build/teensy41/src/gen_ft8.cpp.o
 .text._Z17transmit_sequencev
                0x0000000000005634       0x94 .pio/build/teensy41/src/traffic_manager.cpp.o
                0x0000000000005634                transmit_sequence()
 .text._Z16receive_sequencev
                0x00000000000056c8       0x68 .pio/build/teensy41/src/traffic_manager.cpp.o
                0x00000000000056c8                receive_sequence()
 .text._Z16tune_On_sequencev
                0x0000000000005730       0x80 .pio/build/teensy41/src/traffic_manager.cpp.o
                0x0000000000005730                tune_On_sequence()
 .text._Z17tune_Off_sequencev
                0x00000000000057b0       0x68 .pio/build/teensy41/src/traffic_manager.cpp.o
                0x00000000000057b0                tune_Off_sequence()
 .text._Z13set_Xmit_Freqv
                0x0000000000005818       0x3c .pio/build/teensy41/src/traffic_manager.cpp.o
                0x0000000000005818                set_Xmit_Freq()
 .text._Z12set_FT8_Toneh
                0x0000000000005854       0x54 .pio/build/teensy41/src/traffic_manager.cpp.o
                0x0000000000005854                set_FT8_Tone(unsigned char)
 .text._Z34setup_to_transmit_on_next_DSP_Flagv
                0x00000000000058a8       0x1c .pio/build/teensy41/src/traffic_manager.cpp.o
                0x00000000000058a8                setup_to_transmit_on_next_DSP_Flag()
 .text.startup._GLOBAL__sub_I_F_Long
                0x00000000000058c4       0x48 .pio/build/teensy41/src/traffic_manager.cpp.o
 .text._ZN7TwoWire4readEv
                0x000000000000590c       0x20 .pio/build/teensy41/lib6d5/libAdafruit GPS Library.a(Adafruit_GPS.cpp.o)
                0x000000000000590c                TwoWire::read()
 .text._ZN12Adafruit_GPSD2Ev
                0x000000000000592c       0x20 .pio/build/teensy41/lib6d5/libAdafruit GPS Library.a(Adafruit_GPS.cpp.o)
                0x000000000000592c                Adafruit_GPS::~Adafruit_GPS()
                0x000000000000592c                Adafruit_GPS::~Adafruit_GPS()
 .text._ZN12Adafruit_GPSD0Ev
                0x000000000000594c       0x2c .pio/build/teensy41/lib6d5/libAdafruit GPS Library.a(Adafruit_GPS.cpp.o)
                0x000000000000594c                Adafruit_GPS::~Adafruit_GPS()
 .text._ZN8SPIClass16beginTransactionE11SPISettings
                0x0000000000005978      0x110 .pio/build/teensy41/lib6d5/libAdafruit GPS Library.a(Adafruit_GPS.cpp.o)
                0x0000000000005978                SPIClass::beginTransaction(SPISettings)
 .text._ZN12Adafruit_GPS5writeEh
                0x0000000000005a88       0xf4 .pio/build/teensy41/lib6d5/libAdafruit GPS Library.a(Adafruit_GPS.cpp.o)
                0x0000000000005a88                Adafruit_GPS::write(unsigned char)
 .text._ZN12Adafruit_GPS5beginEm
                0x0000000000005b7c       0x98 .pio/build/teensy41/lib6d5/libAdafruit GPS Library.a(Adafruit_GPS.cpp.o)
                0x0000000000005b7c                Adafruit_GPS::begin(unsigned long)
 .text._ZN12Adafruit_GPS11common_initEv
                0x0000000000005c14       0x64 .pio/build/teensy41/lib6d5/libAdafruit GPS Library.a(Adafruit_GPS.cpp.o)
                0x0000000000005c14                Adafruit_GPS::common_init()
 .text._ZN12Adafruit_GPSC2EP14HardwareSerial
                0x0000000000005c78      0x294 .pio/build/teensy41/lib6d5/libAdafruit GPS Library.a(Adafruit_GPS.cpp.o)
                0x0000000000005c78                Adafruit_GPS::Adafruit_GPS(HardwareSerial*)
                0x0000000000005c78                Adafruit_GPS::Adafruit_GPS(HardwareSerial*)
 .text._ZN12Adafruit_GPS4readEv
                0x0000000000005f0c      0x28c .pio/build/teensy41/lib6d5/libAdafruit GPS Library.a(Adafruit_GPS.cpp.o)
                0x0000000000005f0c                Adafruit_GPS::read()
 .text._ZN12Adafruit_GPS11sendCommandEPKc
                0x0000000000006198       0x24 .pio/build/teensy41/lib6d5/libAdafruit GPS Library.a(Adafruit_GPS.cpp.o)
                0x0000000000006198                Adafruit_GPS::sendCommand(char const*)
 .text._ZN12Adafruit_GPS15newNMEAreceivedEv
                0x00000000000061bc        0x8 .pio/build/teensy41/lib6d5/libAdafruit GPS Library.a(Adafruit_GPS.cpp.o)
                0x00000000000061bc                Adafruit_GPS::newNMEAreceived()
 .text._ZN12Adafruit_GPS8lastNMEAEv
                0x00000000000061c4        0xc .pio/build/teensy41/lib6d5/libAdafruit GPS Library.a(Adafruit_GPS.cpp.o)
                0x00000000000061c4                Adafruit_GPS::lastNMEA()
 .text._ZN12Adafruit_GPS16secondsSinceTimeEv
                0x00000000000061d0       0x2c .pio/build/teensy41/lib6d5/libAdafruit GPS Library.a(Adafruit_GPS.cpp.o)
                0x00000000000061d0                Adafruit_GPS::secondsSinceTime()
 .text._ZN12Adafruit_GPS13initDataValueE12nmea_index_tPcS1_S1_m17nmea_value_type_t
                0x00000000000061fc       0x74 .pio/build/teensy41/lib6d5/libAdafruit GPS Library.a(NMEA_data.cpp.o)
                0x00000000000061fc                Adafruit_GPS::initDataValue(nmea_index_t, char*, char*, char*, unsigned long, nmea_value_type_t)
 .text._ZN12Adafruit_GPS9data_initEv
                0x0000000000006270      0x480 .pio/build/teensy41/lib6d5/libAdafruit GPS Library.a(NMEA_data.cpp.o)
                0x0000000000006270                Adafruit_GPS::data_init()
 .text._ZN12Adafruit_GPS13removeHistoryE12nmea_index_t
                0x00000000000066f0       0x28 .pio/build/teensy41/lib6d5/libAdafruit GPS Library.a(NMEA_data.cpp.o)
                0x00000000000066f0                Adafruit_GPS::removeHistory(nmea_index_t)
 .text._ZN12Adafruit_GPS9boatAngleEff
                0x0000000000006718       0xf4 .pio/build/teensy41/lib6d5/libAdafruit GPS Library.a(NMEA_data.cpp.o)
                0x0000000000006718                Adafruit_GPS::boatAngle(float, float)
 .text._ZN12Adafruit_GPS12newDataValueE12nmea_index_tf
                0x000000000000680c      0x1dc .pio/build/teensy41/lib6d5/libAdafruit GPS Library.a(NMEA_data.cpp.o)
                0x000000000000680c                Adafruit_GPS::newDataValue(nmea_index_t, float)
 .text._ZN12Adafruit_GPS10parseCoordEPcPfS1_PlS0_.part.0
                0x00000000000069e8      0x17c .pio/build/teensy41/lib6d5/libAdafruit GPS Library.a(NMEA_parse.cpp.o)
 .text._ZN12Adafruit_GPS11tokenOnListEPcPPKc
                0x0000000000006b64       0x40 .pio/build/teensy41/lib6d5/libAdafruit GPS Library.a(NMEA_parse.cpp.o)
                0x0000000000006b64                Adafruit_GPS::tokenOnList(char*, char const**)
 .text._ZN12Adafruit_GPS10parseCoordEPcPfS1_PlS0_
                0x0000000000006ba4       0x38 .pio/build/teensy41/lib6d5/libAdafruit GPS Library.a(NMEA_parse.cpp.o)
                0x0000000000006ba4                Adafruit_GPS::parseCoord(char*, float*, float*, long*, char*)
 .text._ZN12Adafruit_GPS8parseStrEPcS0_i
                0x0000000000006bdc       0x78 .pio/build/teensy41/lib6d5/libAdafruit GPS Library.a(NMEA_parse.cpp.o)
                0x0000000000006bdc                Adafruit_GPS::parseStr(char*, char*, int)
 .text._ZN12Adafruit_GPS5checkEPc.part.0.constprop.0
                0x0000000000006c54      0x114 .pio/build/teensy41/lib6d5/libAdafruit GPS Library.a(NMEA_parse.cpp.o)
 .text._ZN12Adafruit_GPS9parseTimeEPc
                0x0000000000006d68       0xb8 .pio/build/teensy41/lib6d5/libAdafruit GPS Library.a(NMEA_parse.cpp.o)
                0x0000000000006d68                Adafruit_GPS::parseTime(char*)
 .text._ZN12Adafruit_GPS5parseEPc
                0x0000000000006e20     0x118c .pio/build/teensy41/lib6d5/libAdafruit GPS Library.a(NMEA_parse.cpp.o)
                0x0000000000006e20                Adafruit_GPS::parse(char*)
 .text._ZN6SI4735C2Ev
                0x0000000000007fac       0x48 .pio/build/teensy41/libaeb/libPU2CLR SI4735.a(SI4735.cpp.o)
                0x0000000000007fac                SI4735::SI4735()
                0x0000000000007fac                SI4735::SI4735()
 .text._ZN6SI47355resetEv
                0x0000000000007ff4       0x38 .pio/build/teensy41/libaeb/libPU2CLR SI4735.a(SI4735.cpp.o)
                0x0000000000007ff4                SI4735::reset()
 .text._ZN6SI473519getDeviceI2CAddressEh
                0x000000000000802c       0x64 .pio/build/teensy41/libaeb/libPU2CLR SI4735.a(SI4735.cpp.o)
                0x000000000000802c                SI4735::getDeviceI2CAddress(unsigned char)
 .text._ZN6SI473510waitToSendEv
                0x0000000000008090       0x6c .pio/build/teensy41/libaeb/libPU2CLR SI4735.a(SI4735.cpp.o)
                0x0000000000008090                SI4735::waitToSend()
 .text._ZN6SI47359powerDownEv
                0x00000000000080fc       0x94 .pio/build/teensy41/libaeb/libPU2CLR SI4735.a(SI4735.cpp.o)
                0x00000000000080fc                SI4735::powerDown()
 .text._ZN6SI473514queryLibraryIdEv
                0x0000000000008190       0xdc .pio/build/teensy41/libaeb/libPU2CLR SI4735.a(SI4735.cpp.o)
                0x0000000000008190                SI4735::queryLibraryId()
 .text._ZN6SI473512patchPowerUpEv
                0x000000000000826c       0x50 .pio/build/teensy41/libaeb/libPU2CLR SI4735.a(SI4735.cpp.o)
                0x000000000000826c                SI4735::patchPowerUp()
 .text._ZN6SI473512setFrequencyEt
                0x00000000000082bc       0xa8 .pio/build/teensy41/libaeb/libPU2CLR SI4735.a(SI4735.cpp.o)
                0x00000000000082bc                SI4735::setFrequency(unsigned short)
 .text._ZN6SI473532setTuneFrequencyAntennaCapacitorEt
                0x0000000000008364       0x4c .pio/build/teensy41/libaeb/libPU2CLR SI4735.a(SI4735.cpp.o)
                0x0000000000008364                SI4735::setTuneFrequencyAntennaCapacitor(unsigned short)
 .text._ZN6SI473512sendPropertyEtt
                0x00000000000083b0       0x8c .pio/build/teensy41/libaeb/libPU2CLR SI4735.a(SI4735.cpp.o)
                0x00000000000083b0                SI4735::sendProperty(unsigned short, unsigned short)
 .text._ZN6SI47359setVolumeEh
                0x000000000000843c       0x18 .pio/build/teensy41/libaeb/libPU2CLR SI4735.a(SI4735.cpp.o)
                0x000000000000843c                SI4735::setVolume(unsigned char)
 .text._ZN6SI473512radioPowerUpEv
                0x0000000000008454       0xcc .pio/build/teensy41/libaeb/libPU2CLR SI4735.a(SI4735.cpp.o)
                0x0000000000008454                SI4735::radioPowerUp()
 .text._ZN6SI47356setSSBEtttth
                0x0000000000008520       0xa0 .pio/build/teensy41/libaeb/libPU2CLR SI4735.a(SI4735.cpp.o)
                0x0000000000008520                SI4735::setSSB(unsigned short, unsigned short, unsigned short, unsigned short, unsigned char)
 .text._ZN6SI473519sendSSBModePropertyEv
                0x00000000000085c0       0x8c .pio/build/teensy41/libaeb/libPU2CLR SI4735.a(SI4735.cpp.o)
                0x00000000000085c0                SI4735::sendSSBModeProperty()
 .text._ZN6SI473512setSSBConfigEhhhhhh
                0x000000000000864c       0x4c .pio/build/teensy41/libaeb/libPU2CLR SI4735.a(SI4735.cpp.o)
                0x000000000000864c                SI4735::setSSBConfig(unsigned char, unsigned char, unsigned char, unsigned char, unsigned char, unsigned char)
 .text._ZN6SI473513downloadPatchEPKht
                0x0000000000008698       0xb8 .pio/build/teensy41/libaeb/libPU2CLR SI4735.a(SI4735.cpp.o)
                0x0000000000008698                SI4735::downloadPatch(unsigned char const*, unsigned short)
 .text._ZN9ExFatFile8dirCacheEhh
                0x0000000000008750       0x3c .pio/build/teensy41/lib8e9/libSdFat.a(ExFatFile.cpp.o)
                0x0000000000008750                ExFatFile::dirCache(unsigned char, unsigned char)
 .text._ZN9ExFatFile5closeEv
                0x000000000000878c       0x14 .pio/build/teensy41/lib8e9/libSdFat.a(ExFatFile.cpp.o)
                0x000000000000878c                ExFatFile::close()
 .text._ZN9ExFatFile17getCreateDateTimeEPtS0_
                0x00000000000087a0       0x24 .pio/build/teensy41/lib8e9/libSdFat.a(ExFatFile.cpp.o)
                0x00000000000087a0                ExFatFile::getCreateDateTime(unsigned short*, unsigned short*)
 .text._ZN9ExFatFile17getModifyDateTimeEPtS0_
                0x00000000000087c4       0x24 .pio/build/teensy41/lib8e9/libSdFat.a(ExFatFile.cpp.o)
                0x00000000000087c4                ExFatFile::getModifyDateTime(unsigned short*, unsigned short*)
 .text._ZN9ExFatFile8openRootEP11ExFatVolume
                0x00000000000087e8       0x28 .pio/build/teensy41/lib8e9/libSdFat.a(ExFatFile.cpp.o)
                0x00000000000087e8                ExFatFile::openRoot(ExFatVolume*)
 .text._ZN9ExFatFile13parsePathNameEPKcP8ExName_tPS1_
                0x0000000000008810       0x9c .pio/build/teensy41/lib8e9/libSdFat.a(ExFatFile.cpp.o)
                0x0000000000008810                ExFatFile::parsePathName(char const*, ExName_t*, char const**)
 .text._ZN9ExFatFile4readEPvj
                0x00000000000088ac      0x1a0 .pio/build/teensy41/lib8e9/libSdFat.a(ExFatFile.cpp.o)
                0x00000000000088ac                ExFatFile::read(void*, unsigned int)
 .text._ZN9ExFatFile4peekEv
                0x0000000000008a4c       0x2c .pio/build/teensy41/lib8e9/libSdFat.a(ExFatFile.cpp.o)
                0x0000000000008a4c                ExFatFile::peek()
 .text._ZN9ExFatFile7seekSetEy
                0x0000000000008a78       0xec .pio/build/teensy41/lib8e9/libSdFat.a(ExFatFile.cpp.o)
                0x0000000000008a78                ExFatFile::seekSet(unsigned long long)
 .text._ZN9ExFatFile11openPrivateEPS_P8ExName_ti
                0x0000000000008b64      0x398 .pio/build/teensy41/lib8e9/libSdFat.a(ExFatFile.cpp.o)
                0x0000000000008b64                ExFatFile::openPrivate(ExFatFile*, ExName_t*, int)
 .text._ZN9ExFatFile4openEPS_PKci
                0x0000000000008efc       0xf8 .pio/build/teensy41/lib8e9/libSdFat.a(ExFatFile.cpp.o)
                0x0000000000008efc                ExFatFile::open(ExFatFile*, char const*, int)
 .text._ZN9ExFatFile4openEP11ExFatVolumePKci
                0x0000000000008ff4       0x10 .pio/build/teensy41/lib8e9/libSdFat.a(ExFatFile.cpp.o)
                0x0000000000008ff4                ExFatFile::open(ExFatVolume*, char const*, int)
 .text._ZN9ExFatFile8openNextEPS_i
                0x0000000000009004       0x24 .pio/build/teensy41/lib8e9/libSdFat.a(ExFatFile.cpp.o)
                0x0000000000009004                ExFatFile::openNext(ExFatFile*, int)
 .text._ZN9ExFatFile10addClusterEv
                0x0000000000009028       0x94 .pio/build/teensy41/lib8e9/libSdFat.a(ExFatFileWrite.cpp.o)
                0x0000000000009028                ExFatFile::addCluster()
 .text._ZN9ExFatFile6removeEv
                0x00000000000090bc       0xb4 .pio/build/teensy41/lib8e9/libSdFat.a(ExFatFileWrite.cpp.o)
                0x00000000000090bc                ExFatFile::remove()
 .text._ZN9ExFatFile5rmdirEv
                0x0000000000009170       0x60 .pio/build/teensy41/lib8e9/libSdFat.a(ExFatFileWrite.cpp.o)
                0x0000000000009170                ExFatFile::rmdir()
 .text._ZN9ExFatFile7syncDirEv
                0x00000000000091d0      0x138 .pio/build/teensy41/lib8e9/libSdFat.a(ExFatFileWrite.cpp.o)
                0x00000000000091d0                ExFatFile::syncDir()
 .text._ZN9ExFatFile4syncEv
                0x0000000000009308       0x60 .pio/build/teensy41/lib8e9/libSdFat.a(ExFatFileWrite.cpp.o)
                0x0000000000009308                ExFatFile::sync()
 .text._ZN9ExFatFile13addDirClusterEv
                0x0000000000009368       0xb0 .pio/build/teensy41/lib8e9/libSdFat.a(ExFatFileWrite.cpp.o)
                0x0000000000009368                ExFatFile::addDirCluster()
 .text._ZN9ExFatFile6renameEPS_PKc
                0x0000000000009418       0xa4 .pio/build/teensy41/lib8e9/libSdFat.a(ExFatFileWrite.cpp.o)
                0x0000000000009418                ExFatFile::rename(ExFatFile*, char const*)
 .text._ZN9ExFatFile5mkdirEPS_P8ExName_t
                0x00000000000094bc       0x60 .pio/build/teensy41/lib8e9/libSdFat.a(ExFatFileWrite.cpp.o)
                0x00000000000094bc                ExFatFile::mkdir(ExFatFile*, ExName_t*)
 .text._ZN9ExFatFile5mkdirEPS_PKcb
                0x000000000000951c       0xd8 .pio/build/teensy41/lib8e9/libSdFat.a(ExFatFileWrite.cpp.o)
                0x000000000000951c                ExFatFile::mkdir(ExFatFile*, char const*, bool)
 .text._ZN9ExFatFile9timestampEhthhhhh
                0x00000000000095f4      0x178 .pio/build/teensy41/lib8e9/libSdFat.a(ExFatFileWrite.cpp.o)
                0x00000000000095f4                ExFatFile::timestamp(unsigned char, unsigned short, unsigned char, unsigned char, unsigned char, unsigned char, unsigned char)
 .text._ZN9ExFatFile8truncateEv
                0x000000000000976c       0xe4 .pio/build/teensy41/lib8e9/libSdFat.a(ExFatFileWrite.cpp.o)
                0x000000000000976c                ExFatFile::truncate()
 .text._ZN9ExFatFile5writeEPKvj
                0x0000000000009850      0x280 .pio/build/teensy41/lib8e9/libSdFat.a(ExFatFileWrite.cpp.o)
                0x0000000000009850                ExFatFile::write(void const*, unsigned int)
 .text._ZN9ExFatFile7cmpNameEPK9DirName_tP8ExName_t
                0x0000000000009ad0       0x4c .pio/build/teensy41/lib8e9/libSdFat.a(ExFatName.cpp.o)
                0x0000000000009ad0                ExFatFile::cmpName(DirName_t const*, ExName_t*)
 .text._ZN9ExFatFile8getName8EPcj
                0x0000000000009b1c       0xcc .pio/build/teensy41/lib8e9/libSdFat.a(ExFatName.cpp.o)
                0x0000000000009b1c                ExFatFile::getName8(char*, unsigned int)
 .text._ZN9ExFatFile8hashNameEP8ExName_t
                0x0000000000009be8       0x6c .pio/build/teensy41/lib8e9/libSdFat.a(ExFatName.cpp.o)
                0x0000000000009be8                ExFatFile::hashName(ExName_t*)
 .text._ZN14ExFatPartition10bitmapFindEmm
                0x0000000000009c54       0xc0 .pio/build/teensy41/lib8e9/libSdFat.a(ExFatPartition.cpp.o)
                0x0000000000009c54                ExFatPartition::bitmapFind(unsigned long, unsigned long)
 .text._ZN14ExFatPartition12bitmapModifyEmmb
                0x0000000000009d14       0xac .pio/build/teensy41/lib8e9/libSdFat.a(ExFatPartition.cpp.o)
                0x0000000000009d14                ExFatPartition::bitmapModify(unsigned long, unsigned long, bool)
 .text._ZN14ExFatPartition9chainSizeEm
                0x0000000000009dc0       0x4c .pio/build/teensy41/lib8e9/libSdFat.a(ExFatPartition.cpp.o)
                0x0000000000009dc0                ExFatPartition::chainSize(unsigned long)
 .text._ZN14ExFatPartition8dirCacheEP8DirPos_th
                0x0000000000009e0c       0x38 .pio/build/teensy41/lib8e9/libSdFat.a(ExFatPartition.cpp.o)
                0x0000000000009e0c                ExFatPartition::dirCache(DirPos_t*, unsigned char)
 .text._ZN14ExFatPartition7dirSeekEP8DirPos_tm
                0x0000000000009e44       0x84 .pio/build/teensy41/lib8e9/libSdFat.a(ExFatPartition.cpp.o)
                0x0000000000009e44                ExFatPartition::dirSeek(DirPos_t*, unsigned long)
 .text._ZN14ExFatPartition6fatGetEmPm
                0x0000000000009ec8       0x44 .pio/build/teensy41/lib8e9/libSdFat.a(ExFatPartition.cpp.o)
                0x0000000000009ec8                ExFatPartition::fatGet(unsigned long, unsigned long*)
 .text._ZN14ExFatPartition6fatPutEmm
                0x0000000000009f0c       0x40 .pio/build/teensy41/lib8e9/libSdFat.a(ExFatPartition.cpp.o)
                0x0000000000009f0c                ExFatPartition::fatPut(unsigned long, unsigned long)
 .text._ZN14ExFatPartition9freeChainEm
                0x0000000000009f4c       0xc0 .pio/build/teensy41/lib8e9/libSdFat.a(ExFatPartition.cpp.o)
                0x0000000000009f4c                ExFatPartition::freeChain(unsigned long)
 .text._ZN14ExFatPartition16freeClusterCountEv
                0x000000000000a00c       0x6c .pio/build/teensy41/lib8e9/libSdFat.a(ExFatPartition.cpp.o)
                0x000000000000a00c                ExFatPartition::freeClusterCount()
 .text._ZN14ExFatPartition4initEP22FsBlockDeviceInterfaceh
                0x000000000000a078       0xe0 .pio/build/teensy41/lib8e9/libSdFat.a(ExFatPartition.cpp.o)
                0x000000000000a078                ExFatPartition::init(FsBlockDeviceInterface*, unsigned char)
 .text._ZN14ExFatPartition10rootLengthEv
                0x000000000000a158       0x18 .pio/build/teensy41/lib8e9/libSdFat.a(ExFatPartition.cpp.o)
                0x000000000000a158                ExFatPartition::rootLength()
 .text._ZN7FatFile4syncEv.part.0
                0x000000000000a170       0xb4 .pio/build/teensy41/lib8e9/libSdFat.a(FatFile.cpp.o)
 .text._ZN7FatFile10addClusterEv
                0x000000000000a224       0x34 .pio/build/teensy41/lib8e9/libSdFat.a(FatFile.cpp.o)
                0x000000000000a224                FatFile::addCluster()
 .text._ZN7FatFile13addDirClusterEv
                0x000000000000a258       0x78 .pio/build/teensy41/lib8e9/libSdFat.a(FatFile.cpp.o)
                0x000000000000a258                FatFile::addDirCluster()
 .text._ZN7FatFile13cacheDirEntryEh
                0x000000000000a2d0       0x20 .pio/build/teensy41/lib8e9/libSdFat.a(FatFile.cpp.o)
                0x000000000000a2d0                FatFile::cacheDirEntry(unsigned char)
 .text._ZN7FatFile5closeEv
                0x000000000000a2f0       0x20 .pio/build/teensy41/lib8e9/libSdFat.a(FatFile.cpp.o)
                0x000000000000a2f0                FatFile::close()
 .text._ZN7FatFile8dirEntryEP8DirFat_t
                0x000000000000a310       0x54 .pio/build/teensy41/lib8e9/libSdFat.a(FatFile.cpp.o)
                0x000000000000a310                FatFile::dirEntry(DirFat_t*)
 .text._ZN7FatFile17getCreateDateTimeEPtS0_
                0x000000000000a364       0x20 .pio/build/teensy41/lib8e9/libSdFat.a(FatFile.cpp.o)
                0x000000000000a364                FatFile::getCreateDateTime(unsigned short*, unsigned short*)
 .text._ZN7FatFile17getModifyDateTimeEPtS0_
                0x000000000000a384       0x20 .pio/build/teensy41/lib8e9/libSdFat.a(FatFile.cpp.o)
                0x000000000000a384                FatFile::getModifyDateTime(unsigned short*, unsigned short*)
 .text._ZN7FatFile5mkdirEPS_P8FatLfn_t
                0x000000000000a3a4      0x16c .pio/build/teensy41/lib8e9/libSdFat.a(FatFile.cpp.o)
                0x000000000000a3a4                FatFile::mkdir(FatFile*, FatLfn_t*)
 .text._ZN7FatFile5mkdirEPS_PKcb
                0x000000000000a510       0xec .pio/build/teensy41/lib8e9/libSdFat.a(FatFile.cpp.o)
                0x000000000000a510                FatFile::mkdir(FatFile*, char const*, bool)
 .text._ZN7FatFile4openEPS_PKci
                0x000000000000a5fc      0x104 .pio/build/teensy41/lib8e9/libSdFat.a(FatFile.cpp.o)
                0x000000000000a5fc                FatFile::open(FatFile*, char const*, int)
 .text._ZN7FatFile4openEP9FatVolumePKci
                0x000000000000a700       0x10 .pio/build/teensy41/lib8e9/libSdFat.a(FatFile.cpp.o)
                0x000000000000a700                FatFile::open(FatVolume*, char const*, int)
 .text._ZN7FatFile11openClusterEPS_
                0x000000000000a710       0x5c .pio/build/teensy41/lib8e9/libSdFat.a(FatFile.cpp.o)
                0x000000000000a710                FatFile::openCluster(FatFile*)
 .text._ZN7FatFile8openRootEP9FatVolume
                0x000000000000a76c       0x3c .pio/build/teensy41/lib8e9/libSdFat.a(FatFile.cpp.o)
                0x000000000000a76c                FatFile::openRoot(FatVolume*)
 .text._ZN7FatFile4readEPvj
                0x000000000000a7a8      0x1a8 .pio/build/teensy41/lib8e9/libSdFat.a(FatFile.cpp.o)
                0x000000000000a7a8                FatFile::read(void*, unsigned int)
 .text._ZN7FatFile4peekEv
                0x000000000000a950       0x28 .pio/build/teensy41/lib8e9/libSdFat.a(FatFile.cpp.o)
                0x000000000000a950                FatFile::peek()
 .text._ZN7FatFile12readDirCacheEb
                0x000000000000a978       0x44 .pio/build/teensy41/lib8e9/libSdFat.a(FatFile.cpp.o)
                0x000000000000a978                FatFile::readDirCache(bool)
 .text._ZN7FatFile6renameEPS_PKc
                0x000000000000a9bc      0x1ec .pio/build/teensy41/lib8e9/libSdFat.a(FatFile.cpp.o)
                0x000000000000a9bc                FatFile::rename(FatFile*, char const*)
 .text._ZN7FatFile5rmdirEv
                0x000000000000aba8       0x90 .pio/build/teensy41/lib8e9/libSdFat.a(FatFile.cpp.o)
                0x000000000000aba8                FatFile::rmdir()
 .text._ZN7FatFile7seekSetEm
                0x000000000000ac38       0xb0 .pio/build/teensy41/lib8e9/libSdFat.a(FatFile.cpp.o)
                0x000000000000ac38                FatFile::seekSet(unsigned long)
 .text._ZN7FatFile15openCachedEntryEPS_tih
                0x000000000000ace8       0xe4 .pio/build/teensy41/lib8e9/libSdFat.a(FatFile.cpp.o)
                0x000000000000ace8                FatFile::openCachedEntry(FatFile*, unsigned short, int, unsigned char)
 .text._ZN7FatFile8openNextEPS_i
                0x000000000000adcc       0xcc .pio/build/teensy41/lib8e9/libSdFat.a(FatFile.cpp.o)
                0x000000000000adcc                FatFile::openNext(FatFile*, int)
 .text._ZN7FatFile4syncEv
                0x000000000000ae98        0xc .pio/build/teensy41/lib8e9/libSdFat.a(FatFile.cpp.o)
                0x000000000000ae98                FatFile::sync()
 .text._ZN7FatFile9timestampEhthhhhh
                0x000000000000aea4       0xd8 .pio/build/teensy41/lib8e9/libSdFat.a(FatFile.cpp.o)
                0x000000000000aea4                FatFile::timestamp(unsigned char, unsigned short, unsigned char, unsigned char, unsigned char, unsigned char, unsigned char)
 .text._ZN7FatFile8truncateEv
                0x000000000000af7c       0x74 .pio/build/teensy41/lib8e9/libSdFat.a(FatFile.cpp.o)
                0x000000000000af7c                FatFile::truncate()
 .text._ZN7FatFile5writeEPKvj
                0x000000000000aff0      0x1b4 .pio/build/teensy41/lib8e9/libSdFat.a(FatFile.cpp.o)
                0x000000000000aff0                FatFile::write(void const*, unsigned int)
 .text._ZN7FatFile7cmpNameEtP8FatLfn_th
                0x000000000000b1a4       0xbc .pio/build/teensy41/lib8e9/libSdFat.a(FatFileLFN.cpp.o)
                0x000000000000b1a4                FatFile::cmpName(unsigned short, FatLfn_t*, unsigned char)
 .text._ZN7FatFile9createLFNEtP8FatLfn_th
                0x000000000000b260      0x124 .pio/build/teensy41/lib8e9/libSdFat.a(FatFileLFN.cpp.o)
                0x000000000000b260                FatFile::createLFN(unsigned short, FatLfn_t*, unsigned char)
 .text._ZN7FatFile7makeSFNEP8FatLfn_t
                0x000000000000b384      0x168 .pio/build/teensy41/lib8e9/libSdFat.a(FatFileLFN.cpp.o)
                0x000000000000b384                FatFile::makeSFN(FatLfn_t*)
 .text._ZN7FatFile13makeUniqueSfnEP8FatLfn_t
                0x000000000000b4ec       0xb4 .pio/build/teensy41/lib8e9/libSdFat.a(FatFileLFN.cpp.o)
                0x000000000000b4ec                FatFile::makeUniqueSfn(FatLfn_t*)
 .text._ZN7FatFile4openEPS_P8FatLfn_ti
                0x000000000000b5a0      0x298 .pio/build/teensy41/lib8e9/libSdFat.a(FatFileLFN.cpp.o)
                0x000000000000b5a0                FatFile::open(FatFile*, FatLfn_t*, int)
 .text._ZN7FatFile13parsePathNameEPKcP8FatLfn_tPS1_
                0x000000000000b838       0xd4 .pio/build/teensy41/lib8e9/libSdFat.a(FatFileLFN.cpp.o)
                0x000000000000b838                FatFile::parsePathName(char const*, FatLfn_t*, char const**)
 .text._ZN7FatFile6removeEv
                0x000000000000b90c      0x110 .pio/build/teensy41/lib8e9/libSdFat.a(FatFileLFN.cpp.o)
                0x000000000000b90c                FatFile::remove()
 .text._ZN7FatFile10getLfnCharEP8DirLfn_th
                0x000000000000ba1c       0x2c .pio/build/teensy41/lib8e9/libSdFat.a(FatName.cpp.o)
                0x000000000000ba1c                FatFile::getLfnChar(DirLfn_t*, unsigned char)
 .text._ZN7FatFile6getSFNEPcj
                0x000000000000ba48       0x94 .pio/build/teensy41/lib8e9/libSdFat.a(FatName.cpp.o)
                0x000000000000ba48                FatFile::getSFN(char*, unsigned int)
 .text._ZN7FatFile8getName8EPcj
                0x000000000000badc      0x110 .pio/build/teensy41/lib8e9/libSdFat.a(FatName.cpp.o)
                0x000000000000badc                FatFile::getName8(char*, unsigned int)
 .text._ZN7FatFile7getNameEPcj
                0x000000000000bbec        0x4 .pio/build/teensy41/lib8e9/libSdFat.a(FatName.cpp.o)
                0x000000000000bbec                FatFile::getName(char*, unsigned int)
 .text._ZN22FsBlockDeviceInterface19readSectorsCallbackEmPhjPFvmS0_PvES1_
                0x000000000000bbf0       0x44 .pio/build/teensy41/lib8e9/libSdFat.a(FatPartition.cpp.o)
                0x000000000000bbf0                FsBlockDeviceInterface::readSectorsCallback(unsigned long, unsigned char*, unsigned int, void (*)(unsigned long, unsigned char*, void*), void*)
 .text._ZN12FatPartition25freeClusterCount_cb_fat16EmPhPv
                0x000000000000bc34       0x34 .pio/build/teensy41/lib8e9/libSdFat.a(FatPartition.cpp.o)
                0x000000000000bc34                FatPartition::freeClusterCount_cb_fat16(unsigned long, unsigned char*, void*)
 .text._ZN12FatPartition25freeClusterCount_cb_fat32EmPhPv
                0x000000000000bc68       0x34 .pio/build/teensy41/lib8e9/libSdFat.a(FatPartition.cpp.o)
                0x000000000000bc68                FatPartition::freeClusterCount_cb_fat32(unsigned long, unsigned char*, void*)
 .text._ZN12FatPartition6fatGetEmPm.part.0
                0x000000000000bc9c       0xfc .pio/build/teensy41/lib8e9/libSdFat.a(FatPartition.cpp.o)
 .text._ZN12FatPartition6fatPutEmm.part.0
                0x000000000000bd98      0x10c .pio/build/teensy41/lib8e9/libSdFat.a(FatPartition.cpp.o)
 .text._ZN12FatPartition15allocateClusterEmPm
                0x000000000000bea4       0x9c .pio/build/teensy41/lib8e9/libSdFat.a(FatPartition.cpp.o)
                0x000000000000bea4                FatPartition::allocateCluster(unsigned long, unsigned long*)
 .text._ZN12FatPartition6fatGetEmPm
                0x000000000000bf40       0x24 .pio/build/teensy41/lib8e9/libSdFat.a(FatPartition.cpp.o)
                0x000000000000bf40                FatPartition::fatGet(unsigned long, unsigned long*)
 .text._ZN12FatPartition6fatPutEmm
                0x000000000000bf64       0x20 .pio/build/teensy41/lib8e9/libSdFat.a(FatPartition.cpp.o)
                0x000000000000bf64                FatPartition::fatPut(unsigned long, unsigned long)
 .text._ZN12FatPartition9freeChainEm
                0x000000000000bf84       0x58 .pio/build/teensy41/lib8e9/libSdFat.a(FatPartition.cpp.o)
                0x000000000000bf84                FatPartition::freeChain(unsigned long)
 .text._ZN12FatPartition16freeClusterCountEv
                0x000000000000bfdc      0x1c8 .pio/build/teensy41/lib8e9/libSdFat.a(FatPartition.cpp.o)
                0x000000000000bfdc                FatPartition::freeClusterCount()
 .text._ZN12FatPartition4initEP22FsBlockDeviceInterfaceh
                0x000000000000c1a4      0x124 .pio/build/teensy41/lib8e9/libSdFat.a(FatPartition.cpp.o)
                0x000000000000c1a4                FatPartition::init(FsBlockDeviceInterface*, unsigned char)
 .text._ZN10FsBaseFileC2ERKS_
                0x000000000000c2c8       0x84 .pio/build/teensy41/lib8e9/libSdFat.a(FsFile.cpp.o)
                0x000000000000c2c8                FsBaseFile::FsBaseFile(FsBaseFile const&)
                0x000000000000c2c8                FsBaseFile::FsBaseFile(FsBaseFile const&)
 .text._ZN10FsBaseFile5closeEv
                0x000000000000c34c       0x28 .pio/build/teensy41/lib8e9/libSdFat.a(FsFile.cpp.o)
                0x000000000000c34c                FsBaseFile::close()
 .text._ZN10FsBaseFile4openEP8FsVolumePKci
                0x000000000000c374       0xb0 .pio/build/teensy41/lib8e9/libSdFat.a(FsFile.cpp.o)
                0x000000000000c374                FsBaseFile::open(FsVolume*, char const*, int)
 .text._ZN10FsBaseFile8openNextEPS_i
                0x000000000000c424       0x74 .pio/build/teensy41/lib8e9/libSdFat.a(FsFile.cpp.o)
                0x000000000000c424                FsBaseFile::openNext(FsBaseFile*, int)
 .text._ZnwjPm  0x000000000000c498        0x4 .pio/build/teensy41/lib8e9/libSdFat.a(FsNew.cpp.o)
                0x000000000000c498                operator new(unsigned int, unsigned long*)
 .text._ZN8FsVolume5beginEP22FsBlockDeviceInterfacebh
                0x000000000000c49c       0xe4 .pio/build/teensy41/lib8e9/libSdFat.a(FsVolume.cpp.o)
                0x000000000000c49c                FsVolume::begin(FsBlockDeviceInterface*, bool, unsigned char)
 .text._ZN8FsVolume4openEPKci
                0x000000000000c580       0x28 .pio/build/teensy41/lib8e9/libSdFat.a(FsVolume.cpp.o)
                0x000000000000c580                FsVolume::open(char const*, int)
 .text._ZN7FsCache4syncEv
                0x000000000000c5a8       0x58 .pio/build/teensy41/lib8e9/libSdFat.a(FsCache.cpp.o)
                0x000000000000c5a8                FsCache::sync()
 .text._ZN7FsCache7prepareEmh
                0x000000000000c600       0x50 .pio/build/teensy41/lib8e9/libSdFat.a(FsCache.cpp.o)
                0x000000000000c600                FsCache::prepare(unsigned long, unsigned char)
 .text._ZL12dateTimeMs10PtS_Ph
                0x000000000000c650       0x14 .pio/build/teensy41/lib8e9/libSdFat.a(FsDateTime.cpp.o)
 .text._ZN10FsDateTime11setCallbackEPFvPtS0_E
                0x000000000000c664       0x18 .pio/build/teensy41/lib8e9/libSdFat.a(FsDateTime.cpp.o)
                0x000000000000c664                FsDateTime::setCallback(void (*)(unsigned short*, unsigned short*))
 .text._ZN6FsName5get16Ev
                0x000000000000c67c       0x4c .pio/build/teensy41/lib8e9/libSdFat.a(FsName.cpp.o)
                0x000000000000c67c                FsName::get16()
 .text._ZN5FsUtf6cpToMbEmPcS0_
                0x000000000000c6c8       0xa4 .pio/build/teensy41/lib8e9/libSdFat.a(FsUtf.cpp.o)
                0x000000000000c6c8                FsUtf::cpToMb(unsigned long, char*, char*)
 .text._ZN5FsUtf6mbToCpEPKcS1_Pm
                0x000000000000c76c       0x98 .pio/build/teensy41/lib8e9/libSdFat.a(FsUtf.cpp.o)
                0x000000000000c76c                FsUtf::mbToCp(char const*, char const*, unsigned long*)
 .text._Z8toUpcaset
                0x000000000000c804       0xb8 .pio/build/teensy41/lib8e9/libSdFat.a(upcase.cpp.o)
                0x000000000000c804                toUpcase(unsigned short)
 .text._ZN7SDClassD2Ev
                0x000000000000c8bc        0x4 .pio/build/teensy41/lib341/libSD.a(SD.cpp.o)
                0x000000000000c8bc                SDClass::~SDClass()
                0x000000000000c8bc                SDClass::~SDClass()
 .text._ZN7SDClass8dateTimeEPtS0_
                0x000000000000c8c0       0x84 .pio/build/teensy41/lib341/libSD.a(SD.cpp.o)
                0x000000000000c8c0                SDClass::dateTime(unsigned short*, unsigned short*)
 .text._ZN7SDClass4openEPKch
                0x000000000000c944       0xc8 .pio/build/teensy41/lib341/libSD.a(SD.cpp.o)
                0x000000000000c944                SDClass::open(char const*, unsigned char)
 .text._ZN7SDClass5rmdirEPKc
                0x000000000000ca0c       0x54 .pio/build/teensy41/lib341/libSD.a(SD.cpp.o)
                0x000000000000ca0c                SDClass::rmdir(char const*)
 .text._ZN7SDClass6renameEPKcS1_
                0x000000000000ca60       0x64 .pio/build/teensy41/lib341/libSD.a(SD.cpp.o)
                0x000000000000ca60                SDClass::rename(char const*, char const*)
 .text._ZN7SDClass6removeEPKc
                0x000000000000cac4       0x54 .pio/build/teensy41/lib341/libSD.a(SD.cpp.o)
                0x000000000000cac4                SDClass::remove(char const*)
 .text._ZN7SDClass5mkdirEPKc
                0x000000000000cb18       0x3c .pio/build/teensy41/lib341/libSD.a(SD.cpp.o)
                0x000000000000cb18                SDClass::mkdir(char const*)
 .text._ZN7SDClass6existsEPKc
                0x000000000000cb54       0x38 .pio/build/teensy41/lib341/libSD.a(SD.cpp.o)
                0x000000000000cb54                SDClass::exists(char const*)
 .text._ZN7SDClass8usedSizeEv
                0x000000000000cb8c       0xf0 .pio/build/teensy41/lib341/libSD.a(SD.cpp.o)
                0x000000000000cb8c                SDClass::usedSize()
 .text._ZN7SDClass9totalSizeEv
                0x000000000000cc7c       0x3c .pio/build/teensy41/lib341/libSD.a(SD.cpp.o)
                0x000000000000cc7c                SDClass::totalSize()
 .text._ZN7SDClass6formatEicR5Print
                0x000000000000ccb8       0xdc .pio/build/teensy41/lib341/libSD.a(SD.cpp.o)
                0x000000000000ccb8                SDClass::format(int, char, Print&)
 .text._ZN7SDClass12mediaPresentEv
                0x000000000000cd94      0x110 .pio/build/teensy41/lib341/libSD.a(SD.cpp.o)
                0x000000000000cd94                SDClass::mediaPresent()
 .text._ZN7SDClass5beginEh
                0x000000000000cea4       0xd4 .pio/build/teensy41/lib341/libSD.a(SD.cpp.o)
                0x000000000000cea4                SDClass::begin(unsigned char)
 .text.startup._GLOBAL__sub_I_SD
                0x000000000000cf78       0x80 .pio/build/teensy41/lib341/libSD.a(SD.cpp.o)
 .text._ZN10HX8357_t3n5writeEh
                0x000000000000cff8       0x1c .pio/build/teensy41/lib8a2/libHX8357_t3n.a(HX8357_t3n.cpp.o)
                0x000000000000cff8                HX8357_t3n::write(unsigned char)
 .text._ZL18fetchbits_unsignedPKhmm
                0x000000000000d014       0x4c .pio/build/teensy41/lib8a2/libHX8357_t3n.a(HX8357_t3n.cpp.o)
 .text._ZN8SPIClass14endTransactionEv
                0x000000000000d060       0x4c .pio/build/teensy41/lib8a2/libHX8357_t3n.a(HX8357_t3n.cpp.o)
                0x000000000000d060                SPIClass::endTransaction()
 .text._ZN10HX8357_t3n14maybeUpdateTCREm
                0x000000000000d0ac       0x8c .pio/build/teensy41/lib8a2/libHX8357_t3n.a(HX8357_t3n.cpp.o)
                0x000000000000d0ac                HX8357_t3n::maybeUpdateTCR(unsigned long)
 .text._ZN10HX8357_t3nC2Ehhhhhh
                0x000000000000d138       0xf8 .pio/build/teensy41/lib8a2/libHX8357_t3n.a(HX8357_t3n.cpp.o)
                0x000000000000d138                HX8357_t3n::HX8357_t3n(unsigned char, unsigned char, unsigned char, unsigned char, unsigned char, unsigned char)
                0x000000000000d138                HX8357_t3n::HX8357_t3n(unsigned char, unsigned char, unsigned char, unsigned char, unsigned char, unsigned char)
 .text._ZN10HX8357_t3n8readRectEssssPt
                0x000000000000d230      0x79c .pio/build/teensy41/lib8a2/libHX8357_t3n.a(HX8357_t3n.cpp.o)
                0x000000000000d230                HX8357_t3n::readRect(short, short, short, short, unsigned short*)
 .text._ZN10HX8357_t3n5beginEmm
                0x000000000000d9cc      0x4f0 .pio/build/teensy41/lib8a2/libHX8357_t3n.a(HX8357_t3n.cpp.o)
                0x000000000000d9cc                HX8357_t3n::begin(unsigned long, unsigned long)
 .text._ZN10HX8357_t3n7setFontEPK7GFXfont
                0x000000000000debc       0x60 .pio/build/teensy41/lib8a2/libHX8357_t3n.a(HX8357_t3n.cpp.o)
                0x000000000000debc                HX8357_t3n::setFont(GFXfont const*)
 .text._ZN10HX8357_t3n10charBoundsEcPsS0_S0_S0_S0_S0_
                0x000000000000df1c      0x3b4 .pio/build/teensy41/lib8a2/libHX8357_t3n.a(HX8357_t3n.cpp.o)
                0x000000000000df1c                HX8357_t3n::charBounds(char, short*, short*, short*, short*, short*, short*)
 .text._ZN10HX8357_t3n13getTextBoundsEPKhtssPsS2_PtS3_
                0x000000000000e2d0       0xb0 .pio/build/teensy41/lib8a2/libHX8357_t3n.a(HX8357_t3n.cpp.o)
                0x000000000000e2d0                HX8357_t3n::getTextBounds(unsigned char const*, unsigned short, short, short, short*, short*, unsigned short*, unsigned short*)
 .text._ZN10HX8357_t3n13getTextBoundsEPKcssPsS2_PtS3_
                0x000000000000e380       0xb4 .pio/build/teensy41/lib8a2/libHX8357_t3n.a(HX8357_t3n.cpp.o)
                0x000000000000e380                HX8357_t3n::getTextBounds(char const*, short, short, short*, short*, unsigned short*, unsigned short*)
 .text._ZN10HX8357_t3n13getTextBoundsERK6StringssPsS3_PtS4_
                0x000000000000e434       0x30 .pio/build/teensy41/lib8a2/libHX8357_t3n.a(HX8357_t3n.cpp.o)
                0x000000000000e434                HX8357_t3n::getTextBounds(String const&, short, short, short*, short*, unsigned short*, unsigned short*)
 .text._ZN10HX8357_t3n20gfxFontLastCharPosFGEss
                0x000000000000e464       0xa4 .pio/build/teensy41/lib8a2/libHX8357_t3n.a(HX8357_t3n.cpp.o)
                0x000000000000e464                HX8357_t3n::gfxFontLastCharPosFG(short, short)
 .text._ZN10HX8357_t3n9setCursorEssb
                0x000000000000e508       0xb4 .pio/build/teensy41/lib8a2/libHX8357_t3n.a(HX8357_t3n.cpp.o)
                0x000000000000e508                HX8357_t3n::setCursor(short, short, bool)
 .text._ZN10HX8357_t3n12setTextColorEtt
                0x000000000000e5bc       0x28 .pio/build/teensy41/lib8a2/libHX8357_t3n.a(HX8357_t3n.cpp.o)
                0x000000000000e5bc                HX8357_t3n::setTextColor(unsigned short, unsigned short)
 .text._ZN10HX8357_t3n11setTextWrapEb
                0x000000000000e5e4        0x8 .pio/build/teensy41/lib8a2/libHX8357_t3n.a(HX8357_t3n.cpp.o)
                0x000000000000e5e4                HX8357_t3n::setTextWrap(bool)
 .text._ZN10HX8357_t3n17setScrollTextAreaEssss
                0x000000000000e5ec       0x18 .pio/build/teensy41/lib8a2/libHX8357_t3n.a(HX8357_t3n.cpp.o)
                0x000000000000e5ec                HX8357_t3n::setScrollTextArea(short, short, short, short)
 .text._ZN10HX8357_t3n12enableScrollEv
                0x000000000000e604        0x8 .pio/build/teensy41/lib8a2/libHX8357_t3n.a(HX8357_t3n.cpp.o)
                0x000000000000e604                HX8357_t3n::enableScroll()
 .text._ZN10HX8357_t3n13disableScrollEv
                0x000000000000e60c        0x8 .pio/build/teensy41/lib8a2/libHX8357_t3n.a(HX8357_t3n.cpp.o)
                0x000000000000e60c                HX8357_t3n::disableScroll()
 .text._ZN10HX8357_t3n26resetScrollBackgroundColorEt
                0x000000000000e614        0x8 .pio/build/teensy41/lib8a2/libHX8357_t3n.a(HX8357_t3n.cpp.o)
                0x000000000000e614                HX8357_t3n::resetScrollBackgroundColor(unsigned short)
 .text._ZN10HX8357_t3n15waitFifoNotFullEv
                0x000000000000e61c       0x20 .pio/build/teensy41/lib8a2/libHX8357_t3n.a(HX8357_t3n.cpp.o)
                0x000000000000e61c                HX8357_t3n::waitFifoNotFull()
 .text._ZN10HX8357_t3n9drawPixelEsst
                0x000000000000e63c      0x2e8 .pio/build/teensy41/lib8a2/libHX8357_t3n.a(HX8357_t3n.cpp.o)
                0x000000000000e63c                HX8357_t3n::drawPixel(short, short, unsigned short)
 .text._ZN10HX8357_t3n16drawCircleHelperEsssht
                0x000000000000e924      0x170 .pio/build/teensy41/lib8a2/libHX8357_t3n.a(HX8357_t3n.cpp.o)
                0x000000000000e924                HX8357_t3n::drawCircleHelper(short, short, short, unsigned char, unsigned short)
 .text._ZN10HX8357_t3n8fillRectEsssst
                0x000000000000ea94      0x4c8 .pio/build/teensy41/lib8a2/libHX8357_t3n.a(HX8357_t3n.cpp.o)
                0x000000000000ea94                HX8357_t3n::fillRect(short, short, short, short, unsigned short)
 .text._ZN10HX8357_t3n10fillScreenEt
                0x000000000000ef5c       0xcc .pio/build/teensy41/lib8a2/libHX8357_t3n.a(HX8357_t3n.cpp.o)
                0x000000000000ef5c                HX8357_t3n::fillScreen(unsigned short)
 .text._ZN10HX8357_t3n12drawFontBitsEbmmllm
                0x000000000000f028      0x10c .pio/build/teensy41/lib8a2/libHX8357_t3n.a(HX8357_t3n.cpp.o)
                0x000000000000f028                HX8357_t3n::drawFontBits(bool, unsigned long, unsigned long, long, long, unsigned long)
 .text._ZN10HX8357_t3n20waitTransmitCompleteEv
                0x000000000000f134       0x24 .pio/build/teensy41/lib8a2/libHX8357_t3n.a(HX8357_t3n.cpp.o)
                0x000000000000f134                HX8357_t3n::waitTransmitComplete()
 .text._ZN10HX8357_t3n15drawGFXFontCharEj
                0x000000000000f158      0xf08 .pio/build/teensy41/lib8a2/libHX8357_t3n.a(HX8357_t3n.cpp.o)
                0x000000000000f158                HX8357_t3n::drawGFXFontChar(unsigned int)
 .text._ZN10HX8357_t3n11setRotationEh
                0x0000000000010060      0x438 .pio/build/teensy41/lib8a2/libHX8357_t3n.a(HX8357_t3n.cpp.o)
                0x0000000000010060                HX8357_t3n::setRotation(unsigned char)
 .text._ZN10HX8357_t3n13drawFastVLineEssst
                0x0000000000010498      0x380 .pio/build/teensy41/lib8a2/libHX8357_t3n.a(HX8357_t3n.cpp.o)
                0x0000000000010498                HX8357_t3n::drawFastVLine(short, short, short, unsigned short)
 .text._ZN10HX8357_t3n16fillCircleHelperEssshst
                0x0000000000010818      0x120 .pio/build/teensy41/lib8a2/libHX8357_t3n.a(HX8357_t3n.cpp.o)
                0x0000000000010818                HX8357_t3n::fillCircleHelper(short, short, short, unsigned char, short, unsigned short)
 .text._ZN10HX8357_t3n13fillRoundRectEssssst
                0x0000000000010938       0x8c .pio/build/teensy41/lib8a2/libHX8357_t3n.a(HX8357_t3n.cpp.o)
                0x0000000000010938                HX8357_t3n::fillRoundRect(short, short, short, short, short, unsigned short)
 .text._ZN10HX8357_t3n13drawFastHLineEssst
                0x00000000000109c4      0x38c .pio/build/teensy41/lib8a2/libHX8357_t3n.a(HX8357_t3n.cpp.o)
                0x00000000000109c4                HX8357_t3n::drawFastHLine(short, short, short, unsigned short)
 .text._ZN10HX8357_t3n8drawRectEsssst
                0x0000000000010d50      0xc90 .pio/build/teensy41/lib8a2/libHX8357_t3n.a(HX8357_t3n.cpp.o)
                0x0000000000010d50                HX8357_t3n::drawRect(short, short, short, short, unsigned short)
 .text._ZN10HX8357_t3n13drawRoundRectEssssst
                0x00000000000119e0       0xec .pio/build/teensy41/lib8a2/libHX8357_t3n.a(HX8357_t3n.cpp.o)
                0x00000000000119e0                HX8357_t3n::drawRoundRect(short, short, short, short, short, unsigned short)
 .text._ZN10HX8357_t3n8drawCharEsshtthh
                0x0000000000011acc      0x9b0 .pio/build/teensy41/lib8a2/libHX8357_t3n.a(HX8357_t3n.cpp.o)
                0x0000000000011acc                HX8357_t3n::drawChar(short, short, unsigned char, unsigned short, unsigned short, unsigned char, unsigned char)
 .text._ZN10HX8357_t3n9writeRectEssssPKt
                0x000000000001247c      0x578 .pio/build/teensy41/lib8a2/libHX8357_t3n.a(HX8357_t3n.cpp.o)
                0x000000000001247c                HX8357_t3n::writeRect(short, short, short, short, unsigned short const*)
 .text._ZN10HX8357_t3n14scrollTextAreaEh
                0x00000000000129f4       0xa4 .pio/build/teensy41/lib8a2/libHX8357_t3n.a(HX8357_t3n.cpp.o)
                0x00000000000129f4                HX8357_t3n::scrollTextArea(unsigned char)
 .text._ZN10HX8357_t3n12drawFontCharEj
                0x0000000000012a98     0x1058 .pio/build/teensy41/lib8a2/libHX8357_t3n.a(HX8357_t3n.cpp.o)
                0x0000000000012a98                HX8357_t3n::drawFontChar(unsigned int)
 .text._ZN10HX8357_t3n5writeEPKhj
                0x0000000000013af0      0x228 .pio/build/teensy41/lib8a2/libHX8357_t3n.a(HX8357_t3n.cpp.o)
                0x0000000000013af0                HX8357_t3n::write(unsigned char const*, unsigned int)
 .text._ZN10HX8357_t3n10getLeadingEv
                0x0000000000013d18       0x28 .pio/build/teensy41/lib8a2/libHX8357_t3n.a(HX8357_t3n.cpp.o)
                0x0000000000013d18                HX8357_t3n::getLeading()
 .text._ZN8AListBox11onTouchItemEP12AListBoxItem
                0x0000000000013d40        0x4 .pio/build/teensy41/libbf3/libAGUI.a(AListBox.cpp.o)
                0x0000000000013d40                AListBox::onTouchItem(AListBoxItem*)
 .text._ZN8AListBox13onTouchWidgetEtt
                0x0000000000013d44       0x44 .pio/build/teensy41/libbf3/libAGUI.a(AListBox.cpp.o)
                0x0000000000013d44                AListBox::onTouchWidget(unsigned short, unsigned short)
 .text._ZNK8AListBox7repaintEPK12AListBoxItem
                0x0000000000013d88       0x98 .pio/build/teensy41/libbf3/libAGUI.a(AListBox.cpp.o)
                0x0000000000013d88                AListBox::repaint(AListBoxItem const*) const
 .text._ZN12AListBoxItem13setItemColorsE6AColorS0_
                0x0000000000013e20       0x20 .pio/build/teensy41/libbf3/libAGUI.a(AListBox.cpp.o)
                0x0000000000013e20                AListBoxItem::setItemColors(AColor, AColor)
 .text._ZN8AListBox7addItemEPS_6String6AColor
                0x0000000000013e40       0x90 .pio/build/teensy41/libbf3/libAGUI.a(AListBox.cpp.o)
                0x0000000000013e40                AListBox::addItem(AListBox*, String, AColor)
 .text._ZN12AListBoxItem11setItemTextERK6String6AColor
                0x0000000000013ed0       0x28 .pio/build/teensy41/libbf3/libAGUI.a(AListBox.cpp.o)
                0x0000000000013ed0                AListBoxItem::setItemText(String const&, AColor)
 .text._ZN8AListBox15onRepaintWidgetEv
                0x0000000000013ef8       0x74 .pio/build/teensy41/libbf3/libAGUI.a(AListBox.cpp.o)
                0x0000000000013ef8                AListBox::onRepaintWidget()
 .text._ZN8AListBoxC2Etttt6AColor
                0x0000000000013f6c       0x54 .pio/build/teensy41/libbf3/libAGUI.a(AListBox.cpp.o)
                0x0000000000013f6c                AListBox::AListBox(unsigned short, unsigned short, unsigned short, unsigned short, AColor)
                0x0000000000013f6c                AListBox::AListBox(unsigned short, unsigned short, unsigned short, unsigned short, AColor)
 .text._ZNK8AListBox12getItemIndexEPK12AListBoxItem
                0x0000000000013fc0       0x1c .pio/build/teensy41/libbf3/libAGUI.a(AListBox.cpp.o)
                0x0000000000013fc0                AListBox::getItemIndex(AListBoxItem const*) const
 .text._ZN8AListBox10removeItemEi
                0x0000000000013fdc       0x80 .pio/build/teensy41/libbf3/libAGUI.a(AListBox.cpp.o)
                0x0000000000013fdc                AListBox::removeItem(int)
 .text._ZN8AListBox5resetEv
                0x000000000001405c       0x2c .pio/build/teensy41/libbf3/libAGUI.a(AListBox.cpp.o)
                0x000000000001405c                AListBox::reset()
 .text._ZN8AListBoxD2Ev
                0x0000000000014088       0x5c .pio/build/teensy41/libbf3/libAGUI.a(AListBox.cpp.o)
                0x0000000000014088                AListBox::~AListBox()
                0x0000000000014088                AListBox::~AListBox()
 .text._ZN8AListBoxD0Ev
                0x00000000000140e4       0x14 .pio/build/teensy41/libbf3/libAGUI.a(AListBox.cpp.o)
                0x00000000000140e4                AListBox::~AListBox()
 .text._ZN8AListBox16reviewTimeStampsEv
                0x00000000000140f8       0x44 .pio/build/teensy41/libbf3/libAGUI.a(AListBox.cpp.o)
                0x00000000000140f8                AListBox::reviewTimeStamps()
 .text._ZN5ARectD2Ev
                0x000000000001413c        0x4 .pio/build/teensy41/libbf3/libAGUI.a(APixelBox.cpp.o)
                0x000000000001413c                ARect::~ARect()
                0x000000000001413c                ARect::~ARect()
 .text._ZN7AWidget15onRepaintWidgetEv
                0x0000000000014140        0x4 .pio/build/teensy41/libbf3/libAGUI.a(APixelBox.cpp.o)
                0x0000000000014140                AWidget::onRepaintWidget()
 .text._ZN9APixelBox12onTouchPixelEtt
                0x0000000000014144        0x4 .pio/build/teensy41/libbf3/libAGUI.a(APixelBox.cpp.o)
                0x0000000000014144                APixelBox::onTouchPixel(unsigned short, unsigned short)
 .text._ZN5ARectD0Ev
                0x0000000000014148       0x10 .pio/build/teensy41/libbf3/libAGUI.a(APixelBox.cpp.o)
                0x0000000000014148                ARect::~ARect()
 .text._ZN9APixelBoxD2Ev
                0x0000000000014158       0x14 .pio/build/teensy41/libbf3/libAGUI.a(APixelBox.cpp.o)
                0x0000000000014158                APixelBox::~APixelBox()
                0x0000000000014158                APixelBox::~APixelBox()
 .text._ZN9APixelBoxD0Ev
                0x000000000001416c       0x1c .pio/build/teensy41/libbf3/libAGUI.a(APixelBox.cpp.o)
                0x000000000001416c                APixelBox::~APixelBox()
 .text._ZN9APixelBox13onTouchWidgetEtt
                0x0000000000014188       0x48 .pio/build/teensy41/libbf3/libAGUI.a(APixelBox.cpp.o)
                0x0000000000014188                APixelBox::onTouchWidget(unsigned short, unsigned short)
 .text._ZN9APixelBoxC2Etttt
                0x00000000000141d0       0xe0 .pio/build/teensy41/libbf3/libAGUI.a(APixelBox.cpp.o)
                0x00000000000141d0                APixelBox::APixelBox(unsigned short, unsigned short, unsigned short, unsigned short)
                0x00000000000141d0                APixelBox::APixelBox(unsigned short, unsigned short, unsigned short, unsigned short)
 .text._ZNK9APixelBox9drawPixelEtt6AColor
                0x00000000000142b0       0x30 .pio/build/teensy41/libbf3/libAGUI.a(APixelBox.cpp.o)
                0x00000000000142b0                APixelBox::drawPixel(unsigned short, unsigned short, AColor) const
 .text._ZN5ARect10setCornersEtttt
                0x00000000000142e0       0x1c .pio/build/teensy41/libbf3/libAGUI.a(ARect.cpp.o)
                0x00000000000142e0                ARect::setCorners(unsigned short, unsigned short, unsigned short, unsigned short)
 .text._ZNK5ARect8isWithinEtt
                0x00000000000142fc       0x24 .pio/build/teensy41/libbf3/libAGUI.a(ARect.cpp.o)
                0x00000000000142fc                ARect::isWithin(unsigned short, unsigned short) const
 .text._ZN10AScrollBox11onTouchItemEP14AScrollBoxItem
                0x0000000000014320        0x4 .pio/build/teensy41/libbf3/libAGUI.a(AScrollBox.cpp.o)
                0x0000000000014320                AScrollBox::onTouchItem(AScrollBoxItem*)
 .text._ZN14AScrollBoxItemD2Ev
                0x0000000000014324       0x18 .pio/build/teensy41/libbf3/libAGUI.a(AScrollBox.cpp.o)
                0x0000000000014324                AScrollBoxItem::~AScrollBoxItem()
                0x0000000000014324                AScrollBoxItem::~AScrollBoxItem()
 .text._ZN14AScrollBoxItemD0Ev
                0x000000000001433c       0x20 .pio/build/teensy41/libbf3/libAGUI.a(AScrollBox.cpp.o)
                0x000000000001433c                AScrollBoxItem::~AScrollBoxItem()
 .text._ZN10AScrollBox13onTouchWidgetEtt
                0x000000000001435c       0x44 .pio/build/teensy41/libbf3/libAGUI.a(AScrollBox.cpp.o)
                0x000000000001435c                AScrollBox::onTouchWidget(unsigned short, unsigned short)
 .text._ZN14AScrollBoxItemC2ER6String6AColorS2_P10AScrollBox
                0x00000000000143a0       0x4c .pio/build/teensy41/libbf3/libAGUI.a(AScrollBox.cpp.o)
                0x00000000000143a0                AScrollBoxItem::AScrollBoxItem(String&, AColor, AColor, AScrollBox*)
                0x00000000000143a0                AScrollBoxItem::AScrollBoxItem(String&, AColor, AColor, AScrollBox*)
 .text._ZN10AScrollBox7repaintEP14AScrollBoxItem
                0x00000000000143ec       0x98 .pio/build/teensy41/libbf3/libAGUI.a(AScrollBox.cpp.o)
                0x00000000000143ec                AScrollBox::repaint(AScrollBoxItem*)
 .text._ZN14AScrollBoxItem13setItemColorsE6AColorS0_
                0x0000000000014484       0x20 .pio/build/teensy41/libbf3/libAGUI.a(AScrollBox.cpp.o)
                0x0000000000014484                AScrollBoxItem::setItemColors(AColor, AColor)
 .text._ZN14AScrollBoxItem11setItemTextE6String6AColor
                0x00000000000144a4       0x28 .pio/build/teensy41/libbf3/libAGUI.a(AScrollBox.cpp.o)
                0x00000000000144a4                AScrollBoxItem::setItemText(String, AColor)
 .text._ZN10AScrollBox15onRepaintWidgetEv
                0x00000000000144cc       0x74 .pio/build/teensy41/libbf3/libAGUI.a(AScrollBox.cpp.o)
                0x00000000000144cc                AScrollBox::onRepaintWidget()
 .text._ZN10AScrollBoxC2Etttt6AColor
                0x0000000000014540       0x54 .pio/build/teensy41/libbf3/libAGUI.a(AScrollBox.cpp.o)
                0x0000000000014540                AScrollBox::AScrollBox(unsigned short, unsigned short, unsigned short, unsigned short, AColor)
                0x0000000000014540                AScrollBox::AScrollBox(unsigned short, unsigned short, unsigned short, unsigned short, AColor)
 .text._ZNK10AScrollBox11itemWillFitEi
                0x0000000000014594       0x18 .pio/build/teensy41/libbf3/libAGUI.a(AScrollBox.cpp.o)