Archive member included to satisfy reference by file (symbol)

.pio/build/teensy41/lib6d5/libAdafruit GPS Library.a(Adafruit_GPS.cpp.o)
                              .pio/build/teensy41/src/GPShelper.cpp.o (Adafruit_GPS::~Adafruit_GPS())
.pio/build/teensy41/lib6d5/libAdafruit GPS Library.a(NMEA_data.cpp.o)
                              .pio/build/teensy41/lib6d5/libAdafruit GPS Library.a(Adafruit_GPS.cpp.o) (Adafruit_GPS::data_init())
.pio/build/teensy41/lib6d5/libAdafruit GPS Library.a(NMEA_parse.cpp.o)
                              .pio/build/teensy41/src/GPShelper.cpp.o (Adafruit_GPS::parse(char*))
.pio/build/teensy41/libaeb/libPU2CLR SI4735.a(SI4735.cpp.o)
                              .pio/build/teensy41/src/PocketFT8XcvrFW.cpp.o (SI4735::SI4735())
.pio/build/teensy41/lib8e9/libSdFat.a(ExFatFile.cpp.o)
                              .pio/build/teensy41/src/Config.cpp.o (ExFatFile::getCreateDateTime(unsigned short*, unsigned short*))
.pio/build/teensy41/lib8e9/libSdFat.a(ExFatFileWrite.cpp.o)
                              .pio/build/teensy41/lib8e9/libSdFat.a(ExFatFile.cpp.o) (ExFatFile::remove())
.pio/build/teensy41/lib8e9/libSdFat.a(ExFatName.cpp.o)
                              .pio/build/teensy41/lib8e9/libSdFat.a(ExFatFile.cpp.o) (ExFatFile::cmpName(DirName_t const*, ExName_t*))
.pio/build/teensy41/lib8e9/libSdFat.a(ExFatPartition.cpp.o)
                              .pio/build/teensy41/lib8e9/libSdFat.a(ExFatFileWrite.cpp.o) (ExFatPartition::bitmapFind(unsigned long, unsigned long))
.pio/build/teensy41/lib8e9/libSdFat.a(ExFatVolume.cpp.o)
                              .pio/build/teensy41/lib8e9/libSdFat.a(ExFatFile.cpp.o) (ExFatVolume::m_cwv)
.pio/build/teensy41/lib8e9/libSdFat.a(FatFile.cpp.o)
                              .pio/build/teensy41/src/Config.cpp.o (FatFile::getCreateDateTime(unsigned short*, unsigned short*))
.pio/build/teensy41/lib8e9/libSdFat.a(FatFileLFN.cpp.o)
                              .pio/build/teensy41/lib8e9/libSdFat.a(FatFile.cpp.o) (FatFile::open(FatFile*, FatLfn_t*, int))
.pio/build/teensy41/lib8e9/libSdFat.a(FatName.cpp.o)
                              .pio/build/teensy41/lib8e9/libSdFat.a(FatFileLFN.cpp.o) (FatFile::getLfnChar(DirLfn_t*, unsigned char))
.pio/build/teensy41/lib8e9/libSdFat.a(FatPartition.cpp.o)
                              .pio/build/teensy41/lib8e9/libSdFat.a(FatFile.cpp.o) (FatPartition::allocateCluster(unsigned long, unsigned long*))
.pio/build/teensy41/lib8e9/libSdFat.a(FatVolume.cpp.o)
                              .pio/build/teensy41/lib8e9/libSdFat.a(FatFile.cpp.o) (FatVolume::m_cwv)
.pio/build/teensy41/lib8e9/libSdFat.a(FsFile.cpp.o)
                              .pio/build/teensy41/src/Config.cpp.o (FsBaseFile::FsBaseFile(FsBaseFile const&))
.pio/build/teensy41/lib8e9/libSdFat.a(FsNew.cpp.o)
                              .pio/build/teensy41/lib8e9/libSdFat.a(FsFile.cpp.o) (operator new(unsigned int, unsigned long*))
.pio/build/teensy41/lib8e9/libSdFat.a(FsVolume.cpp.o)
                              .pio/build/teensy41/src/Config.cpp.o (FsVolume::open(char const*, int))
.pio/build/teensy41/lib8e9/libSdFat.a(FsCache.cpp.o)
                              .pio/build/teensy41/lib8e9/libSdFat.a(ExFatFile.cpp.o) (FsCache::sync())
.pio/build/teensy41/lib8e9/libSdFat.a(FsDateTime.cpp.o)
                              .pio/build/teensy41/lib8e9/libSdFat.a(ExFatFile.cpp.o) (FsDateTime::callback)
.pio/build/teensy41/lib8e9/libSdFat.a(FsName.cpp.o)
                              .pio/build/teensy41/lib8e9/libSdFat.a(ExFatFile.cpp.o) (FsName::get16())
.pio/build/teensy41/lib8e9/libSdFat.a(FsUtf.cpp.o)
                              .pio/build/teensy41/lib8e9/libSdFat.a(ExFatName.cpp.o) (FsUtf::cpToMb(unsigned long, char*, char*))
.pio/build/teensy41/lib8e9/libSdFat.a(upcase.cpp.o)
                              .pio/build/teensy41/lib8e9/libSdFat.a(ExFatName.cpp.o) (toUpcase(unsigned short))
.pio/build/teensy41/lib8e9/libSdFat.a(ExFatFilePrint.cpp.o)
                              .pio/build/teensy41/lib8e9/libSdFat.a(FsVolume.cpp.o) (ExFatFile::ls(Print*, unsigned char, unsigned char))
.pio/build/teensy41/lib8e9/libSdFat.a(FatFilePrint.cpp.o)
                              .pio/build/teensy41/lib8e9/libSdFat.a(FsVolume.cpp.o) (FatFile::ls(Print*, unsigned char, unsigned char))
.pio/build/teensy41/lib8e9/libSdFat.a(FmtNumber.cpp.o)
                              .pio/build/teensy41/lib8e9/libSdFat.a(FsDateTime.cpp.o) (fmtBase10(char*, unsigned short))
.pio/build/teensy41/lib341/libSD.a(SD.cpp.o)
                              .pio/build/teensy41/src/PocketFT8XcvrFW.cpp.o (SDClass::begin(unsigned char))
.pio/build/teensy41/lib8a2/libHX8357_t3n.a(HX8357_t3n.cpp.o)
                              .pio/build/teensy41/src/decode_ft8.cpp.o (HX8357_t3n::setCursor(short, short, bool))
.pio/build/teensy41/libbf3/libAGUI.a(AListBox.cpp.o)
                              .pio/build/teensy41/src/decode_ft8.cpp.o (AListBox::addItem(AListBox*, String, AColor))
[...]
Memory Configuration

Name             Origin             Length             Attributes
ITCM             0x0000000000000000 0x0000000000080000 xrw
DTCM             0x0000000020000000 0x0000000000080000 xrw
RAM              0x0000000020200000 0x0000000000080000 xrw
FLASH            0x0000000060000000 0x00000000007c0000 xrw
ERAM             0x0000000070000000 0x0000000001000000 xrw
*default*        0x0000000000000000 0xffffffffffffffff

Linker script and memory map

LOAD /Users/jconrad/.platformio/packages/toolchain-gccarmnoneeabi-teensy/bin/../lib/gcc/arm-none-eabi/11.3.1/thumb/v7e-m+dp/hard/crti.o
LOAD /Users/jconrad/.platformio/packages/toolchain-gccarmnoneeabi-teensy/bin/../lib/gcc/arm-none-eabi/11.3.1/thumb/v7e-m+dp/hard/crtbegin.o
LOAD /Users/jconrad/.platformio/packages/toolchain-gccarmnoneeabi-teensy/bin/../lib/gcc/arm-none-eabi/11.3.1/../../../../arm-none-eabi/lib/thumb/v7e-m+dp/hard/crt0.o
                0x000000006809c517                __rtc_localtime = 0x6809c517
LOAD .pio/build/teensy41/src/Config.cpp.o
LOAD .pio/build/teensy41/src/GPShelper.cpp.o
LOAD .pio/build/teensy41/src/PocketFT8XcvrFW.cpp.o
LOAD .pio/build/teensy41/src/Process_DSP.cpp.o
LOAD .pio/build/teensy41/src/Sequencer.cpp.o
LOAD .pio/build/teensy41/src/Waterfall.cpp.o
LOAD .pio/build/teensy41/src/button.cpp.o
LOAD .pio/build/teensy41/src/decode_ft8.cpp.o
LOAD .pio/build/teensy41/src/display.cpp.o
LOAD .pio/build/teensy41/src/gen_ft8.cpp.o
LOAD .pio/build/teensy41/src/traffic_manager.cpp.o
START GROUP
LOAD .pio/build/teensy41/lib060/libSPI.a
LOAD .pio/build/teensy41/lib672/libWire.a
LOAD .pio/build/teensy41/lib6d5/libAdafruit GPS Library.a
LOAD .pio/build/teensy41/libaeb/libPU2CLR SI4735.a
LOAD .pio/build/teensy41/lib2cf/libAdafruit BusIO.a
LOAD .pio/build/teensy41/lib69e/libAdafruit GFX Library.a
LOAD .pio/build/teensy41/lib8e9/libSdFat.a
LOAD .pio/build/teensy41/lib341/libSD.a
LOAD .pio/build/teensy41/libfd4/libILI9488_t3.a
LOAD .pio/build/teensy41/lib8a2/libHX8357_t3n.a
LOAD .pio/build/teensy41/libbf3/libAGUI.a
LOAD .pio/build/teensy41/libbf8/libMCP342x.a
LOAD .pio/build/teensy41/libe47/libtouchscreen.a
LOAD .pio/build/teensy41/lib66f/libTime.a
LOAD .pio/build/teensy41/libafd/liblexical.a
LOAD .pio/build/teensy41/libf74/liblog.a
LOAD .pio/build/teensy41/lib749/libtimer.a
LOAD .pio/build/teensy41/lib31e/libUserInterface.a
LOAD .pio/build/teensy41/libef8/libSerialFlash.a
LOAD .pio/build/teensy41/libc46/libAudio.a
LOAD .pio/build/teensy41/lib6bd/libEEPROM.a
LOAD .pio/build/teensy41/libbb7/libft8.a
LOAD .pio/build/teensy41/lib275/liblocator.a
LOAD .pio/build/teensy41/lib2ab/libsi5351.a
LOAD .pio/build/teensy41/libFrameworkArduino.a
LOAD /Users/jconrad/.platformio/packages/toolchain-gccarmnoneeabi-teensy/bin/../lib/gcc/arm-none-eabi/11.3.1/../../../../arm-none-eabi/lib/libarm_cortexM7lfsp_math.a
LOAD /Users/jconrad/.platformio/packages/toolchain-gccarmnoneeabi-teensy/bin/../lib/gcc/arm-none-eabi/11.3.1/../../../../arm-none-eabi/lib/thumb/v7e-m+dp/hard/libstdc++.a
END GROUP
LOAD /Users/jconrad/.platformio/packages/toolchain-gccarmnoneeabi-teensy/bin/../lib/gcc/arm-none-eabi/11.3.1/../../../../arm-none-eabi/lib/thumb/v7e-m+dp/hard/libstdc++.a
LOAD /Users/jconrad/.platformio/packages/toolchain-gccarmnoneeabi-teensy/bin/../lib/gcc/arm-none-eabi/11.3.1/../../../../arm-none-eabi/lib/thumb/v7e-m+dp/hard/libm.a
START GROUP
LOAD /Users/jconrad/.platformio/packages/toolchain-gccarmnoneeabi-teensy/bin/../lib/gcc/arm-none-eabi/11.3.1/thumb/v7e-m+dp/hard/libgcc.a
LOAD /Users/jconrad/.platformio/packages/toolchain-gccarmnoneeabi-teensy/bin/../lib/gcc/arm-none-eabi/11.3.1/../../../../arm-none-eabi/lib/thumb/v7e-m+dp/hard/libc.a
END GROUP
LOAD /Users/jconrad/.platformio/packages/toolchain-gccarmnoneeabi-teensy/bin/../lib/gcc/arm-none-eabi/11.3.1/thumb/v7e-m+dp/hard/crtend.o
LOAD /Users/jconrad/.platformio/packages/toolchain-gccarmnoneeabi-teensy/bin/../lib/gcc/arm-none-eabi/11.3.1/thumb/v7e-m+dp/hard/crtn.o

.text.headers   0x0000000060000000     0x1400
 *(.flashconfig)
 .flashconfig   0x0000000060000000      0x200 .pio/build/teensy41/libFrameworkArduino.a(bootdata.c.o)
                0x0000000060000000                FlexSPI_NOR_Config
 FILL mask 0xff
                0x0000000060001000                . = (ORIGIN (FLASH) + 0x1000)
 *fill*         0x0000000060000200      0xe00 ff
 *(.ivt)
 .ivt           0x0000000060001000       0x20 .pio/build/teensy41/libFrameworkArduino.a(bootdata.c.o)
                0x0000000060001000                ImageVectorTable
 *(.bootdata)
 .bootdata      0x0000000060001020        0xc .pio/build/teensy41/libFrameworkArduino.a(bootdata.c.o)
                0x0000000060001020                BootData
                0x0000000060001400                . = ALIGN (0x400)
 *fill*         0x000000006000102c      0x3d4 ff

.text.code      0x0000000060001400     0x1b74
 *(.startup)
 .startup       0x0000000060001400      0x274 .pio/build/teensy41/libFrameworkArduino.a(startup.c.o)
                0x000000006000164c                ResetHandler
 *(.flashmem*)
 *fill*         0x0000000060001674        0x4 
 .flashmem      0x0000000060001678      0x470 .pio/build/teensy41/src/PocketFT8XcvrFW.cpp.o
                0x0000000060001678                loadSSB()
                0x00000000600016c4                loop
                0x000000006000183c                setup
 .flashmem      0x0000000060001ae8       0xf8 .pio/build/teensy41/libFrameworkArduino.a(AudioStream.cpp.o)
                0x0000000060001ae8                AudioStream::initialize_memory(audio_block_struct*, unsigned int)
 .flashmem      0x0000000060001be0      0x7fc .pio/build/teensy41/libFrameworkArduino.a(CrashReport.cpp.o)
                0x0000000060001be0                CrashReportClass::clear()
                0x0000000060001c7c                CrashReportClass::printTo(Print&) const
                0x0000000060002380                CrashReportClass::operator bool()
 .flashmem      0x00000000600023dc      0x500 .pio/build/teensy41/libFrameworkArduino.a(startup.c.o)
                0x00000000600023dc                startup_early_hook
                0x00000000600023dc                startup_default_early_hook
                0x00000000600023e0                startup_middle_hook
                0x00000000600023e0                startup_default_middle_hook
                0x00000000600023e4                startup_default_late_hook
                0x00000000600023e4                startup_late_hook
                0x00000000600023e8                startup_debug_reset
                0x00000000600023ec                configure_cache
                0x00000000600024fc                configure_external_ram
                0x0000000060002880                usb_pll_start
 .flashmem      0x00000000600028dc      0x130 .pio/build/teensy41/libFrameworkArduino.a(tempmon.c.o)
                0x00000000600028dc                tempmon_init
 .flashmem      0x0000000060002a0c      0x13c .pio/build/teensy41/libFrameworkArduino.a(usb.c.o)
                0x0000000060002a0c                usb_init
                0x0000000060002af4                _reboot_Teensyduino_
 .flashmem      0x0000000060002b48       0x54 .pio/build/teensy41/libFrameworkArduino.a(analog.c.o)
                0x0000000060002b48                analog_init
 .flashmem      0x0000000060002b9c      0x17c .pio/build/teensy41/lib672/libWire.a(WireIMXRT.cpp.o)
                0x0000000060002b9c                TwoWire::configSDApin(unsigned char)
                0x0000000060002bd0                TwoWire::setSDA(unsigned char)
                0x0000000060002c24                TwoWire::configSCLpin(unsigned char)
                0x0000000060002c58                TwoWire::setSCL(unsigned char)
                0x0000000060002cb0                TwoWire::begin()
                0x0000000060002d18                . = ALIGN (0x4)
 *(.init)
 .init          0x0000000060002d18        0x4 /Users/jconrad/.platformio/packages/toolchain-gccarmnoneeabi-teensy/bin/../lib/gcc/arm-none-eabi/11.3.1/thumb/v7e-m+dp/hard/crti.o
                0x0000000060002d18                _init
 .init          0x0000000060002d1c        0x8 /Users/jconrad/.platformio/packages/toolchain-gccarmnoneeabi-teensy/bin/../lib/gcc/arm-none-eabi/11.3.1/thumb/v7e-m+dp/hard/crtn.o
 *fill*         0x0000000060002d24        0x4 
 .init.__stub   0x0000000060002d28      0x220 linker stubs
                0x0000000060002f48                __preinit_array_start = .
 *(.preinit_array)
                0x0000000060002f48                __preinit_array_end = .
                0x0000000060002f48                __init_array_start = .
 *(.init_array)
 .init_array    0x0000000060002f48        0x4 /Users/jconrad/.platformio/packages/toolchain-gccarmnoneeabi-teensy/bin/../lib/gcc/arm-none-eabi/11.3.1/thumb/v7e-m+dp/hard/crtbegin.o
 .init_array    0x0000000060002f4c        0x4 .pio/build/teensy41/src/GPShelper.cpp.o
 .init_array    0x0000000060002f50        0x4 .pio/build/teensy41/src/PocketFT8XcvrFW.cpp.o
 .init_array    0x0000000060002f54        0x4 .pio/build/teensy41/src/button.cpp.o
 .init_array    0x0000000060002f58        0x4 .pio/build/teensy41/src/decode_ft8.cpp.o
 .init_array    0x0000000060002f5c        0x4 .pio/build/teensy41/lib341/libSD.a(SD.cpp.o)
 .init_array    0x0000000060002f60        0x4 .pio/build/teensy41/lib31e/libUserInterface.a(UserInterface.cpp.o)
 .init_array    0x0000000060002f64        0x4 .pio/build/teensy41/libc46/libAudio.a(input_adc.cpp.o)
 .init_array    0x0000000060002f68        0x4 .pio/build/teensy41/libFrameworkArduino.a(IntervalTimer.cpp.o)
 .init_array    0x0000000060002f6c        0x4 .pio/build/teensy41/libe47/libtouchscreen.a(TouchScreen_I2C.cpp.o)
 .init_array    0x0000000060002f70        0x4 .pio/build/teensy41/libbf8/libMCP342x.a(MCP342x.cpp.o)
                0x0000000060002f74                __init_array_end = .
                0x0000000060002f74                . = ALIGN (0x4)

.text.progmem   0x0000000060002f74     0x4654
 *(.progmem*)
 .progmem       0x0000000060002f74     0x3dd8 .pio/build/teensy41/src/PocketFT8XcvrFW.cpp.o
 .progmem       0x0000000060006d4c      0x658 .pio/build/teensy41/lib31e/libUserInterface.a(UserInterface.cpp.o)
 .progmem       0x00000000600073a4       0x2a .pio/build/teensy41/libc46/libAudio.a(input_adc.cpp.o)
 *fill*         0x00000000600073ce        0x2 
 .progmem       0x00000000600073d0      0x106 .pio/build/teensy41/libFrameworkArduino.a(usb_desc.c.o)
                0x00000000600073d0                usb_string_product_name
                0x00000000600073d0                usb_string_product_name_default
                0x00000000600073e8                usb_string_manufacturer_name_default
                0x00000000600073e8                usb_string_manufacturer_name
                0x0000000060007400                string0
                0x0000000060007404                usb_config_descriptor_12
                0x0000000060007468                usb_config_descriptor_480
 *fill*         0x00000000600074d6        0x2 
 .progmem       0x00000000600074d8       0xf0 .pio/build/teensy41/lib672/libWire.a(WireIMXRT.cpp.o)
                0x00000000600074d8                TwoWire::i2c4_hardware
                0x0000000060007528                TwoWire::i2c3_hardware
                0x0000000060007578                TwoWire::i2c1_hardware
                0x00000000600075c8                . = ALIGN (0x4)

.text.itcm      0x0000000000000000    0x2d9b0 load address 0x00000000600075c8
                0x0000000000000020                . = (. + 0x20)
 *fill*         0x0000000000000000       0x20 
 *(.fastrun)
 .fastrun       0x0000000000000020       0xc0 .pio/build/teensy41/libFrameworkArduino.a(interrupt.c.o)
                0x0000000000000020                irq_gpio6789
 *(.text*)
 .text.register_tm_clones
                0x00000000000000e0       0x24 /Users/jconrad/.platformio/packages/toolchain-gccarmnoneeabi-teensy/bin/../lib/gcc/arm-none-eabi/11.3.1/thumb/v7e-m+dp/hard/crtbegin.o
 .text.frame_dummy
                0x0000000000000104       0x24 /Users/jconrad/.platformio/packages/toolchain-gccarmnoneeabi-teensy/bin/../lib/gcc/arm-none-eabi/11.3.1/thumb/v7e-m+dp/hard/crtbegin.o
 .text._ZN5Print17availableForWriteEv
                0x0000000000000128        0x4 .pio/build/teensy41/src/Config.cpp.o
                0x0000000000000128                Print::availableForWrite()
 .text._ZN5Print5flushEv
                0x000000000000012c        0x4 .pio/build/teensy41/src/Config.cpp.o
                0x000000000000012c                Print::flush()
 .text._ZN6SDFile6isOpenEv
                0x0000000000000130       0x14 .pio/build/teensy41/src/Config.cpp.o
                0x0000000000000130                SDFile::isOpen()
 .text._ZN11ArduinoJson8V731PD226detail16DefaultAllocator10reallocateEPvj
                0x0000000000000144        0x8 .pio/build/teensy41/src/Config.cpp.o
                0x0000000000000144                ArduinoJson::V731PD22::detail::DefaultAllocator::reallocate(void*, unsigned int)
 .text._ZN11ArduinoJson8V731PD226detail16DefaultAllocator10deallocateEPv
                0x000000000000014c        0x8 .pio/build/teensy41/src/Config.cpp.o
                0x000000000000014c                ArduinoJson::V731PD22::detail::DefaultAllocator::deallocate(void*)
 .text._ZN11ArduinoJson8V731PD226detail16DefaultAllocator8allocateEj
                0x0000000000000154        0x8 .pio/build/teensy41/src/Config.cpp.o
                0x0000000000000154                ArduinoJson::V731PD22::detail::DefaultAllocator::allocate(unsigned int)
 .text._ZN6SDFile5closeEv
                0x000000000000015c       0x28 .pio/build/teensy41/src/Config.cpp.o
                0x000000000000015c                SDFile::close()
 .text._ZN6SDFile4nameEv
                0x0000000000000184       0x50 .pio/build/teensy41/src/Config.cpp.o
                0x0000000000000184                SDFile::name()
 .text._ZN6SDFile8truncateEy
                0x00000000000001d4       0x3c .pio/build/teensy41/src/Config.cpp.o
                0x00000000000001d4                SDFile::truncate(unsigned long long)
 .text._ZN6SDFile13setModifyTimeERK14DateTimeFields
                0x0000000000000210       0x54 .pio/build/teensy41/src/Config.cpp.o
                0x0000000000000210                SDFile::setModifyTime(DateTimeFields const&)
 .text._ZN6SDFile15rewindDirectoryEv
                0x0000000000000264       0x48 .pio/build/teensy41/src/Config.cpp.o
                0x0000000000000264                SDFile::rewindDirectory()
 .text._ZN6SDFile13getModifyTimeER14DateTimeFields
                0x00000000000002ac       0x70 .pio/build/teensy41/src/Config.cpp.o
                0x00000000000002ac                SDFile::getModifyTime(DateTimeFields&)
 .text._ZN6SDFile13getCreateTimeER14DateTimeFields
                0x000000000000031c       0x70 .pio/build/teensy41/src/Config.cpp.o
                0x000000000000031c                SDFile::getCreateTime(DateTimeFields&)
 .text._ZN4File9availableEv
                0x000000000000038c       0x60 .pio/build/teensy41/src/Config.cpp.o
                0x000000000000038c                File::available()
 .text._ZN4File5writeEh
                0x00000000000003ec       0x54 .pio/build/teensy41/src/Config.cpp.o
                0x00000000000003ec                File::write(unsigned char)
 .text._ZN4File5flushEv
                0x0000000000000440       0x28 .pio/build/teensy41/src/Config.cpp.o
                0x0000000000000440                File::flush()
 .text._ZN4File4peekEv
                0x0000000000000468       0x2c .pio/build/teensy41/src/Config.cpp.o
                0x0000000000000468                File::peek()
 .text._ZN4File4readEv
                0x0000000000000494       0x58 .pio/build/teensy41/src/Config.cpp.o
                0x0000000000000494                File::read()
 .text._ZN6SDFile8positionEv
                0x00000000000004ec       0x1c .pio/build/teensy41/src/Config.cpp.o
                0x00000000000004ec                SDFile::position()
 .text._ZN6SDFile4sizeEv
                0x0000000000000508       0x1c .pio/build/teensy41/src/Config.cpp.o
                0x0000000000000508                SDFile::size()
 .text._ZN6SDFile12openNextFileEh
                0x0000000000000524       0xb0 .pio/build/teensy41/src/Config.cpp.o
                0x0000000000000524                SDFile::openNextFile(unsigned char)
 .text._ZN6SDFile4peekEv
                0x00000000000005d4       0x18 .pio/build/teensy41/src/Config.cpp.o
                0x00000000000005d4                SDFile::peek()
 .text._ZN10StreamFileI10FsBaseFileyE4peekEv
                0x00000000000005ec       0x18 .pio/build/teensy41/src/Config.cpp.o
                0x00000000000005ec                StreamFile<FsBaseFile, unsigned long long>::peek()
 .text._ZN6SDFile11isDirectoryEv
                0x0000000000000604       0x28 .pio/build/teensy41/src/Config.cpp.o
                0x0000000000000604                SDFile::isDirectory()
 .text._ZN6SDFile4readEPvj
                0x000000000000062c       0x18 .pio/build/teensy41/src/Config.cpp.o
                0x000000000000062c                SDFile::read(void*, unsigned int)
 .text._ZN10StreamFileI10FsBaseFileyE4readEv
                0x0000000000000644       0x38 .pio/build/teensy41/src/Config.cpp.o
                0x0000000000000644                StreamFile<FsBaseFile, unsigned long long>::read()
 .text._ZN6SDFile5flushEv
                0x000000000000067c       0x14 .pio/build/teensy41/src/Config.cpp.o
                0x000000000000067c                SDFile::flush()
 .text._ZN10StreamFileI10FsBaseFileyE5flushEv
                0x0000000000000690       0x14 .pio/build/teensy41/src/Config.cpp.o
                0x0000000000000690                StreamFile<FsBaseFile, unsigned long long>::flush()
 .text._ZN10StreamFileI10FsBaseFileyE5writeEPKhj
                0x00000000000006a4       0x14 .pio/build/teensy41/src/Config.cpp.o
                0x00000000000006a4                StreamFile<FsBaseFile, unsigned long long>::write(unsigned char const*, unsigned int)
 .text._ZN6SDFile5writeEPKvj
                0x00000000000006b8       0x14 .pio/build/teensy41/src/Config.cpp.o
                0x00000000000006b8                SDFile::write(void const*, unsigned int)
 .text._ZN10StreamFileI10FsBaseFileyE5writeEh
                0x00000000000006cc       0x34 .pio/build/teensy41/src/Config.cpp.o
                0x00000000000006cc                StreamFile<FsBaseFile, unsigned long long>::write(unsigned char)
 .text._ZN6SDFile13setCreateTimeERK14DateTimeFields
                0x0000000000000700       0x54 .pio/build/teensy41/src/Config.cpp.o
                0x0000000000000700                SDFile::setCreateTime(DateTimeFields const&)
 .text._ZN6SDFile9availableEv
                0x0000000000000754       0x4c .pio/build/teensy41/src/Config.cpp.o
                0x0000000000000754                SDFile::available()
 .text._ZN10StreamFileI10FsBaseFileyE9availableEv
                0x00000000000007a0       0x4c .pio/build/teensy41/src/Config.cpp.o
                0x00000000000007a0                StreamFile<FsBaseFile, unsigned long long>::available()
 .text._ZN4File5writeEPKhj
                0x00000000000007ec       0x44 .pio/build/teensy41/src/Config.cpp.o
                0x00000000000007ec                File::write(unsigned char const*, unsigned int)
 .text._ZN6SDFileD2Ev
                0x0000000000000830       0x40 .pio/build/teensy41/src/Config.cpp.o
                0x0000000000000830                SDFile::~SDFile()
                0x0000000000000830                SDFile::~SDFile()
 .text._ZN6SDFileD0Ev
                0x0000000000000870       0x48 .pio/build/teensy41/src/Config.cpp.o
                0x0000000000000870                SDFile::~SDFile()
 .text._ZN6SDFile4seekEyi
                0x00000000000008b8       0x90 .pio/build/teensy41/src/Config.cpp.o
                0x00000000000008b8                SDFile::seek(unsigned long long, int)
 .text._ZN4FileD2Ev
                0x0000000000000948       0xa8 .pio/build/teensy41/src/Config.cpp.o
                0x0000000000000948                File::~File()
                0x0000000000000948                File::~File()
 .text._ZN4FileD0Ev
                0x00000000000009f0       0xb0 .pio/build/teensy41/src/Config.cpp.o
                0x00000000000009f0                File::~File()
 .text._ZN11ArduinoJson8V731PD226detail11VariantData5clearEPNS1_15ResourceManagerE
                0x0000000000000aa0      0x5e4 .pio/build/teensy41/src/Config.cpp.o
                0x0000000000000aa0                ArduinoJson::V731PD22::detail::VariantData::clear(ArduinoJson::V731PD22::detail::ResourceManager*)
 *fill*         0x0000000000001084        0x4 
 .text._ZN11ArduinoJson8V731PD226detail11parseNumberEPKc
                0x0000000000001088      0x3b4 .pio/build/teensy41/src/Config.cpp.o
                0x0000000000001088                ArduinoJson::V731PD22::detail::parseNumber(char const*)
 .text._ZN11ArduinoJson8V731PD226detail14MemoryPoolListINS1_15ResourceManager8SlotDataEE9allocSlotEPNS0_9AllocatorE
                0x000000000000143c      0x1b0 .pio/build/teensy41/src/Config.cpp.o
                0x000000000000143c                ArduinoJson::V731PD22::detail::MemoryPoolList<ArduinoJson::V731PD22::detail::ResourceManager::SlotData>::allocSlot(ArduinoJson::V731PD22::Allocator*)
 .text._ZNK11ArduinoJson8V731PD226detail14VariantRefBaseINS1_11MemberProxyIRNS0_12JsonDocumentENS1_9RamStringEEEE2asIPKcEET_v
                0x00000000000015ec       0xdc .pio/build/teensy41/src/Config.cpp.o
                0x00000000000015ec                char const* ArduinoJson::V731PD22::detail::VariantRefBase<ArduinoJson::V731PD22::detail::MemberProxy<ArduinoJson::V731PD22::JsonDocument&, ArduinoJson::V731PD22::detail::RamString> >::as<char const*>() const
 .text._ZN11ArduinoJson8V731PD226detailorERKNS1_11MemberProxyIRNS0_12JsonDocumentENS1_9RamStringEEEPKc
                0x00000000000016c8       0xe8 .pio/build/teensy41/src/Config.cpp.o
                0x00000000000016c8                ArduinoJson::V731PD22::detail::operator|(ArduinoJson::V731PD22::detail::MemberProxy<ArduinoJson::V731PD22::JsonDocument&, ArduinoJson::V731PD22::detail::RamString> const&, char const*)
 .text._ZNK11ArduinoJson8V731PD226detail14VariantRefBaseINS1_11MemberProxyIRNS0_12JsonDocumentENS1_9RamStringEEEE2asIbEET_v
                0x00000000000017b0      0x1cc .pio/build/teensy41/src/Config.cpp.o
                0x00000000000017b0                bool ArduinoJson::V731PD22::detail::VariantRefBase<ArduinoJson::V731PD22::detail::MemberProxy<ArduinoJson::V731PD22::JsonDocument&, ArduinoJson::V731PD22::detail::RamString> >::as<bool>() const
 .text._ZN11ArduinoJson8V731PD226detailorIbLi0EEET_RKNS1_11MemberProxyIRNS0_12JsonDocumentENS1_9RamStringEEERKS3_
                0x000000000000197c       0xe4 .pio/build/teensy41/src/Config.cpp.o
                0x000000000000197c                bool ArduinoJson::V731PD22::detail::operator|<bool, 0>(ArduinoJson::V731PD22::detail::MemberProxy<ArduinoJson::V731PD22::JsonDocument&, ArduinoJson::V731PD22::detail::RamString> const&, bool const&)
 .text._ZNK11ArduinoJson8V731PD226detail11VariantData10asIntegralIiEET_PKNS1_15ResourceManagerE
                0x0000000000001a60      0x170 .pio/build/teensy41/src/Config.cpp.o
                0x0000000000001a60                int ArduinoJson::V731PD22::detail::VariantData::asIntegral<int>(ArduinoJson::V731PD22::detail::ResourceManager const*) const
 .text._ZNK11ArduinoJson8V731PD226detail14VariantRefBaseINS1_11MemberProxyIRNS0_12JsonDocumentENS1_9RamStringEEEE2asIiEET_v
                0x0000000000001bd0       0xd4 .pio/build/teensy41/src/Config.cpp.o
                0x0000000000001bd0                int ArduinoJson::V731PD22::detail::VariantRefBase<ArduinoJson::V731PD22::detail::MemberProxy<ArduinoJson::V731PD22::JsonDocument&, ArduinoJson::V731PD22::detail::RamString> >::as<int>() const
 .text._ZN11ArduinoJson8V731PD226detailorIiLi0EEET_RKNS1_11MemberProxyIRNS0_12JsonDocumentENS1_9RamStringEEERKS3_
                0x0000000000001ca4      0x180 .pio/build/teensy41/src/Config.cpp.o
                0x0000000000001ca4                int ArduinoJson::V731PD22::detail::operator|<int, 0>(ArduinoJson::V731PD22::detail::MemberProxy<ArduinoJson::V731PD22::JsonDocument&, ArduinoJson::V731PD22::detail::RamString> const&, int const&)
 .text._ZN11ArduinoJson8V731PD226detail16JsonDeserializerINS1_6ReaderI4FilevEEE21skipSpacesAndCommentsEv
                0x0000000000001e24      0x130 .pio/build/teensy41/src/Config.cpp.o
                0x0000000000001e24                ArduinoJson::V731PD22::detail::JsonDeserializer<ArduinoJson::V731PD22::detail::Reader<File, void> >::skipSpacesAndComments()
 .text._ZN11ArduinoJson8V731PD226detail16JsonDeserializerINS1_6ReaderI4FilevEEE17parseNumericValueERNS1_11VariantDataE
                0x0000000000001f54      0x1cc .pio/build/teensy41/src/Config.cpp.o
                0x0000000000001f54                ArduinoJson::V731PD22::detail::JsonDeserializer<ArduinoJson::V731PD22::detail::Reader<File, void> >::parseNumericValue(ArduinoJson::V731PD22::detail::VariantData&)
 .text._ZN11ArduinoJson8V731PD226detail16JsonDeserializerINS1_6ReaderI4FilevEEE17parseQuotedStringEv
                0x0000000000002120      0x38c .pio/build/teensy41/src/Config.cpp.o
                0x0000000000002120                ArduinoJson::V731PD22::detail::JsonDeserializer<ArduinoJson::V731PD22::detail::Reader<File, void> >::parseQuotedString()
 .text._ZN11ArduinoJson8V731PD226detail16JsonDeserializerINS1_6ReaderI4FilevEEE12parseVariantINS1_14AllowAllFilterEEENS0_20DeserializationError4CodeERNS1_11VariantDataET_NS0_21DeserializationOption12NestingLimitE.isra.0
                0x00000000000024ac      0x8bc .pio/build/teensy41/src/Config.cpp.o
 .text._Z14readConfigFilev
                0x0000000000002d68      0x77c .pio/build/teensy41/src/Config.cpp.o
                0x0000000000002d68                readConfigFile()
 .text._Z6isrPPSv
                0x00000000000034e4        0xc .pio/build/teensy41/src/GPShelper.cpp.o
                0x00000000000034e4                isrPPS()
 .text._ZN9GPShelper6hasFixEv
                0x00000000000034f0        0xc .pio/build/teensy41/src/GPShelper.cpp.o
                0x00000000000034f0                GPShelper::hasFix()
 .text._ZN9GPShelperC2Ej
                0x00000000000034fc       0x50 .pio/build/teensy41/src/GPShelper.cpp.o
                0x00000000000034fc                GPShelper::GPShelper(unsigned int)
                0x00000000000034fc                GPShelper::GPShelper(unsigned int)
 *fill*         0x000000000000354c        0x4 
 .text._ZN9GPShelper13obtainGPSDataEjPFvjE
                0x0000000000003550      0x18c .pio/build/teensy41/src/GPShelper.cpp.o
                0x0000000000003550                GPShelper::obtainGPSData(unsigned int, void (*)(unsigned int))
 .text.startup._GLOBAL__sub_I__Z6isrPPSv
                0x00000000000036dc       0x2c .pio/build/teensy41/src/GPShelper.cpp.o
 .text._ZL11gpsCallbackj
                0x0000000000003708        0x4 .pio/build/teensy41/src/PocketFT8XcvrFW.cpp.o
 .text._ZN9SequencerD2Ev
                0x000000000000370c       0x18 .pio/build/teensy41/src/PocketFT8XcvrFW.cpp.o
                0x000000000000370c                Sequencer::~Sequencer()
                0x000000000000370c                Sequencer::~Sequencer()
 .text._Z14getTeensy3Timev
                0x0000000000003724        0xc .pio/build/teensy41/src/PocketFT8XcvrFW.cpp.o
                0x0000000000003724                getTeensy3Time()
 .text._Z12process_datav
                0x0000000000003730       0x80 .pio/build/teensy41/src/PocketFT8XcvrFW.cpp.o
                0x0000000000003730                process_data()
 .text._Z22update_synchronizationv
                0x00000000000037b0       0x80 .pio/build/teensy41/src/PocketFT8XcvrFW.cpp.o
                0x00000000000037b0                update_synchronization()
 .text._Z18waitForFT8timeslotv
                0x0000000000003830       0xc0 .pio/build/teensy41/src/PocketFT8XcvrFW.cpp.o
                0x0000000000003830                waitForFT8timeslot()
 .text.startup._GLOBAL__sub_I_ui
                0x00000000000038f0      0x164 .pio/build/teensy41/src/PocketFT8XcvrFW.cpp.o
 .text._Z8init_DSPv
                0x0000000000003a54       0x9c .pio/build/teensy41/src/Process_DSP.cpp.o
                0x0000000000003a54                init_DSP()
 .text._Z13extract_poweri
                0x0000000000003af0      0x154 .pio/build/teensy41/src/Process_DSP.cpp.o
                0x0000000000003af0                extract_power(int)
 .text._Z23update_offset_waterfalli
                0x0000000000003c44       0xc8 .pio/build/teensy41/src/Process_DSP.cpp.o
                0x0000000000003c44                update_offset_waterfall(int)
 .text._Z15process_FT8_FFTv
                0x0000000000003d0c       0x50 .pio/build/teensy41/src/Process_DSP.cpp.o
                0x0000000000003d0c                process_FT8_FFT()
 .text._ZN9Sequencer5beginEjPKc
                0x0000000000003d5c       0x70 .pio/build/teensy41/src/Sequencer.cpp.o
                0x0000000000003d5c                Sequencer::begin(unsigned int, char const*)
 .text._ZN9Sequencer10cqMsgEventEP6Decode
                0x0000000000003dcc      0x154 .pio/build/teensy41/src/Sequencer.cpp.o
                0x0000000000003dcc                Sequencer::cqMsgEvent(Decode*)
 .text._ZN9Sequencer15tuneButtonEventEv
                0x0000000000003f20       0x60 .pio/build/teensy41/src/Sequencer.cpp.o
                0x0000000000003f20                Sequencer::tuneButtonEvent()
 .text._ZN9Sequencer13cqButtonEventEv
                0x0000000000003f80       0x7c .pio/build/teensy41/src/Sequencer.cpp.o
                0x0000000000003f80                Sequencer::cqButtonEvent()
 .text._ZN9Sequencer13msgClickEventEj
                0x0000000000003ffc       0x94 .pio/build/teensy41/src/Sequencer.cpp.o
                0x0000000000003ffc                Sequencer::msgClickEvent(unsigned int)
 .text._ZN9Sequencer8rslEventEP6Decode
                0x0000000000004090       0xb4 .pio/build/teensy41/src/Sequencer.cpp.o
                0x0000000000004090                Sequencer::rslEvent(Decode*)
 .text._ZN9Sequencer12locatorEventEP6Decode
                0x0000000000004144       0x6c .pio/build/teensy41/src/Sequencer.cpp.o
                0x0000000000004144                Sequencer::locatorEvent(Decode*)
 .text._ZN9Sequencer8pendXmitEj18SequencerStateType
                0x00000000000041b0       0xa4 .pio/build/teensy41/src/Sequencer.cpp.o
                0x00000000000041b0                Sequencer::pendXmit(unsigned int, SequencerStateType)
 .text._ZN9Sequencer17getSequenceNumberEv
                0x0000000000004254        0x8 .pio/build/teensy41/src/Sequencer.cpp.o
                0x0000000000004254                Sequencer::getSequenceNumber()
 .text._ZN9Sequencer6endQSOEv
                0x000000000000425c       0xf0 .pio/build/teensy41/src/Sequencer.cpp.o
                0x000000000000425c                Sequencer::endQSO()
 .text._ZN9Sequencer13timeslotEventEv
                0x000000000000434c       0xdc .pio/build/teensy41/src/Sequencer.cpp.o
                0x000000000000434c                Sequencer::timeslotEvent()
 .text._ZN9Sequencer13eotReplyEventEP6Decode
                0x0000000000004428       0x50 .pio/build/teensy41/src/Sequencer.cpp.o
                0x0000000000004428                Sequencer::eotReplyEvent(Decode*)
 .text._ZN9Sequencer10timerEventEP5Timer
                0x0000000000004478       0xb8 .pio/build/teensy41/src/Sequencer.cpp.o
                0x0000000000004478                Sequencer::timerEvent(Timer*)
 .text._ZN9Sequencer16abortButtonEventEv
                0x0000000000004530       0x2c .pio/build/teensy41/src/Sequencer.cpp.o
                0x0000000000004530                Sequencer::abortButtonEvent()
 .text._ZN9Sequencer16receivedMsgEventEP6Decode
                0x000000000000455c      0x1d0 .pio/build/teensy41/src/Sequencer.cpp.o
                0x000000000000455c                Sequencer::receivedMsgEvent(Decode*)
 .text._Z16setAutoReplyToCQb
                0x000000000000472c       0x18 .pio/build/teensy41/src/Sequencer.cpp.o
                0x000000000000472c                setAutoReplyToCQ(bool)
 .text._Z16set_startup_freqv
                0x0000000000004744       0x30 .pio/build/teensy41/src/Waterfall.cpp.o
                0x0000000000004744                set_startup_freq()
 .text._Z24terminate_transmit_armedv
                0x0000000000004774       0x10 .pio/build/teensy41/src/button.cpp.o
                0x0000000000004774                terminate_transmit_armed()
 .text.startup._GLOBAL__sub_I_draw_x
                0x0000000000004784       0x5c .pio/build/teensy41/src/button.cpp.o
 .text._Z16display_messagesi
                0x00000000000047e0       0xe0 .pio/build/teensy41/src/decode_ft8.cpp.o
                0x00000000000047e0                display_messages(int)
 .text._Z16validate_locatorPc
                0x00000000000048c0       0x2c .pio/build/teensy41/src/decode_ft8.cpp.o
                0x00000000000048c0                validate_locator(char*)
 .text._Z10ft8_decodev
                0x00000000000048ec      0x390 .pio/build/teensy41/src/decode_ft8.cpp.o
                0x00000000000048ec                ft8_decode()
 .text._Z8strindexPcS_
                0x0000000000004c7c       0x4c .pio/build/teensy41/src/decode_ft8.cpp.o
                0x0000000000004c7c                strindex(char*, char*)
 .text._Z22Check_Calling_Stationsi
                0x0000000000004cc8       0xfc .pio/build/teensy41/src/decode_ft8.cpp.o
                0x0000000000004cc8                Check_Calling_Stations(int)
 .text.startup._GLOBAL__sub_I_erase
                0x0000000000004dc4       0x58 .pio/build/teensy41/src/decode_ft8.cpp.o
 .text._Z13setXmitParamsPci
                0x0000000000004e1c       0x20 .pio/build/teensy41/src/gen_ft8.cpp.o
                0x0000000000004e1c                setXmitParams(char*, int)
 .text._Z11get_messagev
                0x0000000000004e3c        0x8 .pio/build/teensy41/src/gen_ft8.cpp.o
                0x0000000000004e3c                get_message()
 .text._Z24clearOutboundMessageTextv
                0x0000000000004e44        0xc .pio/build/teensy41/src/gen_ft8.cpp.o
                0x0000000000004e44                clearOutboundMessageText()
 .text._Z27clearOutboundMessageDisplayv
                0x0000000000004e50       0x60 .pio/build/teensy41/src/gen_ft8.cpp.o
                0x0000000000004e50                clearOutboundMessageDisplay()
 .text._Z11set_messaget
                0x0000000000004eb0      0x124 .pio/build/teensy41/src/gen_ft8.cpp.o
                0x0000000000004eb0                set_message(unsigned short)
 .text._Z17transmit_sequencev
                0x0000000000004fd4       0xa4 .pio/build/teensy41/src/traffic_manager.cpp.o
                0x0000000000004fd4                transmit_sequence()
 .text._Z16receive_sequencev
                0x0000000000005078       0x68 .pio/build/teensy41/src/traffic_manager.cpp.o
                0x0000000000005078                receive_sequence()
 .text._Z16tune_On_sequencev
                0x00000000000050e0       0x80 .pio/build/teensy41/src/traffic_manager.cpp.o
                0x00000000000050e0                tune_On_sequence()
 .text._Z17tune_Off_sequencev
                0x0000000000005160       0x68 .pio/build/teensy41/src/traffic_manager.cpp.o
                0x0000000000005160                tune_Off_sequence()
 .text._Z13set_Xmit_Freqv
                0x00000000000051c8       0x4c .pio/build/teensy41/src/traffic_manager.cpp.o
                0x00000000000051c8                set_Xmit_Freq()
 .text._Z12set_FT8_Toneh
                0x0000000000005214       0x54 .pio/build/teensy41/src/traffic_manager.cpp.o
                0x0000000000005214                set_FT8_Tone(unsigned char)
 .text._Z34setup_to_transmit_on_next_DSP_Flagv
                0x0000000000005268       0x1c .pio/build/teensy41/src/traffic_manager.cpp.o
                0x0000000000005268                setup_to_transmit_on_next_DSP_Flag()
 .text._ZN7TwoWire4readEv
                0x0000000000005284       0x20 .pio/build/teensy41/lib6d5/libAdafruit GPS Library.a(Adafruit_GPS.cpp.o)
                0x0000000000005284                TwoWire::read()
 .text._ZN12Adafruit_GPSD2Ev
                0x00000000000052a4       0x20 .pio/build/teensy41/lib6d5/libAdafruit GPS Library.a(Adafruit_GPS.cpp.o)
                0x00000000000052a4                Adafruit_GPS::~Adafruit_GPS()
                0x00000000000052a4                Adafruit_GPS::~Adafruit_GPS()
 .text._ZN12Adafruit_GPSD0Ev
                0x00000000000052c4       0x2c .pio/build/teensy41/lib6d5/libAdafruit GPS Library.a(Adafruit_GPS.cpp.o)
                0x00000000000052c4                Adafruit_GPS::~Adafruit_GPS()
 .text._ZN8SPIClass16beginTransactionE11SPISettings
                0x00000000000052f0      0x110 .pio/build/teensy41/lib6d5/libAdafruit GPS Library.a(Adafruit_GPS.cpp.o)
                0x00000000000052f0                SPIClass::beginTransaction(SPISettings)
 .text._ZN12Adafruit_GPS5writeEh
                0x0000000000005400       0xf4 .pio/build/teensy41/lib6d5/libAdafruit GPS Library.a(Adafruit_GPS.cpp.o)
                0x0000000000005400                Adafruit_GPS::write(unsigned char)
 .text._ZN12Adafruit_GPS5beginEm
                0x00000000000054f4       0x98 .pio/build/teensy41/lib6d5/libAdafruit GPS Library.a(Adafruit_GPS.cpp.o)
                0x00000000000054f4                Adafruit_GPS::begin(unsigned long)
 .text._ZN12Adafruit_GPS11common_initEv
                0x000000000000558c       0x64 .pio/build/teensy41/lib6d5/libAdafruit GPS Library.a(Adafruit_GPS.cpp.o)
                0x000000000000558c                Adafruit_GPS::common_init()
 .text._ZN12Adafruit_GPSC2EP14HardwareSerial
                0x00000000000055f0      0x294 .pio/build/teensy41/lib6d5/libAdafruit GPS Library.a(Adafruit_GPS.cpp.o)
                0x00000000000055f0                Adafruit_GPS::Adafruit_GPS(HardwareSerial*)
                0x00000000000055f0                Adafruit_GPS::Adafruit_GPS(HardwareSerial*)
 .text._ZN12Adafruit_GPS4readEv
                0x0000000000005884      0x28c .pio/build/teensy41/lib6d5/libAdafruit GPS Library.a(Adafruit_GPS.cpp.o)
                0x0000000000005884                Adafruit_GPS::read()
 .text._ZN12Adafruit_GPS11sendCommandEPKc
                0x0000000000005b10       0x24 .pio/build/teensy41/lib6d5/libAdafruit GPS Library.a(Adafruit_GPS.cpp.o)
                0x0000000000005b10                Adafruit_GPS::sendCommand(char const*)
 .text._ZN12Adafruit_GPS15newNMEAreceivedEv
                0x0000000000005b34        0x8 .pio/build/teensy41/lib6d5/libAdafruit GPS Library.a(Adafruit_GPS.cpp.o)
                0x0000000000005b34                Adafruit_GPS::newNMEAreceived()
 .text._ZN12Adafruit_GPS8lastNMEAEv
                0x0000000000005b3c        0xc .pio/build/teensy41/lib6d5/libAdafruit GPS Library.a(Adafruit_GPS.cpp.o)
                0x0000000000005b3c                Adafruit_GPS::lastNMEA()
 .text._ZN12Adafruit_GPS16secondsSinceTimeEv
                0x0000000000005b48       0x2c .pio/build/teensy41/lib6d5/libAdafruit GPS Library.a(Adafruit_GPS.cpp.o)
                0x0000000000005b48                Adafruit_GPS::secondsSinceTime()
 .text._ZN12Adafruit_GPS13initDataValueE12nmea_index_tPcS1_S1_m17nmea_value_type_t
                0x0000000000005b74       0x74 .pio/build/teensy41/lib6d5/libAdafruit GPS Library.a(NMEA_data.cpp.o)
                0x0000000000005b74                Adafruit_GPS::initDataValue(nmea_index_t, char*, char*, char*, unsigned long, nmea_value_type_t)
 .text._ZN12Adafruit_GPS9data_initEv
                0x0000000000005be8      0x480 .pio/build/teensy41/lib6d5/libAdafruit GPS Library.a(NMEA_data.cpp.o)
                0x0000000000005be8                Adafruit_GPS::data_init()
 .text._ZN12Adafruit_GPS13removeHistoryE12nmea_index_t
                0x0000000000006068       0x28 .pio/build/teensy41/lib6d5/libAdafruit GPS Library.a(NMEA_data.cpp.o)
                0x0000000000006068                Adafruit_GPS::removeHistory(nmea_index_t)
 .text._ZN12Adafruit_GPS9boatAngleEff
                0x0000000000006090       0xf4 .pio/build/teensy41/lib6d5/libAdafruit GPS Library.a(NMEA_data.cpp.o)
                0x0000000000006090                Adafruit_GPS::boatAngle(float, float)
 .text._ZN12Adafruit_GPS12newDataValueE12nmea_index_tf
                0x0000000000006184      0x1dc .pio/build/teensy41/lib6d5/libAdafruit GPS Library.a(NMEA_data.cpp.o)
                0x0000000000006184                Adafruit_GPS::newDataValue(nmea_index_t, float)
 .text._ZN12Adafruit_GPS10parseCoordEPcPfS1_PlS0_.part.0
                0x0000000000006360      0x17c .pio/build/teensy41/lib6d5/libAdafruit GPS Library.a(NMEA_parse.cpp.o)
 .text._ZN12Adafruit_GPS11tokenOnListEPcPPKc
                0x00000000000064dc       0x40 .pio/build/teensy41/lib6d5/libAdafruit GPS Library.a(NMEA_parse.cpp.o)
                0x00000000000064dc                Adafruit_GPS::tokenOnList(char*, char const**)
 .text._ZN12Adafruit_GPS10parseCoordEPcPfS1_PlS0_
                0x000000000000651c       0x38 .pio/build/teensy41/lib6d5/libAdafruit GPS Library.a(NMEA_parse.cpp.o)
                0x000000000000651c                Adafruit_GPS::parseCoord(char*, float*, float*, long*, char*)
 .text._ZN12Adafruit_GPS8parseStrEPcS0_i
                0x0000000000006554       0x78 .pio/build/teensy41/lib6d5/libAdafruit GPS Library.a(NMEA_parse.cpp.o)
                0x0000000000006554                Adafruit_GPS::parseStr(char*, char*, int)
 .text._ZN12Adafruit_GPS5checkEPc.part.0.constprop.0
                0x00000000000065cc      0x114 .pio/build/teensy41/lib6d5/libAdafruit GPS Library.a(NMEA_parse.cpp.o)
 .text._ZN12Adafruit_GPS9parseTimeEPc
                0x00000000000066e0       0xb8 .pio/build/teensy41/lib6d5/libAdafruit GPS Library.a(NMEA_parse.cpp.o)
                0x00000000000066e0                Adafruit_GPS::parseTime(char*)
 .text._ZN12Adafruit_GPS5parseEPc
                0x0000000000006798     0x118c .pio/build/teensy41/lib6d5/libAdafruit GPS Library.a(NMEA_parse.cpp.o)
                0x0000000000006798                Adafruit_GPS::parse(char*)
 .text._ZN6SI4735C2Ev
                0x0000000000007924       0x48 .pio/build/teensy41/libaeb/libPU2CLR SI4735.a(SI4735.cpp.o)
                0x0000000000007924                SI4735::SI4735()
                0x0000000000007924                SI4735::SI4735()
 .text._ZN6SI47355resetEv
                0x000000000000796c       0x38 .pio/build/teensy41/libaeb/libPU2CLR SI4735.a(SI4735.cpp.o)
                0x000000000000796c                SI4735::reset()
 .text._ZN6SI473519getDeviceI2CAddressEh
                0x00000000000079a4       0x64 .pio/build/teensy41/libaeb/libPU2CLR SI4735.a(SI4735.cpp.o)
                0x00000000000079a4                SI4735::getDeviceI2CAddress(unsigned char)
 .text._ZN6SI473510waitToSendEv
                0x0000000000007a08       0x6c .pio/build/teensy41/libaeb/libPU2CLR SI4735.a(SI4735.cpp.o)
                0x0000000000007a08                SI4735::waitToSend()
 .text._ZN6SI47359powerDownEv
                0x0000000000007a74       0x94 .pio/build/teensy41/libaeb/libPU2CLR SI4735.a(SI4735.cpp.o)
                0x0000000000007a74                SI4735::powerDown()
 .text._ZN6SI473514queryLibraryIdEv
                0x0000000000007b08       0xdc .pio/build/teensy41/libaeb/libPU2CLR SI4735.a(SI4735.cpp.o)
                0x0000000000007b08                SI4735::queryLibraryId()
 .text._ZN6SI473512patchPowerUpEv
                0x0000000000007be4       0x50 .pio/build/teensy41/libaeb/libPU2CLR SI4735.a(SI4735.cpp.o)
                0x0000000000007be4                SI4735::patchPowerUp()
 .text._ZN6SI473512setFrequencyEt
                0x0000000000007c34       0xa8 .pio/build/teensy41/libaeb/libPU2CLR SI4735.a(SI4735.cpp.o)
                0x0000000000007c34                SI4735::setFrequency(unsigned short)
 .text._ZN6SI473532setTuneFrequencyAntennaCapacitorEt
                0x0000000000007cdc       0x4c .pio/build/teensy41/libaeb/libPU2CLR SI4735.a(SI4735.cpp.o)
                0x0000000000007cdc                SI4735::setTuneFrequencyAntennaCapacitor(unsigned short)
 .text._ZN6SI47359getStatusEhh
                0x0000000000007d28       0xe8 .pio/build/teensy41/libaeb/libPU2CLR SI4735.a(SI4735.cpp.o)
                0x0000000000007d28                SI4735::getStatus(unsigned char, unsigned char)
 .text._ZN6SI473512getFrequencyEv
                0x0000000000007e10       0x28 .pio/build/teensy41/libaeb/libPU2CLR SI4735.a(SI4735.cpp.o)
                0x0000000000007e10                SI4735::getFrequency()
 .text._ZN6SI473512sendPropertyEtt
                0x0000000000007e38       0x8c .pio/build/teensy41/libaeb/libPU2CLR SI4735.a(SI4735.cpp.o)
                0x0000000000007e38                SI4735::sendProperty(unsigned short, unsigned short)
 .text._ZN6SI47359setVolumeEh
                0x0000000000007ec4       0x18 .pio/build/teensy41/libaeb/libPU2CLR SI4735.a(SI4735.cpp.o)
                0x0000000000007ec4                SI4735::setVolume(unsigned char)
 .text._ZN6SI473512radioPowerUpEv
                0x0000000000007edc       0xcc .pio/build/teensy41/libaeb/libPU2CLR SI4735.a(SI4735.cpp.o)
                0x0000000000007edc                SI4735::radioPowerUp()
 .text._ZN6SI47356setSSBEtttth
                0x0000000000007fa8       0xa0 .pio/build/teensy41/libaeb/libPU2CLR SI4735.a(SI4735.cpp.o)
                0x0000000000007fa8                SI4735::setSSB(unsigned short, unsigned short, unsigned short, unsigned short, unsigned char)
 .text._ZN6SI473519sendSSBModePropertyEv
                0x0000000000008048       0x8c .pio/build/teensy41/libaeb/libPU2CLR SI4735.a(SI4735.cpp.o)
                0x0000000000008048                SI4735::sendSSBModeProperty()
 .text._ZN6SI473512setSSBConfigEhhhhhh
                0x00000000000080d4       0x4c .pio/build/teensy41/libaeb/libPU2CLR SI4735.a(SI4735.cpp.o)
                0x00000000000080d4                SI4735::setSSBConfig(unsigned char, unsigned char, unsigned char, unsigned char, unsigned char, unsigned char)
 .text._ZN6SI473513downloadPatchEPKht
                0x0000000000008120       0xb8 .pio/build/teensy41/libaeb/libPU2CLR SI4735.a(SI4735.cpp.o)
                0x0000000000008120                SI4735::downloadPatch(unsigned char const*, unsigned short)
 .text._ZN9ExFatFile8dirCacheEhh
                0x00000000000081d8       0x3c .pio/build/teensy41/lib8e9/libSdFat.a(ExFatFile.cpp.o)
                0x00000000000081d8                ExFatFile::dirCache(unsigned char, unsigned char)
 .text._ZN9ExFatFile5closeEv
                0x0000000000008214       0x14 .pio/build/teensy41/lib8e9/libSdFat.a(ExFatFile.cpp.o)
                0x0000000000008214                ExFatFile::close()
 .text._ZN9ExFatFile17getCreateDateTimeEPtS0_
                0x0000000000008228       0x24 .pio/build/teensy41/lib8e9/libSdFat.a(ExFatFile.cpp.o)
                0x0000000000008228                ExFatFile::getCreateDateTime(unsigned short*, unsigned short*)
 .text._ZN9ExFatFile17getModifyDateTimeEPtS0_
                0x000000000000824c       0x24 .pio/build/teensy41/lib8e9/libSdFat.a(ExFatFile.cpp.o)
                0x000000000000824c                ExFatFile::getModifyDateTime(unsigned short*, unsigned short*)
 .text._ZN9ExFatFile8openRootEP11ExFatVolume
                0x0000000000008270       0x28 .pio/build/teensy41/lib8e9/libSdFat.a(ExFatFile.cpp.o)
                0x0000000000008270                ExFatFile::openRoot(ExFatVolume*)
 .text._ZN9ExFatFile13parsePathNameEPKcP8ExName_tPS1_
                0x0000000000008298       0x9c .pio/build/teensy41/lib8e9/libSdFat.a(ExFatFile.cpp.o)
                0x0000000000008298                ExFatFile::parsePathName(char const*, ExName_t*, char const**)
 .text._ZN9ExFatFile4readEPvj
                0x0000000000008334      0x1a0 .pio/build/teensy41/lib8e9/libSdFat.a(ExFatFile.cpp.o)
                0x0000000000008334                ExFatFile::read(void*, unsigned int)
 .text._ZN9ExFatFile4peekEv
                0x00000000000084d4       0x2c .pio/build/teensy41/lib8e9/libSdFat.a(ExFatFile.cpp.o)
                0x00000000000084d4                ExFatFile::peek()
 .text._ZN9ExFatFile7seekSetEy
                0x0000000000008500       0xec .pio/build/teensy41/lib8e9/libSdFat.a(ExFatFile.cpp.o)
                0x0000000000008500                ExFatFile::seekSet(unsigned long long)
 .text._ZN9ExFatFile11openPrivateEPS_P8ExName_ti
                0x00000000000085ec      0x398 .pio/build/teensy41/lib8e9/libSdFat.a(ExFatFile.cpp.o)
                0x00000000000085ec                ExFatFile::openPrivate(ExFatFile*, ExName_t*, int)
 .text._ZN9ExFatFile4openEPS_PKci
                0x0000000000008984       0xf8 .pio/build/teensy41/lib8e9/libSdFat.a(ExFatFile.cpp.o)
                0x0000000000008984                ExFatFile::open(ExFatFile*, char const*, int)
 .text._ZN9ExFatFile4openEP11ExFatVolumePKci
                0x0000000000008a7c       0x10 .pio/build/teensy41/lib8e9/libSdFat.a(ExFatFile.cpp.o)
                0x0000000000008a7c                ExFatFile::open(ExFatVolume*, char const*, int)
 .text._ZN9ExFatFile8openNextEPS_i
                0x0000000000008a8c       0x24 .pio/build/teensy41/lib8e9/libSdFat.a(ExFatFile.cpp.o)
                0x0000000000008a8c                ExFatFile::openNext(ExFatFile*, int)
 .text._ZN9ExFatFile10addClusterEv
                0x0000000000008ab0       0x94 .pio/build/teensy41/lib8e9/libSdFat.a(ExFatFileWrite.cpp.o)
                0x0000000000008ab0                ExFatFile::addCluster()
 .text._ZN9ExFatFile6removeEv
                0x0000000000008b44       0xb4 .pio/build/teensy41/lib8e9/libSdFat.a(ExFatFileWrite.cpp.o)
                0x0000000000008b44                ExFatFile::remove()
 .text._ZN9ExFatFile5rmdirEv
                0x0000000000008bf8       0x60 .pio/build/teensy41/lib8e9/libSdFat.a(ExFatFileWrite.cpp.o)
                0x0000000000008bf8                ExFatFile::rmdir()
 .text._ZN9ExFatFile7syncDirEv
                0x0000000000008c58      0x138 .pio/build/teensy41/lib8e9/libSdFat.a(ExFatFileWrite.cpp.o)
                0x0000000000008c58                ExFatFile::syncDir()
 .text._ZN9ExFatFile4syncEv
                0x0000000000008d90       0x60 .pio/build/teensy41/lib8e9/libSdFat.a(ExFatFileWrite.cpp.o)
                0x0000000000008d90                ExFatFile::sync()
 .text._ZN9ExFatFile13addDirClusterEv
                0x0000000000008df0       0xb0 .pio/build/teensy41/lib8e9/libSdFat.a(ExFatFileWrite.cpp.o)
                0x0000000000008df0                ExFatFile::addDirCluster()
 .text._ZN9ExFatFile6renameEPS_PKc
                0x0000000000008ea0       0xa4 .pio/build/teensy41/lib8e9/libSdFat.a(ExFatFileWrite.cpp.o)
                0x0000000000008ea0                ExFatFile::rename(ExFatFile*, char const*)
 .text._ZN9ExFatFile5mkdirEPS_P8ExName_t
                0x0000000000008f44       0x60 .pio/build/teensy41/lib8e9/libSdFat.a(ExFatFileWrite.cpp.o)
                0x0000000000008f44                ExFatFile::mkdir(ExFatFile*, ExName_t*)
 .text._ZN9ExFatFile5mkdirEPS_PKcb
                0x0000000000008fa4       0xd8 .pio/build/teensy41/lib8e9/libSdFat.a(ExFatFileWrite.cpp.o)
                0x0000000000008fa4                ExFatFile::mkdir(ExFatFile*, char const*, bool)
 .text._ZN9ExFatFile9timestampEhthhhhh
                0x000000000000907c      0x178 .pio/build/teensy41/lib8e9/libSdFat.a(ExFatFileWrite.cpp.o)
                0x000000000000907c                ExFatFile::timestamp(unsigned char, unsigned short, unsigned char, unsigned char, unsigned char, unsigned char, unsigned char)
 .text._ZN9ExFatFile8truncateEv
                0x00000000000091f4       0xe4 .pio/build/teensy41/lib8e9/libSdFat.a(ExFatFileWrite.cpp.o)
                0x00000000000091f4                ExFatFile::truncate()
 .text._ZN9ExFatFile5writeEPKvj
                0x00000000000092d8      0x280 .pio/build/teensy41/lib8e9/libSdFat.a(ExFatFileWrite.cpp.o)
                0x00000000000092d8                ExFatFile::write(void const*, unsigned int)
 .text._ZN9ExFatFile7cmpNameEPK9DirName_tP8ExName_t
                0x0000000000009558       0x4c .pio/build/teensy41/lib8e9/libSdFat.a(ExFatName.cpp.o)
                0x0000000000009558                ExFatFile::cmpName(DirName_t const*, ExName_t*)
 .text._ZN9ExFatFile8getName8EPcj
                0x00000000000095a4       0xcc .pio/build/teensy41/lib8e9/libSdFat.a(ExFatName.cpp.o)
                0x00000000000095a4                ExFatFile::getName8(char*, unsigned int)
 .text._ZN9ExFatFile8hashNameEP8ExName_t
                0x0000000000009670       0x6c .pio/build/teensy41/lib8e9/libSdFat.a(ExFatName.cpp.o)
                0x0000000000009670                ExFatFile::hashName(ExName_t*)
 .text._ZN14ExFatPartition10bitmapFindEmm
                0x00000000000096dc       0xc0 .pio/build/teensy41/lib8e9/libSdFat.a(ExFatPartition.cpp.o)
                0x00000000000096dc                ExFatPartition::bitmapFind(unsigned long, unsigned long)
 .text._ZN14ExFatPartition12bitmapModifyEmmb
                0x000000000000979c       0xac .pio/build/teensy41/lib8e9/libSdFat.a(ExFatPartition.cpp.o)
                0x000000000000979c                ExFatPartition::bitmapModify(unsigned long, unsigned long, bool)
 .text._ZN14ExFatPartition9chainSizeEm
                0x0000000000009848       0x4c .pio/build/teensy41/lib8e9/libSdFat.a(ExFatPartition.cpp.o)
                0x0000000000009848                ExFatPartition::chainSize(unsigned long)
 .text._ZN14ExFatPartition8dirCacheEP8DirPos_th
                0x0000000000009894       0x38 .pio/build/teensy41/lib8e9/libSdFat.a(ExFatPartition.cpp.o)
                0x0000000000009894                ExFatPartition::dirCache(DirPos_t*, unsigned char)
 .text._ZN14ExFatPartition7dirSeekEP8DirPos_tm
                0x00000000000098cc       0x84 .pio/build/teensy41/lib8e9/libSdFat.a(ExFatPartition.cpp.o)
                0x00000000000098cc                ExFatPartition::dirSeek(DirPos_t*, unsigned long)
 .text._ZN14ExFatPartition6fatGetEmPm
                0x0000000000009950       0x44 .pio/build/teensy41/lib8e9/libSdFat.a(ExFatPartition.cpp.o)
                0x0000000000009950                ExFatPartition::fatGet(unsigned long, unsigned long*)
 .text._ZN14ExFatPartition6fatPutEmm
                0x0000000000009994       0x40 .pio/build/teensy41/lib8e9/libSdFat.a(ExFatPartition.cpp.o)
                0x0000000000009994                ExFatPartition::fatPut(unsigned long, unsigned long)
 .text._ZN14ExFatPartition9freeChainEm
                0x00000000000099d4       0xc0 .pio/build/teensy41/lib8e9/libSdFat.a(ExFatPartition.cpp.o)
                0x00000000000099d4                ExFatPartition::freeChain(unsigned long)
 .text._ZN14ExFatPartition16freeClusterCountEv
                0x0000000000009a94       0x6c .pio/build/teensy41/lib8e9/libSdFat.a(ExFatPartition.cpp.o)
                0x0000000000009a94                ExFatPartition::freeClusterCount()
 .text._ZN14ExFatPartition4initEP22FsBlockDeviceInterfaceh
                0x0000000000009b00       0xe0 .pio/build/teensy41/lib8e9/libSdFat.a(ExFatPartition.cpp.o)
                0x0000000000009b00                ExFatPartition::init(FsBlockDeviceInterface*, unsigned char)
 .text._ZN14ExFatPartition10rootLengthEv
                0x0000000000009be0       0x18 .pio/build/teensy41/lib8e9/libSdFat.a(ExFatPartition.cpp.o)
                0x0000000000009be0                ExFatPartition::rootLength()
 .text._ZN7FatFile4syncEv.part.0
                0x0000000000009bf8       0xb4 .pio/build/teensy41/lib8e9/libSdFat.a(FatFile.cpp.o)
 .text._ZN7FatFile10addClusterEv
                0x0000000000009cac       0x34 .pio/build/teensy41/lib8e9/libSdFat.a(FatFile.cpp.o)
                0x0000000000009cac                FatFile::addCluster()
 .text._ZN7FatFile13addDirClusterEv
                0x0000000000009ce0       0x78 .pio/build/teensy41/lib8e9/libSdFat.a(FatFile.cpp.o)
                0x0000000000009ce0                FatFile::addDirCluster()
 .text._ZN7FatFile13cacheDirEntryEh
                0x0000000000009d58       0x20 .pio/build/teensy41/lib8e9/libSdFat.a(FatFile.cpp.o)
                0x0000000000009d58                FatFile::cacheDirEntry(unsigned char)
 .text._ZN7FatFile5closeEv
                0x0000000000009d78       0x20 .pio/build/teensy41/lib8e9/libSdFat.a(FatFile.cpp.o)
                0x0000000000009d78                FatFile::close()
 .text._ZN7FatFile8dirEntryEP8DirFat_t
                0x0000000000009d98       0x54 .pio/build/teensy41/lib8e9/libSdFat.a(FatFile.cpp.o)
                0x0000000000009d98                FatFile::dirEntry(DirFat_t*)
 .text._ZN7FatFile17getCreateDateTimeEPtS0_
                0x0000000000009dec       0x20 .pio/build/teensy41/lib8e9/libSdFat.a(FatFile.cpp.o)
                0x0000000000009dec                FatFile::getCreateDateTime(unsigned short*, unsigned short*)
 .text._ZN7FatFile17getModifyDateTimeEPtS0_
                0x0000000000009e0c       0x20 .pio/build/teensy41/lib8e9/libSdFat.a(FatFile.cpp.o)
                0x0000000000009e0c                FatFile::getModifyDateTime(unsigned short*, unsigned short*)
 .text._ZN7FatFile5mkdirEPS_P8FatLfn_t
                0x0000000000009e2c      0x16c .pio/build/teensy41/lib8e9/libSdFat.a(FatFile.cpp.o)
                0x0000000000009e2c                FatFile::mkdir(FatFile*, FatLfn_t*)
 .text._ZN7FatFile5mkdirEPS_PKcb
                0x0000000000009f98       0xec .pio/build/teensy41/lib8e9/libSdFat.a(FatFile.cpp.o)
                0x0000000000009f98                FatFile::mkdir(FatFile*, char const*, bool)
 .text._ZN7FatFile4openEPS_PKci
                0x000000000000a084      0x104 .pio/build/teensy41/lib8e9/libSdFat.a(FatFile.cpp.o)
                0x000000000000a084                FatFile::open(FatFile*, char const*, int)
 .text._ZN7FatFile4openEP9FatVolumePKci
                0x000000000000a188       0x10 .pio/build/teensy41/lib8e9/libSdFat.a(FatFile.cpp.o)
                0x000000000000a188                FatFile::open(FatVolume*, char const*, int)
 .text._ZN7FatFile11openClusterEPS_
                0x000000000000a198       0x5c .pio/build/teensy41/lib8e9/libSdFat.a(FatFile.cpp.o)
                0x000000000000a198                FatFile::openCluster(FatFile*)
 .text._ZN7FatFile8openRootEP9FatVolume
                0x000000000000a1f4       0x3c .pio/build/teensy41/lib8e9/libSdFat.a(FatFile.cpp.o)
                0x000000000000a1f4                FatFile::openRoot(FatVolume*)
 .text._ZN7FatFile4readEPvj
                0x000000000000a230      0x1a8 .pio/build/teensy41/lib8e9/libSdFat.a(FatFile.cpp.o)
                0x000000000000a230                FatFile::read(void*, unsigned int)
 .text._ZN7FatFile4peekEv
                0x000000000000a3d8       0x28 .pio/build/teensy41/lib8e9/libSdFat.a(FatFile.cpp.o)
                0x000000000000a3d8                FatFile::peek()
 .text._ZN7FatFile12readDirCacheEb
                0x000000000000a400       0x44 .pio/build/teensy41/lib8e9/libSdFat.a(FatFile.cpp.o)
                0x000000000000a400                FatFile::readDirCache(bool)
 .text._ZN7FatFile6renameEPS_PKc
                0x000000000000a444      0x1ec .pio/build/teensy41/lib8e9/libSdFat.a(FatFile.cpp.o)
                0x000000000000a444                FatFile::rename(FatFile*, char const*)
 .text._ZN7FatFile5rmdirEv
                0x000000000000a630       0x90 .pio/build/teensy41/lib8e9/libSdFat.a(FatFile.cpp.o)
                0x000000000000a630                FatFile::rmdir()
 .text._ZN7FatFile7seekSetEm
                0x000000000000a6c0       0xb0 .pio/build/teensy41/lib8e9/libSdFat.a(FatFile.cpp.o)
                0x000000000000a6c0                FatFile::seekSet(unsigned long)
 .text._ZN7FatFile15openCachedEntryEPS_tih
                0x000000000000a770       0xe4 .pio/build/teensy41/lib8e9/libSdFat.a(FatFile.cpp.o)
                0x000000000000a770                FatFile::openCachedEntry(FatFile*, unsigned short, int, unsigned char)
 .text._ZN7FatFile8openNextEPS_i
                0x000000000000a854       0xcc .pio/build/teensy41/lib8e9/libSdFat.a(FatFile.cpp.o)
                0x000000000000a854                FatFile::openNext(FatFile*, int)
 .text._ZN7FatFile4syncEv
                0x000000000000a920        0xc .pio/build/teensy41/lib8e9/libSdFat.a(FatFile.cpp.o)
                0x000000000000a920                FatFile::sync()
 .text._ZN7FatFile9timestampEhthhhhh
                0x000000000000a92c       0xd8 .pio/build/teensy41/lib8e9/libSdFat.a(FatFile.cpp.o)
                0x000000000000a92c                FatFile::timestamp(unsigned char, unsigned short, unsigned char, unsigned char, unsigned char, unsigned char, unsigned char)
 .text._ZN7FatFile8truncateEv
                0x000000000000aa04       0x74 .pio/build/teensy41/lib8e9/libSdFat.a(FatFile.cpp.o)
                0x000000000000aa04                FatFile::truncate()
 .text._ZN7FatFile5writeEPKvj
                0x000000000000aa78      0x1b4 .pio/build/teensy41/lib8e9/libSdFat.a(FatFile.cpp.o)
                0x000000000000aa78                FatFile::write(void const*, unsigned int)
 .text._ZN7FatFile7cmpNameEtP8FatLfn_th
                0x000000000000ac2c       0xbc .pio/build/teensy41/lib8e9/libSdFat.a(FatFileLFN.cpp.o)
                0x000000000000ac2c                FatFile::cmpName(unsigned short, FatLfn_t*, unsigned char)
 .text._ZN7FatFile9createLFNEtP8FatLfn_th
                0x000000000000ace8      0x124 .pio/build/teensy41/lib8e9/libSdFat.a(FatFileLFN.cpp.o)
                0x000000000000ace8                FatFile::createLFN(unsigned short, FatLfn_t*, unsigned char)
 .text._ZN7FatFile7makeSFNEP8FatLfn_t
                0x000000000000ae0c      0x168 .pio/build/teensy41/lib8e9/libSdFat.a(FatFileLFN.cpp.o)
                0x000000000000ae0c                FatFile::makeSFN(FatLfn_t*)
 .text._ZN7FatFile13makeUniqueSfnEP8FatLfn_t
                0x000000000000af74       0xb4 .pio/build/teensy41/lib8e9/libSdFat.a(FatFileLFN.cpp.o)
                0x000000000000af74                FatFile::makeUniqueSfn(FatLfn_t*)
 .text._ZN7FatFile4openEPS_P8FatLfn_ti
                0x000000000000b028      0x298 .pio/build/teensy41/lib8e9/libSdFat.a(FatFileLFN.cpp.o)
                0x000000000000b028                FatFile::open(FatFile*, FatLfn_t*, int)
 .text._ZN7FatFile13parsePathNameEPKcP8FatLfn_tPS1_
                0x000000000000b2c0       0xd4 .pio/build/teensy41/lib8e9/libSdFat.a(FatFileLFN.cpp.o)
                0x000000000000b2c0                FatFile::parsePathName(char const*, FatLfn_t*, char const**)
 .text._ZN7FatFile6removeEv
                0x000000000000b394      0x110 .pio/build/teensy41/lib8e9/libSdFat.a(FatFileLFN.cpp.o)
                0x000000000000b394                FatFile::remove()
 .text._ZN7FatFile10getLfnCharEP8DirLfn_th
                0x000000000000b4a4       0x2c .pio/build/teensy41/lib8e9/libSdFat.a(FatName.cpp.o)
                0x000000000000b4a4                FatFile::getLfnChar(DirLfn_t*, unsigned char)
 .text._ZN7FatFile6getSFNEPcj
                0x000000000000b4d0       0x94 .pio/build/teensy41/lib8e9/libSdFat.a(FatName.cpp.o)
                0x000000000000b4d0                FatFile::getSFN(char*, unsigned int)
 .text._ZN7FatFile8getName8EPcj
                0x000000000000b564      0x110 .pio/build/teensy41/lib8e9/libSdFat.a(FatName.cpp.o)
                0x000000000000b564                FatFile::getName8(char*, unsigned int)
 .text._ZN7FatFile7getNameEPcj
                0x000000000000b674        0x4 .pio/build/teensy41/lib8e9/libSdFat.a(FatName.cpp.o)
                0x000000000000b674                FatFile::getName(char*, unsigned int)
 .text._ZN22FsBlockDeviceInterface19readSectorsCallbackEmPhjPFvmS0_PvES1_
                0x000000000000b678       0x44 .pio/build/teensy41/lib8e9/libSdFat.a(FatPartition.cpp.o)
                0x000000000000b678                FsBlockDeviceInterface::readSectorsCallback(unsigned long, unsigned char*, unsigned int, void (*)(unsigned long, unsigned char*, void*), void*)
 .text._ZN12FatPartition25freeClusterCount_cb_fat16EmPhPv
                0x000000000000b6bc       0x34 .pio/build/teensy41/lib8e9/libSdFat.a(FatPartition.cpp.o)
                0x000000000000b6bc                FatPartition::freeClusterCount_cb_fat16(unsigned long, unsigned char*, void*)
 .text._ZN12FatPartition25freeClusterCount_cb_fat32EmPhPv
                0x000000000000b6f0       0x34 .pio/build/teensy41/lib8e9/libSdFat.a(FatPartition.cpp.o)
                0x000000000000b6f0                FatPartition::freeClusterCount_cb_fat32(unsigned long, unsigned char*, void*)
 .text._ZN12FatPartition6fatGetEmPm.part.0
                0x000000000000b724       0xfc .pio/build/teensy41/lib8e9/libSdFat.a(FatPartition.cpp.o)
 .text._ZN12FatPartition6fatPutEmm.part.0
                0x000000000000b820      0x10c .pio/build/teensy41/lib8e9/libSdFat.a(FatPartition.cpp.o)
 .text._ZN12FatPartition15allocateClusterEmPm
                0x000000000000b92c       0x9c .pio/build/teensy41/lib8e9/libSdFat.a(FatPartition.cpp.o)
                0x000000000000b92c                FatPartition::allocateCluster(unsigned long, unsigned long*)
 .text._ZN12FatPartition6fatGetEmPm
                0x000000000000b9c8       0x24 .pio/build/teensy41/lib8e9/libSdFat.a(FatPartition.cpp.o)
                0x000000000000b9c8                FatPartition::fatGet(unsigned long, unsigned long*)
 .text._ZN12FatPartition6fatPutEmm
                0x000000000000b9ec       0x20 .pio/build/teensy41/lib8e9/libSdFat.a(FatPartition.cpp.o)
                0x000000000000b9ec                FatPartition::fatPut(unsigned long, unsigned long)
 .text._ZN12FatPartition9freeChainEm
                0x000000000000ba0c       0x58 .pio/build/teensy41/lib8e9/libSdFat.a(FatPartition.cpp.o)
                0x000000000000ba0c                FatPartition::freeChain(unsigned long)
 .text._ZN12FatPartition16freeClusterCountEv
                0x000000000000ba64      0x1c8 .pio/build/teensy41/lib8e9/libSdFat.a(FatPartition.cpp.o)
                0x000000000000ba64                FatPartition::freeClusterCount()
 .text._ZN12FatPartition4initEP22FsBlockDeviceInterfaceh
                0x000000000000bc2c      0x124 .pio/build/teensy41/lib8e9/libSdFat.a(FatPartition.cpp.o)
                0x000000000000bc2c                FatPartition::init(FsBlockDeviceInterface*, unsigned char)
 .text._ZN10FsBaseFileC2ERKS_
                0x000000000000bd50       0x84 .pio/build/teensy41/lib8e9/libSdFat.a(FsFile.cpp.o)
                0x000000000000bd50                FsBaseFile::FsBaseFile(FsBaseFile const&)
                0x000000000000bd50                FsBaseFile::FsBaseFile(FsBaseFile const&)
 .text._ZN10FsBaseFile5closeEv
                0x000000000000bdd4       0x28 .pio/build/teensy41/lib8e9/libSdFat.a(FsFile.cpp.o)
                0x000000000000bdd4                FsBaseFile::close()
 .text._ZN10FsBaseFile4openEP8FsVolumePKci
                0x000000000000bdfc       0xb0 .pio/build/teensy41/lib8e9/libSdFat.a(FsFile.cpp.o)
                0x000000000000bdfc                FsBaseFile::open(FsVolume*, char const*, int)
 .text._ZN10FsBaseFile8openNextEPS_i
                0x000000000000beac       0x74 .pio/build/teensy41/lib8e9/libSdFat.a(FsFile.cpp.o)
                0x000000000000beac                FsBaseFile::openNext(FsBaseFile*, int)
 .text._ZnwjPm  0x000000000000bf20        0x4 .pio/build/teensy41/lib8e9/libSdFat.a(FsNew.cpp.o)
                0x000000000000bf20                operator new(unsigned int, unsigned long*)
 .text._ZN8FsVolume5beginEP22FsBlockDeviceInterfacebh
                0x000000000000bf24       0xe4 .pio/build/teensy41/lib8e9/libSdFat.a(FsVolume.cpp.o)
                0x000000000000bf24                FsVolume::begin(FsBlockDeviceInterface*, bool, unsigned char)
 .text._ZN8FsVolume4openEPKci
                0x000000000000c008       0x28 .pio/build/teensy41/lib8e9/libSdFat.a(FsVolume.cpp.o)
                0x000000000000c008                FsVolume::open(char const*, int)
 .text._ZN7FsCache4syncEv
                0x000000000000c030       0x58 .pio/build/teensy41/lib8e9/libSdFat.a(FsCache.cpp.o)
                0x000000000000c030                FsCache::sync()
 .text._ZN7FsCache7prepareEmh
                0x000000000000c088       0x50 .pio/build/teensy41/lib8e9/libSdFat.a(FsCache.cpp.o)
                0x000000000000c088                FsCache::prepare(unsigned long, unsigned char)
 .text._ZL12dateTimeMs10PtS_Ph
                0x000000000000c0d8       0x14 .pio/build/teensy41/lib8e9/libSdFat.a(FsDateTime.cpp.o)
 .text._ZN10FsDateTime11setCallbackEPFvPtS0_E
                0x000000000000c0ec       0x18 .pio/build/teensy41/lib8e9/libSdFat.a(FsDateTime.cpp.o)
                0x000000000000c0ec                FsDateTime::setCallback(void (*)(unsigned short*, unsigned short*))
 .text._ZN6FsName5get16Ev
                0x000000000000c104       0x4c .pio/build/teensy41/lib8e9/libSdFat.a(FsName.cpp.o)
                0x000000000000c104                FsName::get16()
 .text._ZN5FsUtf6cpToMbEmPcS0_
                0x000000000000c150       0xa4 .pio/build/teensy41/lib8e9/libSdFat.a(FsUtf.cpp.o)
                0x000000000000c150                FsUtf::cpToMb(unsigned long, char*, char*)
 .text._ZN5FsUtf6mbToCpEPKcS1_Pm
                0x000000000000c1f4       0x98 .pio/build/teensy41/lib8e9/libSdFat.a(FsUtf.cpp.o)
                0x000000000000c1f4                FsUtf::mbToCp(char const*, char const*, unsigned long*)
 .text._Z8toUpcaset
                0x000000000000c28c       0xb8 .pio/build/teensy41/lib8e9/libSdFat.a(upcase.cpp.o)
                0x000000000000c28c                toUpcase(unsigned short)
 .text._ZN7SDClassD2Ev
                0x000000000000c344        0x4 .pio/build/teensy41/lib341/libSD.a(SD.cpp.o)
                0x000000000000c344                SDClass::~SDClass()
                0x000000000000c344                SDClass::~SDClass()
 .text._ZN7SDClass8dateTimeEPtS0_
                0x000000000000c348       0x84 .pio/build/teensy41/lib341/libSD.a(SD.cpp.o)
                0x000000000000c348                SDClass::dateTime(unsigned short*, unsigned short*)
 .text._ZN7SDClass4openEPKch
                0x000000000000c3cc       0xc8 .pio/build/teensy41/lib341/libSD.a(SD.cpp.o)
                0x000000000000c3cc                SDClass::open(char const*, unsigned char)
 .text._ZN7SDClass5rmdirEPKc
                0x000000000000c494       0x54 .pio/build/teensy41/lib341/libSD.a(SD.cpp.o)
                0x000000000000c494                SDClass::rmdir(char const*)
 .text._ZN7SDClass6renameEPKcS1_
                0x000000000000c4e8       0x64 .pio/build/teensy41/lib341/libSD.a(SD.cpp.o)
                0x000000000000c4e8                SDClass::rename(char const*, char const*)
 .text._ZN7SDClass6removeEPKc
                0x000000000000c54c       0x54 .pio/build/teensy41/lib341/libSD.a(SD.cpp.o)
                0x000000000000c54c                SDClass::remove(char const*)
 .text._ZN7SDClass5mkdirEPKc
                0x000000000000c5a0       0x3c .pio/build/teensy41/lib341/libSD.a(SD.cpp.o)
                0x000000000000c5a0                SDClass::mkdir(char const*)
 .text._ZN7SDClass6existsEPKc
                0x000000000000c5dc       0x38 .pio/build/teensy41/lib341/libSD.a(SD.cpp.o)
                0x000000000000c5dc                SDClass::exists(char const*)
 .text._ZN7SDClass8usedSizeEv
                0x000000000000c614       0xf0 .pio/build/teensy41/lib341/libSD.a(SD.cpp.o)
                0x000000000000c614                SDClass::usedSize()
 .text._ZN7SDClass9totalSizeEv
                0x000000000000c704       0x3c .pio/build/teensy41/lib341/libSD.a(SD.cpp.o)
                0x000000000000c704                SDClass::totalSize()
 .text._ZN7SDClass6formatEicR5Print
                0x000000000000c740       0xdc .pio/build/teensy41/lib341/libSD.a(SD.cpp.o)
                0x000000000000c740                SDClass::format(int, char, Print&)
 .text._ZN7SDClass12mediaPresentEv
                0x000000000000c81c      0x110 .pio/build/teensy41/lib341/libSD.a(SD.cpp.o)
                0x000000000000c81c                SDClass::mediaPresent()
 .text._ZN7SDClass5beginEh
                0x000000000000c92c       0xd4 .pio/build/teensy41/lib341/libSD.a(SD.cpp.o)
                0x000000000000c92c                SDClass::begin(unsigned char)
 .text.startup._GLOBAL__sub_I_SD
                0x000000000000ca00       0x80 .pio/build/teensy41/lib341/libSD.a(SD.cpp.o)
 .text._ZN10HX8357_t3n5writeEh
                0x000000000000ca80       0x1c .pio/build/teensy41/lib8a2/libHX8357_t3n.a(HX8357_t3n.cpp.o)
                0x000000000000ca80                HX8357_t3n::write(unsigned char)
 .text._ZL18fetchbits_unsignedPKhmm
                0x000000000000ca9c       0x4c .pio/build/teensy41/lib8a2/libHX8357_t3n.a(HX8357_t3n.cpp.o)
 .text._ZN8SPIClass14endTransactionEv
                0x000000000000cae8       0x4c .pio/build/teensy41/lib8a2/libHX8357_t3n.a(HX8357_t3n.cpp.o)
                0x000000000000cae8                SPIClass::endTransaction()
 .text._ZN10HX8357_t3n14maybeUpdateTCREm
                0x000000000000cb34       0x8c .pio/build/teensy41/lib8a2/libHX8357_t3n.a(HX8357_t3n.cpp.o)
                0x000000000000cb34                HX8357_t3n::maybeUpdateTCR(unsigned long)
 .text._ZN10HX8357_t3nC2Ehhhhhh
                0x000000000000cbc0       0xf8 .pio/build/teensy41/lib8a2/libHX8357_t3n.a(HX8357_t3n.cpp.o)
                0x000000000000cbc0                HX8357_t3n::HX8357_t3n(unsigned char, unsigned char, unsigned char, unsigned char, unsigned char, unsigned char)
                0x000000000000cbc0                HX8357_t3n::HX8357_t3n(unsigned char, unsigned char, unsigned char, unsigned char, unsigned char, unsigned char)
 .text._ZN10HX8357_t3n8readRectEssssPt
                0x000000000000ccb8      0x79c .pio/build/teensy41/lib8a2/libHX8357_t3n.a(HX8357_t3n.cpp.o)
                0x000000000000ccb8                HX8357_t3n::readRect(short, short, short, short, unsigned short*)
 .text._ZN10HX8357_t3n5beginEmm
                0x000000000000d454      0x4f0 .pio/build/teensy41/lib8a2/libHX8357_t3n.a(HX8357_t3n.cpp.o)
                0x000000000000d454                HX8357_t3n::begin(unsigned long, unsigned long)
 .text._ZN10HX8357_t3n7setFontEPK7GFXfont
                0x000000000000d944       0x60 .pio/build/teensy41/lib8a2/libHX8357_t3n.a(HX8357_t3n.cpp.o)
                0x000000000000d944                HX8357_t3n::setFont(GFXfont const*)
 .text._ZN10HX8357_t3n10charBoundsEcPsS0_S0_S0_S0_S0_
                0x000000000000d9a4      0x3b4 .pio/build/teensy41/lib8a2/libHX8357_t3n.a(HX8357_t3n.cpp.o)
                0x000000000000d9a4                HX8357_t3n::charBounds(char, short*, short*, short*, short*, short*, short*)
 .text._ZN10HX8357_t3n13getTextBoundsEPKhtssPsS2_PtS3_
                0x000000000000dd58       0xb0 .pio/build/teensy41/lib8a2/libHX8357_t3n.a(HX8357_t3n.cpp.o)
                0x000000000000dd58                HX8357_t3n::getTextBounds(unsigned char const*, unsigned short, short, short, short*, short*, unsigned short*, unsigned short*)
 .text._ZN10HX8357_t3n13getTextBoundsEPKcssPsS2_PtS3_
                0x000000000000de08       0xb4 .pio/build/teensy41/lib8a2/libHX8357_t3n.a(HX8357_t3n.cpp.o)
                0x000000000000de08                HX8357_t3n::getTextBounds(char const*, short, short, short*, short*, unsigned short*, unsigned short*)
 .text._ZN10HX8357_t3n13getTextBoundsERK6StringssPsS3_PtS4_
                0x000000000000debc       0x30 .pio/build/teensy41/lib8a2/libHX8357_t3n.a(HX8357_t3n.cpp.o)
                0x000000000000debc                HX8357_t3n::getTextBounds(String const&, short, short, short*, short*, unsigned short*, unsigned short*)
 .text._ZN10HX8357_t3n20gfxFontLastCharPosFGEss
                0x000000000000deec       0xa4 .pio/build/teensy41/lib8a2/libHX8357_t3n.a(HX8357_t3n.cpp.o)
                0x000000000000deec                HX8357_t3n::gfxFontLastCharPosFG(short, short)
 .text._ZN10HX8357_t3n9setCursorEssb
                0x000000000000df90       0xb4 .pio/build/teensy41/lib8a2/libHX8357_t3n.a(HX8357_t3n.cpp.o)
                0x000000000000df90                HX8357_t3n::setCursor(short, short, bool)
 .text._ZN10HX8357_t3n12setTextColorEtt
                0x000000000000e044       0x28 .pio/build/teensy41/lib8a2/libHX8357_t3n.a(HX8357_t3n.cpp.o)
                0x000000000000e044                HX8357_t3n::setTextColor(unsigned short, unsigned short)
 .text._ZN10HX8357_t3n11setTextWrapEb
                0x000000000000e06c        0x8 .pio/build/teensy41/lib8a2/libHX8357_t3n.a(HX8357_t3n.cpp.o)
                0x000000000000e06c                HX8357_t3n::setTextWrap(bool)
 .text._ZN10HX8357_t3n17setScrollTextAreaEssss
                0x000000000000e074       0x18 .pio/build/teensy41/lib8a2/libHX8357_t3n.a(HX8357_t3n.cpp.o)
                0x000000000000e074                HX8357_t3n::setScrollTextArea(short, short, short, short)
 .text._ZN10HX8357_t3n12enableScrollEv
                0x000000000000e08c        0x8 .pio/build/teensy41/lib8a2/libHX8357_t3n.a(HX8357_t3n.cpp.o)
                0x000000000000e08c                HX8357_t3n::enableScroll()
 .text._ZN10HX8357_t3n13disableScrollEv
                0x000000000000e094        0x8 .pio/build/teensy41/lib8a2/libHX8357_t3n.a(HX8357_t3n.cpp.o)
                0x000000000000e094                HX8357_t3n::disableScroll()
 .text._ZN10HX8357_t3n26resetScrollBackgroundColorEt
                0x000000000000e09c        0x8 .pio/build/teensy41/lib8a2/libHX8357_t3n.a(HX8357_t3n.cpp.o)
                0x000000000000e09c                HX8357_t3n::resetScrollBackgroundColor(unsigned short)
 .text._ZN10HX8357_t3n15waitFifoNotFullEv
                0x000000000000e0a4       0x20 .pio/build/teensy41/lib8a2/libHX8357_t3n.a(HX8357_t3n.cpp.o)
                0x000000000000e0a4                HX8357_t3n::waitFifoNotFull()
 .text._ZN10HX8357_t3n9drawPixelEsst
                0x000000000000e0c4      0x2e8 .pio/build/teensy41/lib8a2/libHX8357_t3n.a(HX8357_t3n.cpp.o)
                0x000000000000e0c4                HX8357_t3n::drawPixel(short, short, unsigned short)
 .text._ZN10HX8357_t3n16drawCircleHelperEsssht
                0x000000000000e3ac      0x170 .pio/build/teensy41/lib8a2/libHX8357_t3n.a(HX8357_t3n.cpp.o)
                0x000000000000e3ac                HX8357_t3n::drawCircleHelper(short, short, short, unsigned char, unsigned short)
 .text._ZN10HX8357_t3n8fillRectEsssst
                0x000000000000e51c      0x4c8 .pio/build/teensy41/lib8a2/libHX8357_t3n.a(HX8357_t3n.cpp.o)
                0x000000000000e51c                HX8357_t3n::fillRect(short, short, short, short, unsigned short)
 .text._ZN10HX8357_t3n10fillScreenEt
                0x000000000000e9e4       0xcc .pio/build/teensy41/lib8a2/libHX8357_t3n.a(HX8357_t3n.cpp.o)
                0x000000000000e9e4                HX8357_t3n::fillScreen(unsigned short)
 .text._ZN10HX8357_t3n12drawFontBitsEbmmllm
                0x000000000000eab0      0x10c .pio/build/teensy41/lib8a2/libHX8357_t3n.a(HX8357_t3n.cpp.o)
                0x000000000000eab0                HX8357_t3n::drawFontBits(bool, unsigned long, unsigned long, long, long, unsigned long)
 .text._ZN10HX8357_t3n20waitTransmitCompleteEv
                0x000000000000ebbc       0x24 .pio/build/teensy41/lib8a2/libHX8357_t3n.a(HX8357_t3n.cpp.o)
                0x000000000000ebbc                HX8357_t3n::waitTransmitComplete()
 .text._ZN10HX8357_t3n15drawGFXFontCharEj
                0x000000000000ebe0      0xf08 .pio/build/teensy41/lib8a2/libHX8357_t3n.a(HX8357_t3n.cpp.o)
                0x000000000000ebe0                HX8357_t3n::drawGFXFontChar(unsigned int)
 .text._ZN10HX8357_t3n11setRotationEh
                0x000000000000fae8      0x438 .pio/build/teensy41/lib8a2/libHX8357_t3n.a(HX8357_t3n.cpp.o)
                0x000000000000fae8                HX8357_t3n::setRotation(unsigned char)
 .text._ZN10HX8357_t3n13drawFastVLineEssst
                0x000000000000ff20      0x380 .pio/build/teensy41/lib8a2/libHX8357_t3n.a(HX8357_t3n.cpp.o)
                0x000000000000ff20                HX8357_t3n::drawFastVLine(short, short, short, unsigned short)
 .text._ZN10HX8357_t3n16fillCircleHelperEssshst
                0x00000000000102a0      0x120 .pio/build/teensy41/lib8a2/libHX8357_t3n.a(HX8357_t3n.cpp.o)
                0x00000000000102a0                HX8357_t3n::fillCircleHelper(short, short, short, unsigned char, short, unsigned short)
 .text._ZN10HX8357_t3n13fillRoundRectEssssst
                0x00000000000103c0       0x8c .pio/build/teensy41/lib8a2/libHX8357_t3n.a(HX8357_t3n.cpp.o)
                0x00000000000103c0                HX8357_t3n::fillRoundRect(short, short, short, short, short, unsigned short)
 .text._ZN10HX8357_t3n13drawFastHLineEssst
                0x000000000001044c      0x38c .pio/build/teensy41/lib8a2/libHX8357_t3n.a(HX8357_t3n.cpp.o)
                0x000000000001044c                HX8357_t3n::drawFastHLine(short, short, short, unsigned short)
 .text._ZN10HX8357_t3n8drawRectEsssst
                0x00000000000107d8      0xc90 .pio/build/teensy41/lib8a2/libHX8357_t3n.a(HX8357_t3n.cpp.o)
                0x00000000000107d8                HX8357_t3n::drawRect(short, short, short, short, unsigned short)
 .text._ZN10HX8357_t3n13drawRoundRectEssssst
                0x0000000000011468       0xec .pio/build/teensy41/lib8a2/libHX8357_t3n.a(HX8357_t3n.cpp.o)
                0x0000000000011468                HX8357_t3n::drawRoundRect(short, short, short, short, short, unsigned short)
 .text._ZN10HX8357_t3n8drawCharEsshtthh
                0x0000000000011554      0x9b0 .pio/build/teensy41/lib8a2/libHX8357_t3n.a(HX8357_t3n.cpp.o)
                0x0000000000011554                HX8357_t3n::drawChar(short, short, unsigned char, unsigned short, unsigned short, unsigned char, unsigned char)
 .text._ZN10HX8357_t3n9writeRectEssssPKt
                0x0000000000011f04      0x578 .pio/build/teensy41/lib8a2/libHX8357_t3n.a(HX8357_t3n.cpp.o)
                0x0000000000011f04                HX8357_t3n::writeRect(short, short, short, short, unsigned short const*)
 .text._ZN10HX8357_t3n14scrollTextAreaEh
                0x000000000001247c       0xa4 .pio/build/teensy41/lib8a2/libHX8357_t3n.a(HX8357_t3n.cpp.o)
                0x000000000001247c                HX8357_t3n::scrollTextArea(unsigned char)
 .text._ZN10HX8357_t3n12drawFontCharEj
                0x0000000000012520     0x1058 .pio/build/teensy41/lib8a2/libHX8357_t3n.a(HX8357_t3n.cpp.o)
                0x0000000000012520                HX8357_t3n::drawFontChar(unsigned int)
 .text._ZN10HX8357_t3n5writeEPKhj
                0x0000000000013578      0x228 .pio/build/teensy41/lib8a2/libHX8357_t3n.a(HX8357_t3n.cpp.o)
                0x0000000000013578                HX8357_t3n::write(unsigned char const*, unsigned int)
 .text._ZN10HX8357_t3n10getLeadingEv
                0x00000000000137a0       0x28 .pio/build/teensy41/lib8a2/libHX8357_t3n.a(HX8357_t3n.cpp.o)
                0x00000000000137a0                HX8357_t3n::getLeading()
 .text._ZN8AListBox9touchItemEP12AListBoxItem
                0x00000000000137c8        0x4 .pio/build/teensy41/libbf3/libAGUI.a(AListBox.cpp.o)
                0x00000000000137c8                AListBox::touchItem(AListBoxItem*)
 .text._ZN8AListBox11touchWidgetEtt
                0x00000000000137cc       0x44 .pio/build/teensy41/libbf3/libAGUI.a(AListBox.cpp.o)
                0x00000000000137cc                AListBox::touchWidget(unsigned short, unsigned short)
 .text._ZNK8AListBox7repaintEP12AListBoxItem
                0x0000000000013810       0x90 .pio/build/teensy41/libbf3/libAGUI.a(AListBox.cpp.o)
                0x0000000000013810                AListBox::repaint(AListBoxItem*) const
 .text._ZN12AListBoxItem13setItemColorsE6AColorS0_
                0x00000000000138a0       0x10 .pio/build/teensy41/libbf3/libAGUI.a(AListBox.cpp.o)
                0x00000000000138a0                AListBoxItem::setItemColors(AColor, AColor)
 .text._ZN8AListBox7addItemEPS_6String6AColor
                0x00000000000138b0       0x80 .pio/build/teensy41/libbf3/libAGUI.a(AListBox.cpp.o)
                0x00000000000138b0                AListBox::addItem(AListBox*, String, AColor)
 .text._ZN8AListBox13repaintWidgetEv
                0x0000000000013930       0x74 .pio/build/teensy41/libbf3/libAGUI.a(AListBox.cpp.o)
                0x0000000000013930                AListBox::repaintWidget()
 .text._ZN8AListBoxC2Etttt6AColor
                0x00000000000139a4       0x54 .pio/build/teensy41/libbf3/libAGUI.a(AListBox.cpp.o)
                0x00000000000139a4                AListBox::AListBox(unsigned short, unsigned short, unsigned short, unsigned short, AColor)
                0x00000000000139a4                AListBox::AListBox(unsigned short, unsigned short, unsigned short, unsigned short, AColor)
 .text._ZN8AListBoxD2Ev
                0x00000000000139f8       0x78 .pio/build/teensy41/libbf3/libAGUI.a(AListBox.cpp.o)
                0x00000000000139f8                AListBox::~AListBox()
                0x00000000000139f8                AListBox::~AListBox()
 .text._ZN8AListBoxD0Ev
                0x0000000000013a70       0x14 .pio/build/teensy41/libbf3/libAGUI.a(AListBox.cpp.o)
                0x0000000000013a70                AListBox::~AListBox()
 .text._ZNK8AListBox12getItemIndexEPK12AListBoxItem
                0x0000000000013a84       0x1c .pio/build/teensy41/libbf3/libAGUI.a(AListBox.cpp.o)
                0x0000000000013a84                AListBox::getItemIndex(AListBoxItem const*) const
 .text._ZN8AListBox5resetEv
                0x0000000000013aa0       0x44 .pio/build/teensy41/libbf3/libAGUI.a(AListBox.cpp.o)
                0x0000000000013aa0                AListBox::reset()
 .text._ZN5ARectD2Ev
                0x0000000000013ae4        0x4 .pio/build/teensy41/libbf3/libAGUI.a(APixelBox.cpp.o)
                0x0000000000013ae4                ARect::~ARect()
                0x0000000000013ae4                ARect::~ARect()
 .text._ZN7AWidget13repaintWidgetEv
                0x0000000000013ae8        0x4 .pio/build/teensy41/libbf3/libAGUI.a(APixelBox.cpp.o)
                0x0000000000013ae8                AWidget::repaintWidget()
 .text._ZN9APixelBox10touchPixelEtt
                0x0000000000013aec        0x4 .pio/build/teensy41/libbf3/libAGUI.a(APixelBox.cpp.o)
                0x0000000000013aec                APixelBox::touchPixel(unsigned short, unsigned short)
 .text._ZN5ARectD0Ev
                0x0000000000013af0       0x10 .pio/build/teensy41/libbf3/libAGUI.a(APixelBox.cpp.o)
                0x0000000000013af0                ARect::~ARect()
 .text._ZN9APixelBoxD2Ev
                0x0000000000013b00       0x14 .pio/build/teensy41/libbf3/libAGUI.a(APixelBox.cpp.o)
                0x0000000000013b00                APixelBox::~APixelBox()
                0x0000000000013b00                APixelBox::~APixelBox()
 .text._ZN9APixelBoxD0Ev
                0x0000000000013b14       0x1c .pio/build/teensy41/libbf3/libAGUI.a(APixelBox.cpp.o)
                0x0000000000013b14                APixelBox::~APixelBox()
 .text._ZN9APixelBox11touchWidgetEtt
                0x0000000000013b30       0x48 .pio/build/teensy41/libbf3/libAGUI.a(APixelBox.cpp.o)
                0x0000000000013b30                APixelBox::touchWidget(unsigned short, unsigned short)
 .text._ZN9APixelBoxC2Etttt
                0x0000000000013b78       0xd8 .pio/build/teensy41/libbf3/libAGUI.a(APixelBox.cpp.o)
                0x0000000000013b78                APixelBox::APixelBox(unsigned short, unsigned short, unsigned short, unsigned short)
                0x0000000000013b78                APixelBox::APixelBox(unsigned short, unsigned short, unsigned short, unsigned short)
 .text._ZN9APixelBox9drawPixelEtt6AColor
                0x0000000000013c50       0x28 .pio/build/teensy41/libbf3/libAGUI.a(APixelBox.cpp.o)
                0x0000000000013c50                APixelBox::drawPixel(unsigned short, unsigned short, AColor)
 .text._ZN5ARect10setCornersEtttt
                0x0000000000013c78       0x1c .pio/build/teensy41/libbf3/libAGUI.a(ARect.cpp.o)
                0x0000000000013c78                ARect::setCorners(unsigned short, unsigned short, unsigned short, unsigned short)
 .text._ZNK5ARect8isWithinEtt
                0x0000000000013c94       0x24 .pio/build/teensy41/libbf3/libAGUI.a(ARect.cpp.o)
                0x0000000000013c94                ARect::isWithin(unsigned short, unsigned short) const
 .text._ZN10AScrollBox9touchItemEP14AScrollBoxItem
                0x0000000000013cb8        0x4 .pio/build/teensy41/libbf3/libAGUI.a(AScrollBox.cpp.o)
                0x0000000000013cb8                AScrollBox::touchItem(AScrollBoxItem*)
 .text._ZN10AScrollBox11touchWidgetEtt
                0x0000000000013cbc       0x44 .pio/build/teensy41/libbf3/libAGUI.a(AScrollBox.cpp.o)
                0x0000000000013cbc                AScrollBox::touchWidget(unsigned short, unsigned short)
 .text._ZN10AScrollBox7repaintEP14AScrollBoxItem
                0x0000000000013d00       0x98 .pio/build/teensy41/libbf3/libAGUI.a(AScrollBox.cpp.o)
                0x0000000000013d00                AScrollBox::repaint(AScrollBoxItem*)
 .text._ZN14AScrollBoxItem11setItemTextE6String6AColor
                0x0000000000013d98       0x18 .pio/build/teensy41/libbf3/libAGUI.a(AScrollBox.cpp.o)
                0x0000000000013d98                AScrollBoxItem::setItemText(String, AColor)
 .text._ZN10AScrollBox13repaintWidgetEv
                0x0000000000013db0       0x74 .pio/build/teensy41/libbf3/libAGUI.a(AScrollBox.cpp.o)
                0x0000000000013db0                AScrollBox::repaintWidget()
 .text._ZN10AScrollBoxC2Etttt6AColor
                0x0000000000013e24       0x54 .pio/build/teensy41/libbf3/libAGUI.a(AScrollBox.cpp.o)
                0x0000000000013e24                AScrollBox::AScrollBox(unsigned short, unsigned short, unsigned short, unsigned short, AColor)
                0x0000000000013e24                AScrollBox::AScrollBox(unsigned short, unsigned short, unsigned short, unsigned short, AColor)
 .text._ZN10AScrollBoxD2Ev
                0x0000000000013e78       0x78 .pio/build/teensy41/libbf3/libAGUI.a(AScrollBox.cpp.o)
                0x0000000000013e78                AScrollBox::~AScrollBox()
                0x0000000000013e78                AScrollBox::~AScrollBox()
 .text._ZN10AScrollBoxD0Ev
                0x0000000000013ef0       0x14 .pio/build/teensy41/libbf3/libAGUI.a(AScrollBox.cpp.o)
                0x0000000000013ef0                AScrollBox::~AScrollBox()
 .text._ZN10AScrollBox15scrollUpOneLineEv
                0x0000000000013f04       0x9c .pio/build/teensy41/libbf3/libAGUI.a(AScrollBox.cpp.o)
                0x0000000000013f04                AScrollBox::scrollUpOneLine()
 .text._ZN10AScrollBox7addItemEPS_6String6AColor
                0x0000000000013fa0       0x90 .pio/build/teensy41/libbf3/libAGUI.a(AScrollBox.cpp.o)
                0x0000000000013fa0                AScrollBox::addItem(AScrollBox*, String, AColor)
 .text._ZN10AScrollBox13setItemColorsEP14AScrollBoxItem6AColorS2_
                0x0000000000014030       0x14 .pio/build/teensy41/libbf3/libAGUI.a(AScrollBox.cpp.o)
                0x0000000000014030                AScrollBox::setItemColors(AScrollBoxItem*, AColor, AColor)
 .text._ZN10AScrollBox16reviewTimeStampsEv
                0x0000000000014044       0x20 .pio/build/teensy41/libbf3/libAGUI.a(AScrollBox.cpp.o)
                0x0000000000014044                AScrollBox::reviewTimeStamps()
 .text._ZN8ATextBox11touchWidgetEtt
                0x0000000000014064        0x4 .pio/build/teensy41/libbf3/libAGUI.a(ATextBox.cpp.o)
                0x0000000000014064                ATextBox::touchWidget(unsigned short, unsigned short)
 .text._ZN8ATextBox13repaintWidgetEv
                0x0000000000014068      0x150 .pio/build/teensy41/libbf3/libAGUI.a(ATextBox.cpp.o)
                0x0000000000014068                ATextBox::repaintWidget()
 .text._ZN8ATextBoxD2Ev
                0x00000000000141b8       0x1c .pio/build/teensy41/libbf3/libAGUI.a(ATextBox.cpp.o)
                0x00000000000141b8                ATextBox::~ATextBox()
                0x00000000000141b8                ATextBox::~ATextBox()
 .text._ZN8ATextBoxD0Ev
                0x00000000000141d4       0x24 .pio/build/teensy41/libbf3/libAGUI.a(ATextBox.cpp.o)
                0x00000000000141d4                ATextBox::~ATextBox()
 .text._ZN8ATextBoxC2EPKctttt6AColor
                0x00000000000141f8      0x168 .pio/build/teensy41/libbf3/libAGUI.a(ATextBox.cpp.o)
                0x00000000000141f8                ATextBox::ATextBox(char const*, unsigned short, unsigned short, unsigned short, unsigned short, AColor)
                0x00000000000141f8                ATextBox::ATextBox(char const*, unsigned short, unsigned short, unsigned short, unsigned short, AColor)
 .text._ZN8ATextBox7setTextEPKc6AColor
                0x0000000000014360       0x2c .pio/build/teensy41/libbf3/libAGUI.a(ATextBox.cpp.o)
                0x0000000000014360                ATextBox::setText(char const*, AColor)
 .text._ZN8ATextBox7setTextER6String6AColor
                0x000000000001438c       0x2c .pio/build/teensy41/libbf3/libAGUI.a(ATextBox.cpp.o)
                0x000000000001438c                ATextBox::setText(String&, AColor)
 .text._ZN8ATextBox5resetEv
                0x00000000000143b8       0x1c .pio/build/teensy41/libbf3/libAGUI.a(ATextBox.cpp.o)
                0x00000000000143b8                ATextBox::reset()
 .text._ZN13AToggleButton11touchButtonEi
                0x00000000000143d4        0x4 .pio/build/teensy41/libbf3/libAGUI.a(AToggleButton.cpp.o)
                0x00000000000143d4                AToggleButton::touchButton(int)
 .text._ZN13AToggleButton13repaintWidgetEv
                0x00000000000143d8       0xe0 .pio/build/teensy41/libbf3/libAGUI.a(AToggleButton.cpp.o)
                0x00000000000143d8                AToggleButton::repaintWidget()
 .text._ZN13AToggleButtonD2Ev
                0x00000000000144b8       0x1c .pio/build/teensy41/libbf3/libAGUI.a(AToggleButton.cpp.o)
                0x00000000000144b8                AToggleButton::~AToggleButton()
                0x00000000000144b8                AToggleButton::~AToggleButton()