Archive member included to satisfy reference by file (symbol)

.pio/build/teensy41/lib849/libHX8357_t3n.a(HX8357_t3n.cpp.o)
                              .pio/build/teensy41/src/main.cpp.o (HX8357_t3n::HX8357_t3n(unsigned char, unsigned char, unsigned char, unsigned char, unsigned char, unsigned char))
.pio/build/teensy41/lib849/libHX8357_t3n.a(glcdfont.c.o)
                              .pio/build/teensy41/lib849/libHX8357_t3n.a(HX8357_t3n.cpp.o) (glcdfont)
.pio/build/teensy41/liba08/libA_GUI.a(AListBox.cpp.o)
                              .pio/build/teensy41/src/main.cpp.o (AListBox::AListBox(HX8357_t3n*, ARect, AColor))
.pio/build/teensy41/liba08/libA_GUI.a(ARect.cpp.o)
                              .pio/build/teensy41/liba08/libA_GUI.a(AListBox.cpp.o) (ARect::setCorners(unsigned short, unsigned short, unsigned short, unsigned short))
.pio/build/teensy41/liba08/libA_GUI.a(AWidget.cpp.o)
                              .pio/build/teensy41/liba08/libA_GUI.a(AListBox.cpp.o) (AWidget::AWidget())
.pio/build/teensy41/liba08/libA_GUI.a(ADisplay.cpp.o)
                              .pio/build/teensy41/liba08/libA_GUI.a(AListBox.cpp.o) (ADisplay::ADisplay())
.pio/build/teensy41/libFrameworkArduino.a(DMAChannel.cpp.o)
                              .pio/build/teensy41/lib849/libHX8357_t3n.a(HX8357_t3n.cpp.o) (DMAChannel::begin(bool))
.pio/build/teensy41/libFrameworkArduino.a(Print.cpp.o)
                              .pio/build/teensy41/src/main.cpp.o (Print::println())
.pio/build/teensy41/libFrameworkArduino.a(WString.cpp.o)
                              .pio/build/teensy41/lib849/libHX8357_t3n.a(HX8357_t3n.cpp.o) (String::String(char const*))
.pio/build/teensy41/libFrameworkArduino.a(bootdata.c.o)
                              (ImageVectorTable)
.pio/build/teensy41/libFrameworkArduino.a(delay.c.o)
                              .pio/build/teensy41/src/main.cpp.o (delay)
.pio/build/teensy41/libFrameworkArduino.a(digital.c.o)
                              .pio/build/teensy41/lib849/libHX8357_t3n.a(HX8357_t3n.cpp.o) (digitalWrite)
.pio/build/teensy41/libFrameworkArduino.a(main.cpp.o)
                              /Users/jconrad/.platformio/packages/toolchain-gccarmnoneeabi-teensy/bin/../lib/gcc/arm-none-eabi/11.3.1/../../../../arm-none-eabi/lib/thumb/v7e-m+dp/hard/crt0.o (main)
.pio/build/teensy41/libFrameworkArduino.a(memcpy-armv7m.S.o)
                              .pio/build/teensy41/libFrameworkArduino.a(WString.cpp.o) (memcpy)
.pio/build/teensy41/libFrameworkArduino.a(nonstd.c.o)
                              .pio/build/teensy41/libFrameworkArduino.a(WString.cpp.o) (ultoa)
.pio/build/teensy41/libFrameworkArduino.a(startup.c.o)
                              .pio/build/teensy41/libFrameworkArduino.a(bootdata.c.o) (ResetHandler)
.pio/build/teensy41/libFrameworkArduino.a(tempmon.c.o)
                              .pio/build/teensy41/libFrameworkArduino.a(startup.c.o) (tempmon_init)
.pio/build/teensy41/libFrameworkArduino.a(usb.c.o)
                              .pio/build/teensy41/libFrameworkArduino.a(startup.c.o) (usb_init)
.pio/build/teensy41/libFrameworkArduino.a(usb_desc.c.o)
                              .pio/build/teensy41/libFrameworkArduino.a(usb.c.o) (usb_init_serialnumber)
.pio/build/teensy41/libFrameworkArduino.a(usb_inst.cpp.o)
                              .pio/build/teensy41/src/main.cpp.o (Serial)
.pio/build/teensy41/libFrameworkArduino.a(usb_serial.c.o)
                              .pio/build/teensy41/libFrameworkArduino.a(usb.c.o) (usb_serial_reset)
.pio/build/teensy41/libFrameworkArduino.a(yield.cpp.o)
                              .pio/build/teensy41/src/main.cpp.o (yield)
.pio/build/teensy41/libFrameworkArduino.a(EventResponder.cpp.o)
                              .pio/build/teensy41/libFrameworkArduino.a(startup.c.o) (pendablesrvreq_isr)
.pio/build/teensy41/libFrameworkArduino.a(HardwareSerial.cpp.o)
                              .pio/build/teensy41/libFrameworkArduino.a(yield.cpp.o) (HardwareSerialIMXRT::s_count_serials_with_serial_events)
.pio/build/teensy41/libFrameworkArduino.a(analog.c.o)
                              .pio/build/teensy41/libFrameworkArduino.a(startup.c.o) (analog_init)
.pio/build/teensy41/libFrameworkArduino.a(clockspeed.c.o)
                              .pio/build/teensy41/libFrameworkArduino.a(startup.c.o) (set_arm_clock)
.pio/build/teensy41/libFrameworkArduino.a(pwm.c.o)
                              .pio/build/teensy41/libFrameworkArduino.a(startup.c.o) (pwm_init)
.pio/build/teensy41/libFrameworkArduino.a(rtc.c.o)
                              .pio/build/teensy41/libFrameworkArduino.a(startup.c.o) (rtc_get)
.pio/build/teensy41/libFrameworkArduino.a(sm_pool.c.o)
                              .pio/build/teensy41/libFrameworkArduino.a(startup.c.o) (sm_set_pool)
/Users/jconrad/.platformio/packages/toolchain-gccarmnoneeabi-teensy/bin/../lib/gcc/arm-none-eabi/11.3.1/../../../../arm-none-eabi/lib/thumb/v7e-m+dp/hard/libstdc++.a(atexit_arm.o)
[...]
Memory Configuration

Name             Origin             Length             Attributes
ITCM             0x0000000000000000 0x0000000000080000 xrw
DTCM             0x0000000020000000 0x0000000000080000 xrw
RAM              0x0000000020200000 0x0000000000080000 xrw
FLASH            0x0000000060000000 0x00000000007c0000 xrw
ERAM             0x0000000070000000 0x0000000001000000 xrw
*default*        0x0000000000000000 0xffffffffffffffff

Linker script and memory map

LOAD /Users/jconrad/.platformio/packages/toolchain-gccarmnoneeabi-teensy/bin/../lib/gcc/arm-none-eabi/11.3.1/thumb/v7e-m+dp/hard/crti.o
LOAD /Users/jconrad/.platformio/packages/toolchain-gccarmnoneeabi-teensy/bin/../lib/gcc/arm-none-eabi/11.3.1/thumb/v7e-m+dp/hard/crtbegin.o
LOAD /Users/jconrad/.platformio/packages/toolchain-gccarmnoneeabi-teensy/bin/../lib/gcc/arm-none-eabi/11.3.1/../../../../arm-none-eabi/lib/thumb/v7e-m+dp/hard/crt0.o
                0x0000000067e80f53                __rtc_localtime = 0x67e80f53
LOAD .pio/build/teensy41/src/main.cpp.o
START GROUP
LOAD .pio/build/teensy41/lib672/libWire.a
LOAD .pio/build/teensy41/lib060/libSPI.a
LOAD .pio/build/teensy41/libac1/libAdafruit BusIO.a
LOAD .pio/build/teensy41/lib060/libAdafruit GFX Library.a
LOAD .pio/build/teensy41/lib849/libHX8357_t3n.a
LOAD .pio/build/teensy41/liba08/libA_GUI.a
LOAD .pio/build/teensy41/libFrameworkArduino.a
LOAD /Users/jconrad/.platformio/packages/toolchain-gccarmnoneeabi-teensy/bin/../lib/gcc/arm-none-eabi/11.3.1/../../../../arm-none-eabi/lib/libarm_cortexM7lfsp_math.a
LOAD /Users/jconrad/.platformio/packages/toolchain-gccarmnoneeabi-teensy/bin/../lib/gcc/arm-none-eabi/11.3.1/../../../../arm-none-eabi/lib/thumb/v7e-m+dp/hard/libstdc++.a
END GROUP
LOAD /Users/jconrad/.platformio/packages/toolchain-gccarmnoneeabi-teensy/bin/../lib/gcc/arm-none-eabi/11.3.1/../../../../arm-none-eabi/lib/thumb/v7e-m+dp/hard/libstdc++.a
LOAD /Users/jconrad/.platformio/packages/toolchain-gccarmnoneeabi-teensy/bin/../lib/gcc/arm-none-eabi/11.3.1/../../../../arm-none-eabi/lib/thumb/v7e-m+dp/hard/libm.a
START GROUP
LOAD /Users/jconrad/.platformio/packages/toolchain-gccarmnoneeabi-teensy/bin/../lib/gcc/arm-none-eabi/11.3.1/thumb/v7e-m+dp/hard/libgcc.a
LOAD /Users/jconrad/.platformio/packages/toolchain-gccarmnoneeabi-teensy/bin/../lib/gcc/arm-none-eabi/11.3.1/../../../../arm-none-eabi/lib/thumb/v7e-m+dp/hard/libc.a
END GROUP
LOAD /Users/jconrad/.platformio/packages/toolchain-gccarmnoneeabi-teensy/bin/../lib/gcc/arm-none-eabi/11.3.1/thumb/v7e-m+dp/hard/crtend.o
LOAD /Users/jconrad/.platformio/packages/toolchain-gccarmnoneeabi-teensy/bin/../lib/gcc/arm-none-eabi/11.3.1/thumb/v7e-m+dp/hard/crtn.o

.text.headers   0x0000000060000000     0x1400
 *(.flashconfig)
 .flashconfig   0x0000000060000000      0x200 .pio/build/teensy41/libFrameworkArduino.a(bootdata.c.o)
                0x0000000060000000                FlexSPI_NOR_Config
 FILL mask 0xff
                0x0000000060001000                . = (ORIGIN (FLASH) + 0x1000)
 *fill*         0x0000000060000200      0xe00 ff
 *(.ivt)
 .ivt           0x0000000060001000       0x20 .pio/build/teensy41/libFrameworkArduino.a(bootdata.c.o)
                0x0000000060001000                ImageVectorTable
 *(.bootdata)
 .bootdata      0x0000000060001020        0xc .pio/build/teensy41/libFrameworkArduino.a(bootdata.c.o)
                0x0000000060001020                BootData
                0x0000000060001400                . = ALIGN (0x400)
 *fill*         0x000000006000102c      0x3d4 ff

.text.code      0x0000000060001400      0xa88
 *(.startup)
 .startup       0x0000000060001400      0x274 .pio/build/teensy41/libFrameworkArduino.a(startup.c.o)
                0x000000006000164c                ResetHandler
 *(.flashmem*)
 .flashmem      0x0000000060001674      0x500 .pio/build/teensy41/libFrameworkArduino.a(startup.c.o)
                0x0000000060001674                startup_early_hook
                0x0000000060001674                startup_default_early_hook
                0x0000000060001678                startup_middle_hook
                0x0000000060001678                startup_default_middle_hook
                0x000000006000167c                startup_default_late_hook
                0x000000006000167c                startup_late_hook
                0x0000000060001680                startup_debug_reset
                0x0000000060001684                configure_cache
                0x0000000060001794                configure_external_ram
                0x0000000060001b18                usb_pll_start
 .flashmem      0x0000000060001b74      0x130 .pio/build/teensy41/libFrameworkArduino.a(tempmon.c.o)
                0x0000000060001b74                tempmon_init
 .flashmem      0x0000000060001ca4      0x13c .pio/build/teensy41/libFrameworkArduino.a(usb.c.o)
                0x0000000060001ca4                usb_init
                0x0000000060001d8c                _reboot_Teensyduino_
 .flashmem      0x0000000060001de0       0x54 .pio/build/teensy41/libFrameworkArduino.a(analog.c.o)
                0x0000000060001de0                analog_init
                0x0000000060001e34                . = ALIGN (0x4)
 *(.init)
 .init          0x0000000060001e34        0x4 /Users/jconrad/.platformio/packages/toolchain-gccarmnoneeabi-teensy/bin/../lib/gcc/arm-none-eabi/11.3.1/thumb/v7e-m+dp/hard/crti.o
                0x0000000060001e34                _init
 .init          0x0000000060001e38        0x8 /Users/jconrad/.platformio/packages/toolchain-gccarmnoneeabi-teensy/bin/../lib/gcc/arm-none-eabi/11.3.1/thumb/v7e-m+dp/hard/crtn.o
 .init.__stub   0x0000000060001e40       0x40 linker stubs
                0x0000000060001e80                __preinit_array_start = .
 *(.preinit_array)
                0x0000000060001e80                __preinit_array_end = .
                0x0000000060001e80                __init_array_start = .
 *(.init_array)
 .init_array    0x0000000060001e80        0x4 /Users/jconrad/.platformio/packages/toolchain-gccarmnoneeabi-teensy/bin/../lib/gcc/arm-none-eabi/11.3.1/thumb/v7e-m+dp/hard/crtbegin.o
 .init_array    0x0000000060001e84        0x4 .pio/build/teensy41/src/main.cpp.o
                0x0000000060001e88                __init_array_end = .
                0x0000000060001e88                . = ALIGN (0x4)

.text.progmem   0x0000000060001e88      0xdb4
 *(.progmem*)
 .progmem       0x0000000060001e88      0x658 .pio/build/teensy41/src/main.cpp.o
 .progmem       0x00000000600024e0      0x654 .pio/build/teensy41/liba08/libA_GUI.a(AListBox.cpp.o)
 .progmem       0x0000000060002b34      0x106 .pio/build/teensy41/libFrameworkArduino.a(usb_desc.c.o)
                0x0000000060002b34                usb_string_product_name
                0x0000000060002b34                usb_string_product_name_default
                0x0000000060002b4c                usb_string_manufacturer_name_default
                0x0000000060002b4c                usb_string_manufacturer_name
                0x0000000060002b64                string0
                0x0000000060002b68                usb_config_descriptor_12
                0x0000000060002bcc                usb_config_descriptor_480
                0x0000000060002c3c                . = ALIGN (0x4)
 *fill*         0x0000000060002c3a        0x2 

.text.itcm      0x0000000000000000    0x10020 load address 0x0000000060002c3c
                0x0000000000000020                . = (. + 0x20)
 *fill*         0x0000000000000000       0x20 
 *(.fastrun)
 *(.text*)
 .text.register_tm_clones
                0x0000000000000020       0x24 /Users/jconrad/.platformio/packages/toolchain-gccarmnoneeabi-teensy/bin/../lib/gcc/arm-none-eabi/11.3.1/thumb/v7e-m+dp/hard/crtbegin.o
 .text.frame_dummy
                0x0000000000000044       0x24 /Users/jconrad/.platformio/packages/toolchain-gccarmnoneeabi-teensy/bin/../lib/gcc/arm-none-eabi/11.3.1/thumb/v7e-m+dp/hard/crtbegin.o
 .text._ZN10HX8357_t3nD2Ev
                0x0000000000000068       0x18 .pio/build/teensy41/src/main.cpp.o
                0x0000000000000068                HX8357_t3n::~HX8357_t3n()
                0x0000000000000068                HX8357_t3n::~HX8357_t3n()
 .text.setup    0x0000000000000080      0x200 .pio/build/teensy41/src/main.cpp.o
                0x0000000000000080                setup
 .text.loop     0x0000000000000280        0x4 .pio/build/teensy41/src/main.cpp.o
                0x0000000000000280                loop
 .text.startup._GLOBAL__sub_I_tft
                0x0000000000000284       0x3c .pio/build/teensy41/src/main.cpp.o
 .text._ZN5Print17availableForWriteEv
                0x00000000000002c0        0x4 .pio/build/teensy41/lib849/libHX8357_t3n.a(HX8357_t3n.cpp.o)
                0x00000000000002c0                Print::availableForWrite()
 .text._ZN5Print5flushEv
                0x00000000000002c4        0x4 .pio/build/teensy41/lib849/libHX8357_t3n.a(HX8357_t3n.cpp.o)
                0x00000000000002c4                Print::flush()
 .text._ZN10HX8357_t3n5writeEh
                0x00000000000002c8       0x1c .pio/build/teensy41/lib849/libHX8357_t3n.a(HX8357_t3n.cpp.o)
                0x00000000000002c8                HX8357_t3n::write(unsigned char)
 .text._ZL18fetchbits_unsignedPKhmm
                0x00000000000002e4       0x4c .pio/build/teensy41/lib849/libHX8357_t3n.a(HX8357_t3n.cpp.o)
 .text._ZN8SPIClass16beginTransactionE11SPISettings
                0x0000000000000330      0x110 .pio/build/teensy41/lib849/libHX8357_t3n.a(HX8357_t3n.cpp.o)
                0x0000000000000330                SPIClass::beginTransaction(SPISettings)
 .text._ZN8SPIClass14endTransactionEv
                0x0000000000000440       0x4c .pio/build/teensy41/lib849/libHX8357_t3n.a(HX8357_t3n.cpp.o)
                0x0000000000000440                SPIClass::endTransaction()
 .text._ZN10HX8357_t3n14maybeUpdateTCREm
                0x000000000000048c       0x8c .pio/build/teensy41/lib849/libHX8357_t3n.a(HX8357_t3n.cpp.o)
                0x000000000000048c                HX8357_t3n::maybeUpdateTCR(unsigned long)
 .text._ZN10HX8357_t3nC2Ehhhhhh
                0x0000000000000518      0x23c .pio/build/teensy41/lib849/libHX8357_t3n.a(HX8357_t3n.cpp.o)
                0x0000000000000518                HX8357_t3n::HX8357_t3n(unsigned char, unsigned char, unsigned char, unsigned char, unsigned char, unsigned char)
                0x0000000000000518                HX8357_t3n::HX8357_t3n(unsigned char, unsigned char, unsigned char, unsigned char, unsigned char, unsigned char)
 .text._ZN10HX8357_t3n8readRectEssssPt
                0x0000000000000754      0x79c .pio/build/teensy41/lib849/libHX8357_t3n.a(HX8357_t3n.cpp.o)
                0x0000000000000754                HX8357_t3n::readRect(short, short, short, short, unsigned short*)
 .text._ZN10HX8357_t3n5beginEmm
                0x0000000000000ef0      0x550 .pio/build/teensy41/lib849/libHX8357_t3n.a(HX8357_t3n.cpp.o)
                0x0000000000000ef0                HX8357_t3n::begin(unsigned long, unsigned long)
 .text._ZN10HX8357_t3n7setFontEPK7GFXfont
                0x0000000000001440       0x60 .pio/build/teensy41/lib849/libHX8357_t3n.a(HX8357_t3n.cpp.o)
                0x0000000000001440                HX8357_t3n::setFont(GFXfont const*)
 .text._ZN10HX8357_t3n10charBoundsEcPsS0_S0_S0_S0_S0_
                0x00000000000014a0      0x3b4 .pio/build/teensy41/lib849/libHX8357_t3n.a(HX8357_t3n.cpp.o)
                0x00000000000014a0                HX8357_t3n::charBounds(char, short*, short*, short*, short*, short*, short*)
 .text._ZN10HX8357_t3n13getTextBoundsEPKhtssPsS2_PtS3_
                0x0000000000001854       0xb0 .pio/build/teensy41/lib849/libHX8357_t3n.a(HX8357_t3n.cpp.o)
                0x0000000000001854                HX8357_t3n::getTextBounds(unsigned char const*, unsigned short, short, short, short*, short*, unsigned short*, unsigned short*)
 .text._ZN10HX8357_t3n20gfxFontLastCharPosFGEss
                0x0000000000001904       0xa4 .pio/build/teensy41/lib849/libHX8357_t3n.a(HX8357_t3n.cpp.o)
                0x0000000000001904                HX8357_t3n::gfxFontLastCharPosFG(short, short)
 .text._ZN10HX8357_t3n9setCursorEssb
                0x00000000000019a8       0xb4 .pio/build/teensy41/lib849/libHX8357_t3n.a(HX8357_t3n.cpp.o)
                0x00000000000019a8                HX8357_t3n::setCursor(short, short, bool)
 .text._ZN10HX8357_t3n12setTextColorEtt
                0x0000000000001a5c       0x28 .pio/build/teensy41/lib849/libHX8357_t3n.a(HX8357_t3n.cpp.o)
                0x0000000000001a5c                HX8357_t3n::setTextColor(unsigned short, unsigned short)
 .text._ZN10HX8357_t3n11setTextWrapEb
                0x0000000000001a84        0x8 .pio/build/teensy41/lib849/libHX8357_t3n.a(HX8357_t3n.cpp.o)
                0x0000000000001a84                HX8357_t3n::setTextWrap(bool)
 .text._ZN10HX8357_t3n15waitFifoNotFullEv
                0x0000000000001a8c       0x20 .pio/build/teensy41/lib849/libHX8357_t3n.a(HX8357_t3n.cpp.o)
                0x0000000000001a8c                HX8357_t3n::waitFifoNotFull()
 .text._ZN10HX8357_t3n9drawPixelEsst
                0x0000000000001aac      0x2e8 .pio/build/teensy41/lib849/libHX8357_t3n.a(HX8357_t3n.cpp.o)
                0x0000000000001aac                HX8357_t3n::drawPixel(short, short, unsigned short)
 .text._ZN10HX8357_t3n8fillRectEsssst
                0x0000000000001d94      0x4c8 .pio/build/teensy41/lib849/libHX8357_t3n.a(HX8357_t3n.cpp.o)
                0x0000000000001d94                HX8357_t3n::fillRect(short, short, short, short, unsigned short)
 .text._ZN10HX8357_t3n10fillScreenEt
                0x000000000000225c       0xcc .pio/build/teensy41/lib849/libHX8357_t3n.a(HX8357_t3n.cpp.o)
                0x000000000000225c                HX8357_t3n::fillScreen(unsigned short)
 .text._ZN10HX8357_t3n12drawFontBitsEbmmllm
                0x0000000000002328      0x10c .pio/build/teensy41/lib849/libHX8357_t3n.a(HX8357_t3n.cpp.o)
                0x0000000000002328                HX8357_t3n::drawFontBits(bool, unsigned long, unsigned long, long, long, unsigned long)
 .text._ZN10HX8357_t3n20waitTransmitCompleteEv
                0x0000000000002434       0x24 .pio/build/teensy41/lib849/libHX8357_t3n.a(HX8357_t3n.cpp.o)
                0x0000000000002434                HX8357_t3n::waitTransmitComplete()
 .text._ZN10HX8357_t3n15drawGFXFontCharEj
                0x0000000000002458      0xefc .pio/build/teensy41/lib849/libHX8357_t3n.a(HX8357_t3n.cpp.o)
                0x0000000000002458                HX8357_t3n::drawGFXFontChar(unsigned int)
 .text._ZN10HX8357_t3n11setRotationEh
                0x0000000000003354      0x550 .pio/build/teensy41/lib849/libHX8357_t3n.a(HX8357_t3n.cpp.o)
                0x0000000000003354                HX8357_t3n::setRotation(unsigned char)
 .text._ZN10HX8357_t3n13drawFastVLineEssst
                0x00000000000038a4      0x380 .pio/build/teensy41/lib849/libHX8357_t3n.a(HX8357_t3n.cpp.o)
                0x00000000000038a4                HX8357_t3n::drawFastVLine(short, short, short, unsigned short)
 .text._ZN10HX8357_t3n13drawFastHLineEssst
                0x0000000000003c24      0x38c .pio/build/teensy41/lib849/libHX8357_t3n.a(HX8357_t3n.cpp.o)
                0x0000000000003c24                HX8357_t3n::drawFastHLine(short, short, short, unsigned short)
 .text._ZN10HX8357_t3n8drawRectEsssst
                0x0000000000003fb0      0xc90 .pio/build/teensy41/lib849/libHX8357_t3n.a(HX8357_t3n.cpp.o)
                0x0000000000003fb0                HX8357_t3n::drawRect(short, short, short, short, unsigned short)
 .text._ZN10HX8357_t3n8drawCharEsshtthh
                0x0000000000004c40      0x9b0 .pio/build/teensy41/lib849/libHX8357_t3n.a(HX8357_t3n.cpp.o)
                0x0000000000004c40                HX8357_t3n::drawChar(short, short, unsigned char, unsigned short, unsigned short, unsigned char, unsigned char)
 .text._ZN10HX8357_t3n9writeRectEssssPKt
                0x00000000000055f0      0x578 .pio/build/teensy41/lib849/libHX8357_t3n.a(HX8357_t3n.cpp.o)
                0x00000000000055f0                HX8357_t3n::writeRect(short, short, short, short, unsigned short const*)
 .text._ZN10HX8357_t3n14scrollTextAreaEh
                0x0000000000005b68       0xa4 .pio/build/teensy41/lib849/libHX8357_t3n.a(HX8357_t3n.cpp.o)
                0x0000000000005b68                HX8357_t3n::scrollTextArea(unsigned char)
 .text._ZN10HX8357_t3n12drawFontCharEj
                0x0000000000005c0c     0x1058 .pio/build/teensy41/lib849/libHX8357_t3n.a(HX8357_t3n.cpp.o)
                0x0000000000005c0c                HX8357_t3n::drawFontChar(unsigned int)
 .text._ZN10HX8357_t3n5writeEPKhj
                0x0000000000006c64      0x228 .pio/build/teensy41/lib849/libHX8357_t3n.a(HX8357_t3n.cpp.o)
                0x0000000000006c64                HX8357_t3n::write(unsigned char const*, unsigned int)
 .text._ZN10HX8357_t3n10getLeadingEv
                0x0000000000006e8c       0x28 .pio/build/teensy41/lib849/libHX8357_t3n.a(HX8357_t3n.cpp.o)
                0x0000000000006e8c                HX8357_t3n::getLeading()
 .text._ZN8AListBox5writeEh
                0x0000000000006eb4       0x4c .pio/build/teensy41/liba08/libA_GUI.a(AListBox.cpp.o)
                0x0000000000006eb4                AListBox::write(unsigned char)
 .text._ZN8AListBox9writeItemEPKhj.part.0
                0x0000000000006f00      0x250 .pio/build/teensy41/liba08/libA_GUI.a(AListBox.cpp.o)
 .text._ZN8AListBox5writeEPKhj
                0x0000000000007150      0x10c .pio/build/teensy41/liba08/libA_GUI.a(AListBox.cpp.o)
                0x0000000000007150                AListBox::write(unsigned char const*, unsigned int)
 .text._ZN8AListBoxC1EP10HX8357_t3ntttt
                0x000000000000725c      0x220 .pio/build/teensy41/liba08/libA_GUI.a(AListBox.cpp.o)
                0x000000000000725c                AListBox::AListBox(HX8357_t3n*, unsigned short, unsigned short, unsigned short, unsigned short)
 .text._ZN8AListBoxC1EP10HX8357_t3ntttt6AColor
                0x000000000000747c       0xf8 .pio/build/teensy41/liba08/libA_GUI.a(AListBox.cpp.o)
                0x000000000000747c                AListBox::AListBox(HX8357_t3n*, unsigned short, unsigned short, unsigned short, unsigned short, AColor)
 .text._ZN8AListBoxC1EP10HX8357_t3n5ARect6AColor
                0x0000000000007574       0x78 .pio/build/teensy41/liba08/libA_GUI.a(AListBox.cpp.o)
                0x0000000000007574                AListBox::AListBox(HX8357_t3n*, ARect, AColor)
 .text._ZN8AListBox7setItemEiPKc6AColorS2_
                0x00000000000075ec       0x98 .pio/build/teensy41/liba08/libA_GUI.a(AListBox.cpp.o)
                0x00000000000075ec                AListBox::setItem(int, char const*, AColor, AColor)
 .text._ZN8AListBox7addItemEPKc
                0x0000000000007684       0x28 .pio/build/teensy41/liba08/libA_GUI.a(AListBox.cpp.o)
                0x0000000000007684                AListBox::addItem(char const*)
 .text._ZN5ARect10setCornersEtttt
                0x00000000000076ac       0x10 .pio/build/teensy41/liba08/libA_GUI.a(ARect.cpp.o)
                0x00000000000076ac                ARect::setCorners(unsigned short, unsigned short, unsigned short, unsigned short)
 .text._ZN7AWidgetC2Ev
                0x00000000000076bc       0x28 .pio/build/teensy41/liba08/libA_GUI.a(AWidget.cpp.o)
                0x00000000000076bc                AWidget::AWidget()
 .text._ZN7AWidgetD2Ev
                0x00000000000076e4       0x38 .pio/build/teensy41/liba08/libA_GUI.a(AWidget.cpp.o)
                0x00000000000076e4                AWidget::~AWidget()
 .text._ZN8ADisplayC2Ev
                0x000000000000771c        0x4 .pio/build/teensy41/liba08/libA_GUI.a(ADisplay.cpp.o)
                0x000000000000771c                ADisplay::ADisplay()
                0x000000000000771c                ADisplay::ADisplay()
 .text._ZN10DMAChannel5beginEb
                0x0000000000007720       0xb4 .pio/build/teensy41/libFrameworkArduino.a(DMAChannel.cpp.o)
                0x0000000000007720                DMAChannel::begin(bool)
 .text._ZN10DMAChannel7releaseEv
                0x00000000000077d4       0x34 .pio/build/teensy41/libFrameworkArduino.a(DMAChannel.cpp.o)
                0x00000000000077d4                DMAChannel::release()
 .text._ZN16usb_serial_class5writeEh
                0x0000000000007808        0x8 .pio/build/teensy41/libFrameworkArduino.a(Print.cpp.o)
                0x0000000000007808                usb_serial_class::write(unsigned char)
 .text._ZN5Print5writeEPKhj
                0x0000000000007810       0x50 .pio/build/teensy41/libFrameworkArduino.a(Print.cpp.o)
                0x0000000000007810                Print::write(unsigned char const*, unsigned int)
 .text._ZN5Print7printlnEv
                0x0000000000007860       0x1c .pio/build/teensy41/libFrameworkArduino.a(Print.cpp.o)
                0x0000000000007860                Print::println()
 .text._write   0x000000000000787c       0x1c .pio/build/teensy41/libFrameworkArduino.a(Print.cpp.o)
                0x000000000000787c                _write
 .text._ZN5Print6printfEPKcz
                0x0000000000007898       0x1c .pio/build/teensy41/libFrameworkArduino.a(Print.cpp.o)
                0x0000000000007898                Print::printf(char const*, ...)
 .text.delay    0x00000000000078b4       0xa8 .pio/build/teensy41/libFrameworkArduino.a(delay.c.o)
                0x00000000000078b4                delay
 .text.digitalWrite
                0x000000000000795c       0x54 .pio/build/teensy41/libFrameworkArduino.a(digital.c.o)
                0x000000000000795c                digitalWrite
 .text.pinMode  0x00000000000079b0       0x70 .pio/build/teensy41/libFrameworkArduino.a(digital.c.o)
                0x00000000000079b0                pinMode
 .text.startup.main
                0x0000000000007a20       0x10 .pio/build/teensy41/libFrameworkArduino.a(main.cpp.o)
                0x0000000000007a20                main
 .text          0x0000000000007a30      0x134 .pio/build/teensy41/libFrameworkArduino.a(memcpy-armv7m.S.o)
                0x0000000000007a30                memcpy
 .text.ultoa    0x0000000000007b64       0x64 .pio/build/teensy41/libFrameworkArduino.a(nonstd.c.o)
                0x0000000000007b64                ultoa
 .text.unused_interrupt_vector
                0x0000000000007bc8      0x18c .pio/build/teensy41/libFrameworkArduino.a(startup.c.o)
                0x0000000000007bc8                unused_interrupt_vector
 .text._sbrk    0x0000000000007d54       0x34 .pio/build/teensy41/libFrameworkArduino.a(startup.c.o)
                0x0000000000007d54                _sbrk
 .text._read    0x0000000000007d88        0x4 .pio/build/teensy41/libFrameworkArduino.a(startup.c.o)
                0x0000000000007d88                _read
 .text._close   0x0000000000007d8c        0x8 .pio/build/teensy41/libFrameworkArduino.a(startup.c.o)
                0x0000000000007d8c                _close
 .text._fstat   0x0000000000007d94        0xc .pio/build/teensy41/libFrameworkArduino.a(startup.c.o)
                0x0000000000007d94                _fstat
 .text._isatty  0x0000000000007da0        0x4 .pio/build/teensy41/libFrameworkArduino.a(startup.c.o)
                0x0000000000007da0                _isatty
 .text._lseek   0x0000000000007da4        0x8 .pio/build/teensy41/libFrameworkArduino.a(startup.c.o)
                0x0000000000007da4                _lseek
 .text.__cxa_pure_virtual
                0x0000000000007dac        0x4 .pio/build/teensy41/libFrameworkArduino.a(startup.c.o)
                0x0000000000007dac                __cxa_pure_virtual
 .text.unlikely.abort
                0x0000000000007db0        0x4 .pio/build/teensy41/libFrameworkArduino.a(startup.c.o)
                0x0000000000007db0                abort
 .text.Panic_Temp_isr
                0x0000000000007db4        0x4 .pio/build/teensy41/libFrameworkArduino.a(tempmon.c.o)
                0x0000000000007db4                Panic_Temp_isr
 .text.tempmonGetTemp
                0x0000000000007db8       0x60 .pio/build/teensy41/libFrameworkArduino.a(tempmon.c.o)
                0x0000000000007db8                tempmonGetTemp
 .text.schedule_transfer
                0x0000000000007e18       0x88 .pio/build/teensy41/libFrameworkArduino.a(usb.c.o)
 .text.run_callbacks
                0x0000000000007ea0       0x38 .pio/build/teensy41/libFrameworkArduino.a(usb.c.o)
 .text.endpoint0_transmit.constprop.0
                0x0000000000007ed8       0x98 .pio/build/teensy41/libFrameworkArduino.a(usb.c.o)
 .text.usb_stop_sof_interrupts
                0x0000000000007f70       0x2c .pio/build/teensy41/libFrameworkArduino.a(usb.c.o)
                0x0000000000007f70                usb_stop_sof_interrupts
 .text.usb_isr  0x0000000000007f9c      0x630 .pio/build/teensy41/libFrameworkArduino.a(usb.c.o)
                0x0000000000007f9c                usb_isr
 .text.usb_config_rx
                0x00000000000085cc       0x64 .pio/build/teensy41/libFrameworkArduino.a(usb.c.o)
                0x00000000000085cc                usb_config_rx
 .text.usb_config_tx
                0x0000000000008630       0x64 .pio/build/teensy41/libFrameworkArduino.a(usb.c.o)
                0x0000000000008630                usb_config_tx
 .text.usb_prepare_transfer
                0x0000000000008694       0x30 .pio/build/teensy41/libFrameworkArduino.a(usb.c.o)
                0x0000000000008694                usb_prepare_transfer
 .text.usb_transmit
                0x00000000000086c4       0x28 .pio/build/teensy41/libFrameworkArduino.a(usb.c.o)
                0x00000000000086c4                usb_transmit
 .text.usb_receive
                0x00000000000086ec       0x1c .pio/build/teensy41/libFrameworkArduino.a(usb.c.o)
                0x00000000000086ec                usb_receive
 .text.usb_transfer_status
                0x0000000000008708        0x4 .pio/build/teensy41/libFrameworkArduino.a(usb.c.o)
                0x0000000000008708                usb_transfer_status
 .text.usb_init_serialnumber
                0x000000000000870c       0x58 .pio/build/teensy41/libFrameworkArduino.a(usb_desc.c.o)
                0x000000000000870c                usb_init_serialnumber
 .text._ZN16usb_serial_class5clearEv
                0x0000000000008764        0x4 .pio/build/teensy41/libFrameworkArduino.a(usb_inst.cpp.o)
                0x0000000000008764                usb_serial_class::clear()
 .text._ZN16usb_serial_class4peekEv
                0x0000000000008768        0x4 .pio/build/teensy41/libFrameworkArduino.a(usb_inst.cpp.o)
                0x0000000000008768                usb_serial_class::peek()
 .text._ZN16usb_serial_class4readEv
                0x000000000000876c        0x4 .pio/build/teensy41/libFrameworkArduino.a(usb_inst.cpp.o)
                0x000000000000876c                usb_serial_class::read()
 .text._ZN16usb_serial_class9availableEv
                0x0000000000008770        0x4 .pio/build/teensy41/libFrameworkArduino.a(usb_inst.cpp.o)
                0x0000000000008770                usb_serial_class::available()
 .text._ZN16usb_serial_class5flushEv
                0x0000000000008774        0x4 .pio/build/teensy41/libFrameworkArduino.a(usb_inst.cpp.o)
                0x0000000000008774                usb_serial_class::flush()
 .text._ZN16usb_serial_class17availableForWriteEv
                0x0000000000008778        0x4 .pio/build/teensy41/libFrameworkArduino.a(usb_inst.cpp.o)
                0x0000000000008778                usb_serial_class::availableForWrite()
 .text._ZN16usb_serial_class5writeEPKhj
                0x000000000000877c        0x8 .pio/build/teensy41/libFrameworkArduino.a(usb_inst.cpp.o)
                0x000000000000877c                usb_serial_class::write(unsigned char const*, unsigned int)
 .text.rx_queue_transfer
                0x0000000000008784       0x60 .pio/build/teensy41/libFrameworkArduino.a(usb_serial.c.o)
 .text.rx_event
                0x00000000000087e4       0xb4 .pio/build/teensy41/libFrameworkArduino.a(usb_serial.c.o)
 .text.usb_serial_flush_callback
                0x0000000000008898       0x90 .pio/build/teensy41/libFrameworkArduino.a(usb_serial.c.o)
 .text.usb_serial_write.part.0
                0x0000000000008928      0x1b8 .pio/build/teensy41/libFrameworkArduino.a(usb_serial.c.o)
 .text.usb_serial_reset
                0x0000000000008ae0        0x4 .pio/build/teensy41/libFrameworkArduino.a(usb_serial.c.o)
                0x0000000000008ae0                usb_serial_reset
 .text.usb_serial_configure
                0x0000000000008ae4      0x100 .pio/build/teensy41/libFrameworkArduino.a(usb_serial.c.o)
                0x0000000000008ae4                usb_serial_configure
 .text.usb_serial_read
                0x0000000000008be4       0xe0 .pio/build/teensy41/libFrameworkArduino.a(usb_serial.c.o)
                0x0000000000008be4                usb_serial_read
 .text.usb_serial_peekchar
                0x0000000000008cc4       0x44 .pio/build/teensy41/libFrameworkArduino.a(usb_serial.c.o)
                0x0000000000008cc4                usb_serial_peekchar
 .text.usb_serial_available
                0x0000000000008d08       0x18 .pio/build/teensy41/libFrameworkArduino.a(usb_serial.c.o)
                0x0000000000008d08                usb_serial_available
 .text.usb_serial_flush_input
                0x0000000000008d20       0x70 .pio/build/teensy41/libFrameworkArduino.a(usb_serial.c.o)
                0x0000000000008d20                usb_serial_flush_input
 .text.usb_serial_getchar
                0x0000000000008d90       0x20 .pio/build/teensy41/libFrameworkArduino.a(usb_serial.c.o)
                0x0000000000008d90                usb_serial_getchar
 .text.usb_serial_putchar
                0x0000000000008db0       0x2c .pio/build/teensy41/libFrameworkArduino.a(usb_serial.c.o)
                0x0000000000008db0                usb_serial_putchar
 .text.usb_serial_write
                0x0000000000008ddc       0x18 .pio/build/teensy41/libFrameworkArduino.a(usb_serial.c.o)
                0x0000000000008ddc                usb_serial_write
 .text.usb_serial_write_buffer_free
                0x0000000000008df4       0x50 .pio/build/teensy41/libFrameworkArduino.a(usb_serial.c.o)
                0x0000000000008df4                usb_serial_write_buffer_free
 .text.usb_serial_flush_output
                0x0000000000008e44       0x94 .pio/build/teensy41/libFrameworkArduino.a(usb_serial.c.o)
                0x0000000000008e44                usb_serial_flush_output
 .text.yield    0x0000000000008ed8       0xd8 .pio/build/teensy41/libFrameworkArduino.a(yield.cpp.o)
                0x0000000000008ed8                yield
 .text._ZN14EventResponder24triggerEventNotImmediateEv
                0x0000000000008fb0       0x84 .pio/build/teensy41/libFrameworkArduino.a(EventResponder.cpp.o)
                0x0000000000008fb0                EventResponder::triggerEventNotImmediate()
 .text._ZN14EventResponder12triggerEventEiPv
                0x0000000000009034       0x18 .pio/build/teensy41/libFrameworkArduino.a(EventResponder.cpp.o)
                0x0000000000009034                EventResponder::triggerEvent(int, void*)
 .text._ZN14EventResponder16runFromInterruptEv
                0x000000000000904c       0x44 .pio/build/teensy41/libFrameworkArduino.a(EventResponder.cpp.o)
                0x000000000000904c                EventResponder::runFromInterrupt()
 .text.pendablesrvreq_isr
                0x0000000000009090        0x4 .pio/build/teensy41/libFrameworkArduino.a(EventResponder.cpp.o)
                0x0000000000009090                pendablesrvreq_isr
 .text.systick_isr
                0x0000000000009094       0x20 .pio/build/teensy41/libFrameworkArduino.a(EventResponder.cpp.o)
                0x0000000000009094                systick_isr
 .text.set_arm_clock
                0x00000000000090b4      0x2f0 .pio/build/teensy41/libFrameworkArduino.a(clockspeed.c.o)
                0x00000000000090b4                set_arm_clock
 .text.flexpwm_init
                0x00000000000093a4       0x7c .pio/build/teensy41/libFrameworkArduino.a(pwm.c.o)
                0x00000000000093a4                flexpwm_init
 .text.pwm_init
                0x0000000000009420       0xf4 .pio/build/teensy41/libFrameworkArduino.a(pwm.c.o)
                0x0000000000009420                pwm_init
 .text.rtc_get  0x0000000000009514       0x24 .pio/build/teensy41/libFrameworkArduino.a(rtc.c.o)
                0x0000000000009514                rtc_get
 .text.sm_align_pool
                0x0000000000009538       0x4c .pio/build/teensy41/libFrameworkArduino.a(sm_pool.c.o)
                0x0000000000009538                sm_align_pool
 .text.sm_set_pool
                0x0000000000009584       0x84 .pio/build/teensy41/libFrameworkArduino.a(sm_pool.c.o)
                0x0000000000009584                sm_set_pool
 .text.__aeabi_atexit
                0x0000000000009608        0xc /Users/jconrad/.platformio/packages/toolchain-gccarmnoneeabi-teensy/bin/../lib/gcc/arm-none-eabi/11.3.1/../../../../arm-none-eabi/lib/thumb/v7e-m+dp/hard/libstdc++.a(atexit_arm.o)
                0x0000000000009608                __aeabi_atexit
 .text._Z15_spi_dma_rxISR0v
                0x0000000000009614       0xdc .pio/build/teensy41/lib060/libSPI.a(SPI.cpp.o)
                0x0000000000009614                _spi_dma_rxISR0()
 .text._Z15_spi_dma_rxISR1v
                0x00000000000096f0       0xdc .pio/build/teensy41/lib060/libSPI.a(SPI.cpp.o)
                0x00000000000096f0                _spi_dma_rxISR1()
 .text._ZN8SPIClass5beginEv
                0x00000000000097cc      0x234 .pio/build/teensy41/lib060/libSPI.a(SPI.cpp.o)
                0x00000000000097cc                SPIClass::begin()
 .text._ZN8SPIClass15pinIsChipSelectEh
                0x0000000000009a00       0x30 .pio/build/teensy41/lib060/libSPI.a(SPI.cpp.o)
                0x0000000000009a00                SPIClass::pinIsChipSelect(unsigned char)
 .text._ZN8SPIClass9pinIsMOSIEh
                0x0000000000009a30       0x1c .pio/build/teensy41/lib060/libSPI.a(SPI.cpp.o)
                0x0000000000009a30                SPIClass::pinIsMOSI(unsigned char)
 .text._ZN8SPIClass9pinIsMISOEh
                0x0000000000009a4c       0x18 .pio/build/teensy41/lib060/libSPI.a(SPI.cpp.o)
                0x0000000000009a4c                SPIClass::pinIsMISO(unsigned char)
 .text._ZN8SPIClass8pinIsSCKEh
                0x0000000000009a64       0x1c .pio/build/teensy41/lib060/libSPI.a(SPI.cpp.o)
                0x0000000000009a64                SPIClass::pinIsSCK(unsigned char)
 .text._ZN8SPIClass5setCSEh
                0x0000000000009a80       0x54 .pio/build/teensy41/lib060/libSPI.a(SPI.cpp.o)
                0x0000000000009a80                SPIClass::setCS(unsigned char)
 .text._ZN8SPIClass7setMOSIEh
                0x0000000000009ad4       0x6c .pio/build/teensy41/lib060/libSPI.a(SPI.cpp.o)
                0x0000000000009ad4                SPIClass::setMOSI(unsigned char)
 .text._ZN8SPIClass7setMISOEh
                0x0000000000009b40       0x64 .pio/build/teensy41/lib060/libSPI.a(SPI.cpp.o)
                0x0000000000009b40                SPIClass::setMISO(unsigned char)
 .text._ZN8SPIClass6setSCKEh
                0x0000000000009ba4       0x6c .pio/build/teensy41/lib060/libSPI.a(SPI.cpp.o)
                0x0000000000009ba4                SPIClass::setSCK(unsigned char)
 .text._malloc_r
                0x0000000000009c10      0x560 /Users/jconrad/.platformio/packages/toolchain-gccarmnoneeabi-teensy/bin/../lib/gcc/arm-none-eabi/11.3.1/../../../../arm-none-eabi/lib/thumb/v7e-m+dp/hard/libc.a(libc_a-mallocr.o)
                0x0000000000009c10                _malloc_r
 .text.__malloc_lock
                0x000000000000a170        0xc /Users/jconrad/.platformio/packages/toolchain-gccarmnoneeabi-teensy/bin/../lib/gcc/arm-none-eabi/11.3.1/../../../../arm-none-eabi/lib/thumb/v7e-m+dp/hard/libc.a(libc_a-mlock.o)
                0x000000000000a170                __malloc_lock
 .text.__malloc_unlock
                0x000000000000a17c        0xc /Users/jconrad/.platformio/packages/toolchain-gccarmnoneeabi-teensy/bin/../lib/gcc/arm-none-eabi/11.3.1/../../../../arm-none-eabi/lib/thumb/v7e-m+dp/hard/libc.a(libc_a-mlock.o)
                0x000000000000a17c                __malloc_unlock
 .text._realloc_r
                0x000000000000a188      0x3d8 /Users/jconrad/.platformio/packages/toolchain-gccarmnoneeabi-teensy/bin/../lib/gcc/arm-none-eabi/11.3.1/../../../../arm-none-eabi/lib/thumb/v7e-m+dp/hard/libc.a(libc_a-reallocr.o)
                0x000000000000a188                _realloc_r
 .text.stdio_exit_handler
                0x000000000000a560       0x18 /Users/jconrad/.platformio/packages/toolchain-gccarmnoneeabi-teensy/bin/../lib/gcc/arm-none-eabi/11.3.1/../../../../arm-none-eabi/lib/thumb/v7e-m+dp/hard/libc.a(libc_a-findfp.o)
 .text.cleanup_stdio
                0x000000000000a578       0x40 /Users/jconrad/.platformio/packages/toolchain-gccarmnoneeabi-teensy/bin/../lib/gcc/arm-none-eabi/11.3.1/../../../../arm-none-eabi/lib/thumb/v7e-m+dp/hard/libc.a(libc_a-findfp.o)
 .text.global_stdio_init.part.0
                0x000000000000a5b8       0xd4 /Users/jconrad/.platformio/packages/toolchain-gccarmnoneeabi-teensy/bin/../lib/gcc/arm-none-eabi/11.3.1/../../../../arm-none-eabi/lib/thumb/v7e-m+dp/hard/libc.a(libc_a-findfp.o)
 .text.__sinit  0x000000000000a68c       0x3c /Users/jconrad/.platformio/packages/toolchain-gccarmnoneeabi-teensy/bin/../lib/gcc/arm-none-eabi/11.3.1/../../../../arm-none-eabi/lib/thumb/v7e-m+dp/hard/libc.a(libc_a-findfp.o)
                0x000000000000a68c                __sinit
 .text.__sfp_lock_acquire
                0x000000000000a6c8        0xc /Users/jconrad/.platformio/packages/toolchain-gccarmnoneeabi-teensy/bin/../lib/gcc/arm-none-eabi/11.3.1/../../../../arm-none-eabi/lib/thumb/v7e-m+dp/hard/libc.a(libc_a-findfp.o)
                0x000000000000a6c8                __sfp_lock_acquire
 .text.__sfp_lock_release
                0x000000000000a6d4        0xc /Users/jconrad/.platformio/packages/toolchain-gccarmnoneeabi-teensy/bin/../lib/gcc/arm-none-eabi/11.3.1/../../../../arm-none-eabi/lib/thumb/v7e-m+dp/hard/libc.a(libc_a-findfp.o)
                0x000000000000a6d4                __sfp_lock_release
 .text._vdprintf_r
                0x000000000000a6e0       0x4c /Users/jconrad/.platformio/packages/toolchain-gccarmnoneeabi-teensy/bin/../lib/gcc/arm-none-eabi/11.3.1/../../../../arm-none-eabi/lib/thumb/v7e-m+dp/hard/libc.a(libc_a-vdprintf.o)
                0x000000000000a6e0                _vdprintf_r
 .text.vdprintf
                0x000000000000a72c       0x1c /Users/jconrad/.platformio/packages/toolchain-gccarmnoneeabi-teensy/bin/../lib/gcc/arm-none-eabi/11.3.1/../../../../arm-none-eabi/lib/thumb/v7e-m+dp/hard/libc.a(libc_a-vdprintf.o)
                0x000000000000a72c                vdprintf
 .text._fwalk_sglue
                0x000000000000a748       0x48 /Users/jconrad/.platformio/packages/toolchain-gccarmnoneeabi-teensy/bin/../lib/gcc/arm-none-eabi/11.3.1/../../../../arm-none-eabi/lib/thumb/v7e-m+dp/hard/libc.a(libc_a-fwalk.o)
                0x000000000000a748                _fwalk_sglue
 .text.memmove  0x000000000000a790       0xf8 /Users/jconrad/.platformio/packages/toolchain-gccarmnoneeabi-teensy/bin/../lib/gcc/arm-none-eabi/11.3.1/../../../../arm-none-eabi/lib/thumb/v7e-m+dp/hard/libc.a(libc_a-memmove.o)
                0x000000000000a790                memmove
 .text.memset   0x000000000000a888       0xa4 /Users/jconrad/.platformio/packages/toolchain-gccarmnoneeabi-teensy/bin/../lib/gcc/arm-none-eabi/11.3.1/../../../../arm-none-eabi/lib/thumb/v7e-m+dp/hard/libc.a(libc_a-memset.o)
                0x000000000000a888                memset
 .text.strchr   0x000000000000a92c       0xcc /Users/jconrad/.platformio/packages/toolchain-gccarmnoneeabi-teensy/bin/../lib/gcc/arm-none-eabi/11.3.1/../../../../arm-none-eabi/lib/thumb/v7e-m+dp/hard/libc.a(libc_a-strchr.o)
                0x000000000000a92c                strchr
 .text.strncpy  0x000000000000a9f8       0x64 /Users/jconrad/.platformio/packages/toolchain-gccarmnoneeabi-teensy/bin/../lib/gcc/arm-none-eabi/11.3.1/../../../../arm-none-eabi/lib/thumb/v7e-m+dp/hard/libc.a(libc_a-strncpy.o)
                0x000000000000a9f8                strncpy
 .text._vasnprintf_r
                0x000000000000aa5c       0x64 /Users/jconrad/.platformio/packages/toolchain-gccarmnoneeabi-teensy/bin/../lib/gcc/arm-none-eabi/11.3.1/../../../../arm-none-eabi/lib/thumb/v7e-m+dp/hard/libc.a(libc_a-vasnprintf.o)
                0x000000000000aa5c                _vasnprintf_r
 .text.__locale_mb_cur_max
                0x000000000000aac0        0xc /Users/jconrad/.platformio/packages/toolchain-gccarmnoneeabi-teensy/bin/../lib/gcc/arm-none-eabi/11.3.1/../../../../arm-none-eabi/lib/thumb/v7e-m+dp/hard/libc.a(libc_a-locale.o)
                0x000000000000aac0                __locale_mb_cur_max
 .text.__cxa_atexit
                0x000000000000aacc        0xc /Users/jconrad/.platformio/packages/toolchain-gccarmnoneeabi-teensy/bin/../lib/gcc/arm-none-eabi/11.3.1/../../../../arm-none-eabi/lib/thumb/v7e-m+dp/hard/libc.a(libc_a-cxa_atexit.o)
                0x000000000000aacc                __cxa_atexit
 .text._sbrk_r  0x000000000000aad8       0x24 /Users/jconrad/.platformio/packages/toolchain-gccarmnoneeabi-teensy/bin/../lib/gcc/arm-none-eabi/11.3.1/../../../../arm-none-eabi/lib/thumb/v7e-m+dp/hard/libc.a(libc_a-sbrkr.o)
                0x000000000000aad8                _sbrk_r
 .text._write_r
                0x000000000000aafc       0x2c /Users/jconrad/.platformio/packages/toolchain-gccarmnoneeabi-teensy/bin/../lib/gcc/arm-none-eabi/11.3.1/../../../../arm-none-eabi/lib/thumb/v7e-m+dp/hard/libc.a(libc_a-writer.o)
                0x000000000000aafc                _write_r
 .text.__errno  0x000000000000ab28        0xc /Users/jconrad/.platformio/packages/toolchain-gccarmnoneeabi-teensy/bin/../lib/gcc/arm-none-eabi/11.3.1/../../../../arm-none-eabi/lib/thumb/v7e-m+dp/hard/libc.a(libc_a-errno.o)
                0x000000000000ab28                __errno
 .text.__libc_init_array
                0x000000000000ab34       0x48 /Users/jconrad/.platformio/packages/toolchain-gccarmnoneeabi-teensy/bin/../lib/gcc/arm-none-eabi/11.3.1/../../../../arm-none-eabi/lib/thumb/v7e-m+dp/hard/libc.a(libc_a-init.o)
                0x000000000000ab34                __libc_init_array
 .text.__retarget_lock_init_recursive
                0x000000000000ab7c        0x4 /Users/jconrad/.platformio/packages/toolchain-gccarmnoneeabi-teensy/bin/../lib/gcc/arm-none-eabi/11.3.1/../../../../arm-none-eabi/lib/thumb/v7e-m+dp/hard/libc.a(libc_a-lock.o)
                0x000000000000ab7c                __retarget_lock_init_recursive
 .text.__retarget_lock_close_recursive
                0x000000000000ab80        0x4 /Users/jconrad/.platformio/packages/toolchain-gccarmnoneeabi-teensy/bin/../lib/gcc/arm-none-eabi/11.3.1/../../../../arm-none-eabi/lib/thumb/v7e-m+dp/hard/libc.a(libc_a-lock.o)
                0x000000000000ab80                __retarget_lock_close_recursive
 .text.__retarget_lock_acquire_recursive
                0x000000000000ab84        0x4 /Users/jconrad/.platformio/packages/toolchain-gccarmnoneeabi-teensy/bin/../lib/gcc/arm-none-eabi/11.3.1/../../../../arm-none-eabi/lib/thumb/v7e-m+dp/hard/libc.a(libc_a-lock.o)
                0x000000000000ab84                __retarget_lock_acquire_recursive
 .text.__retarget_lock_release_recursive
                0x000000000000ab88        0x4 /Users/jconrad/.platformio/packages/toolchain-gccarmnoneeabi-teensy/bin/../lib/gcc/arm-none-eabi/11.3.1/../../../../arm-none-eabi/lib/thumb/v7e-m+dp/hard/libc.a(libc_a-lock.o)
                0x000000000000ab88                __retarget_lock_release_recursive
 *fill*         0x000000000000ab8c       0x34 
 .text          0x000000000000abc0       0xdc /Users/jconrad/.platformio/packages/toolchain-gccarmnoneeabi-teensy/bin/../lib/gcc/arm-none-eabi/11.3.1/../../../../arm-none-eabi/lib/thumb/v7e-m+dp/hard/libc.a(libc_a-strlen.o)
                0x000000000000abc0                strlen
 .text.__register_exitproc
                0x000000000000ac9c       0x88 /Users/jconrad/.platformio/packages/toolchain-gccarmnoneeabi-teensy/bin/../lib/gcc/arm-none-eabi/11.3.1/../../../../arm-none-eabi/lib/thumb/v7e-m+dp/hard/libc.a(libc_a-__atexit.o)
                0x000000000000ac9c                __register_exitproc
 .text._malloc_trim_r
                0x000000000000ad24       0xa0 /Users/jconrad/.platformio/packages/toolchain-gccarmnoneeabi-teensy/bin/../lib/gcc/arm-none-eabi/11.3.1/../../../../arm-none-eabi/lib/thumb/v7e-m+dp/hard/libc.a(libc_a-freer.o)
                0x000000000000ad24                _malloc_trim_r
 .text._free_r  0x000000000000adc4      0x20c /Users/jconrad/.platformio/packages/toolchain-gccarmnoneeabi-teensy/bin/../lib/gcc/arm-none-eabi/11.3.1/../../../../arm-none-eabi/lib/thumb/v7e-m+dp/hard/libc.a(libc_a-freer.o)
                0x000000000000adc4                _free_r
 .text.__ascii_mbtowc
                0x000000000000afd0       0x2c /Users/jconrad/.platformio/packages/toolchain-gccarmnoneeabi-teensy/bin/../lib/gcc/arm-none-eabi/11.3.1/../../../../arm-none-eabi/lib/thumb/v7e-m+dp/hard/libc.a(libc_a-mbtowc_r.o)
                0x000000000000afd0                __ascii_mbtowc
 *fill*         0x000000000000affc        0x4 
 .text._svfprintf_r
                0x000000000000b000     0x1b44 /Users/jconrad/.platformio/packages/toolchain-gccarmnoneeabi-teensy/bin/../lib/gcc/arm-none-eabi/11.3.1/../../../../arm-none-eabi/lib/thumb/v7e-m+dp/hard/libc.a(libc_a-svfprintf.o)
                0x000000000000b000                _svfprintf_r
 .text._Balloc  0x000000000000cb44       0x4c /Users/jconrad/.platformio/packages/toolchain-gccarmnoneeabi-teensy/bin/../lib/gcc/arm-none-eabi/11.3.1/../../../../arm-none-eabi/lib/thumb/v7e-m+dp/hard/libc.a(libc_a-mprec.o)
                0x000000000000cb44                _Balloc
 .text._Bfree   0x000000000000cb90       0x14 /Users/jconrad/.platformio/packages/toolchain-gccarmnoneeabi-teensy/bin/../lib/gcc/arm-none-eabi/11.3.1/../../../../arm-none-eabi/lib/thumb/v7e-m+dp/hard/libc.a(libc_a-mprec.o)
                0x000000000000cb90                _Bfree
 .text.__multadd
                0x000000000000cba4       0xa4 /Users/jconrad/.platformio/packages/toolchain-gccarmnoneeabi-teensy/bin/../lib/gcc/arm-none-eabi/11.3.1/../../../../arm-none-eabi/lib/thumb/v7e-m+dp/hard/libc.a(libc_a-mprec.o)
                0x000000000000cba4                __multadd
 .text.__hi0bits
                0x000000000000cc48       0x40 /Users/jconrad/.platformio/packages/toolchain-gccarmnoneeabi-teensy/bin/../lib/gcc/arm-none-eabi/11.3.1/../../../../arm-none-eabi/lib/thumb/v7e-m+dp/hard/libc.a(libc_a-mprec.o)
                0x000000000000cc48                __hi0bits
 .text.__lo0bits
                0x000000000000cc88       0x60 /Users/jconrad/.platformio/packages/toolchain-gccarmnoneeabi-teensy/bin/../lib/gcc/arm-none-eabi/11.3.1/../../../../arm-none-eabi/lib/thumb/v7e-m+dp/hard/libc.a(libc_a-mprec.o)
                0x000000000000cc88                __lo0bits
 .text.__i2b    0x000000000000cce8       0x5c /Users/jconrad/.platformio/packages/toolchain-gccarmnoneeabi-teensy/bin/../lib/gcc/arm-none-eabi/11.3.1/../../../../arm-none-eabi/lib/thumb/v7e-m+dp/hard/libc.a(libc_a-mprec.o)
                0x000000000000cce8                __i2b
 .text.__multiply
                0x000000000000cd44      0x15c /Users/jconrad/.platformio/packages/toolchain-gccarmnoneeabi-teensy/bin/../lib/gcc/arm-none-eabi/11.3.1/../../../../arm-none-eabi/lib/thumb/v7e-m+dp/hard/libc.a(libc_a-mprec.o)
                0x000000000000cd44                __multiply
 .text.__pow5mult
                0x000000000000cea0       0xc0 /Users/jconrad/.platformio/packages/toolchain-gccarmnoneeabi-teensy/bin/../lib/gcc/arm-none-eabi/11.3.1/../../../../arm-none-eabi/lib/thumb/v7e-m+dp/hard/libc.a(libc_a-mprec.o)
                0x000000000000cea0                __pow5mult
 .text.__lshift
                0x000000000000cf60       0xf0 /Users/jconrad/.platformio/packages/toolchain-gccarmnoneeabi-teensy/bin/../lib/gcc/arm-none-eabi/11.3.1/../../../../arm-none-eabi/lib/thumb/v7e-m+dp/hard/libc.a(libc_a-mprec.o)
                0x000000000000cf60                __lshift
 .text.__mcmp   0x000000000000d050       0x44 /Users/jconrad/.platformio/packages/toolchain-gccarmnoneeabi-teensy/bin/../lib/gcc/arm-none-eabi/11.3.1/../../../../arm-none-eabi/lib/thumb/v7e-m+dp/hard/libc.a(libc_a-mprec.o)
                0x000000000000d050                __mcmp
 .text.__mdiff  0x000000000000d094      0x154 /Users/jconrad/.platformio/packages/toolchain-gccarmnoneeabi-teensy/bin/../lib/gcc/arm-none-eabi/11.3.1/../../../../arm-none-eabi/lib/thumb/v7e-m+dp/hard/libc.a(libc_a-mprec.o)
                0x000000000000d094                __mdiff
 .text.__d2b    0x000000000000d1e8       0xd4 /Users/jconrad/.platformio/packages/toolchain-gccarmnoneeabi-teensy/bin/../lib/gcc/arm-none-eabi/11.3.1/../../../../arm-none-eabi/lib/thumb/v7e-m+dp/hard/libc.a(libc_a-mprec.o)
                0x000000000000d1e8                __d2b
 .text._fclose_r
                0x000000000000d2bc       0xc8 /Users/jconrad/.platformio/packages/toolchain-gccarmnoneeabi-teensy/bin/../lib/gcc/arm-none-eabi/11.3.1/../../../../arm-none-eabi/lib/thumb/v7e-m+dp/hard/libc.a(libc_a-fclose.o)
                0x000000000000d2bc                _fclose_r
 .text.__sflush_r
                0x000000000000d384      0x130 /Users/jconrad/.platformio/packages/toolchain-gccarmnoneeabi-teensy/bin/../lib/gcc/arm-none-eabi/11.3.1/../../../../arm-none-eabi/lib/thumb/v7e-m+dp/hard/libc.a(libc_a-fflush.o)
                0x000000000000d384                __sflush_r
 .text._fflush_r
                0x000000000000d4b4       0x54 /Users/jconrad/.platformio/packages/toolchain-gccarmnoneeabi-teensy/bin/../lib/gcc/arm-none-eabi/11.3.1/../../../../arm-none-eabi/lib/thumb/v7e-m+dp/hard/libc.a(libc_a-fflush.o)
                0x000000000000d4b4                _fflush_r
 .text.__sread  0x000000000000d508       0x24 /Users/jconrad/.platformio/packages/toolchain-gccarmnoneeabi-teensy/bin/../lib/gcc/arm-none-eabi/11.3.1/../../../../arm-none-eabi/lib/thumb/v7e-m+dp/hard/libc.a(libc_a-stdio.o)
                0x000000000000d508                __sread
 .text.__swrite
                0x000000000000d52c       0x40 /Users/jconrad/.platformio/packages/toolchain-gccarmnoneeabi-teensy/bin/../lib/gcc/arm-none-eabi/11.3.1/../../../../arm-none-eabi/lib/thumb/v7e-m+dp/hard/libc.a(libc_a-stdio.o)
                0x000000000000d52c                __swrite
 .text.__sseek  0x000000000000d56c       0x20 /Users/jconrad/.platformio/packages/toolchain-gccarmnoneeabi-teensy/bin/../lib/gcc/arm-none-eabi/11.3.1/../../../../arm-none-eabi/lib/thumb/v7e-m+dp/hard/libc.a(libc_a-stdio.o)
                0x000000000000d56c                __sseek
 .text.__sclose
                0x000000000000d58c        0x8 /Users/jconrad/.platformio/packages/toolchain-gccarmnoneeabi-teensy/bin/../lib/gcc/arm-none-eabi/11.3.1/../../../../arm-none-eabi/lib/thumb/v7e-m+dp/hard/libc.a(libc_a-stdio.o)
                0x000000000000d58c                __sclose
 .text.__ascii_wctomb
                0x000000000000d594       0x1c /Users/jconrad/.platformio/packages/toolchain-gccarmnoneeabi-teensy/bin/../lib/gcc/arm-none-eabi/11.3.1/../../../../arm-none-eabi/lib/thumb/v7e-m+dp/hard/libc.a(libc_a-wctomb_r.o)
                0x000000000000d594                __ascii_wctomb
 .text._localeconv_r
                0x000000000000d5b0        0x8 /Users/jconrad/.platformio/packages/toolchain-gccarmnoneeabi-teensy/bin/../lib/gcc/arm-none-eabi/11.3.1/../../../../arm-none-eabi/lib/thumb/v7e-m+dp/hard/libc.a(libc_a-localeconv.o)
                0x000000000000d5b0                _localeconv_r
 .text._close_r
                0x000000000000d5b8       0x24 /Users/jconrad/.platformio/packages/toolchain-gccarmnoneeabi-teensy/bin/../lib/gcc/arm-none-eabi/11.3.1/../../../../arm-none-eabi/lib/thumb/v7e-m+dp/hard/libc.a(libc_a-closer.o)
                0x000000000000d5b8                _close_r
 .text._lseek_r
                0x000000000000d5dc       0x2c /Users/jconrad/.platformio/packages/toolchain-gccarmnoneeabi-teensy/bin/../lib/gcc/arm-none-eabi/11.3.1/../../../../arm-none-eabi/lib/thumb/v7e-m+dp/hard/libc.a(libc_a-lseekr.o)
                0x000000000000d5dc                _lseek_r
 .text._read_r  0x000000000000d608       0x2c /Users/jconrad/.platformio/packages/toolchain-gccarmnoneeabi-teensy/bin/../lib/gcc/arm-none-eabi/11.3.1/../../../../arm-none-eabi/lib/thumb/v7e-m+dp/hard/libc.a(libc_a-readr.o)
                0x000000000000d608                _read_r
 *fill*         0x000000000000d634        0xc 
 .text          0x000000000000d640       0xa0 /Users/jconrad/.platformio/packages/toolchain-gccarmnoneeabi-teensy/bin/../lib/gcc/arm-none-eabi/11.3.1/../../../../arm-none-eabi/lib/thumb/v7e-m+dp/hard/libc.a(libc_a-memchr.o)
                0x000000000000d640                memchr
 .text._wcrtomb_r
                0x000000000000d6e0       0x4c /Users/jconrad/.platformio/packages/toolchain-gccarmnoneeabi-teensy/bin/../lib/gcc/arm-none-eabi/11.3.1/../../../../arm-none-eabi/lib/thumb/v7e-m+dp/hard/libc.a(libc_a-wcrtomb.o)
                0x000000000000d6e0                _wcrtomb_r
 .text._wcsrtombs_r
                0x000000000000d72c       0x18 /Users/jconrad/.platformio/packages/toolchain-gccarmnoneeabi-teensy/bin/../lib/gcc/arm-none-eabi/11.3.1/../../../../arm-none-eabi/lib/thumb/v7e-m+dp/hard/libc.a(libc_a-wcsrtombs.o)
                0x000000000000d72c                _wcsrtombs_r
 *fill*         0x000000000000d744        0x4 
 .text.frexp    0x000000000000d748       0x78 /Users/jconrad/.platformio/packages/toolchain-gccarmnoneeabi-teensy/bin/../lib/gcc/arm-none-eabi/11.3.1/../../../../arm-none-eabi/lib/thumb/v7e-m+dp/hard/libc.a(libm_a-s_frexp.o)
                0x000000000000d748                frexp
 .text.__assert_func
                0x000000000000d7c0       0x40 /Users/jconrad/.platformio/packages/toolchain-gccarmnoneeabi-teensy/bin/../lib/gcc/arm-none-eabi/11.3.1/../../../../arm-none-eabi/lib/thumb/v7e-m+dp/hard/libc.a(libc_a-assert.o)
                0x000000000000d7c0                __assert_func
 .text._calloc_r
                0x000000000000d800       0x78 /Users/jconrad/.platformio/packages/toolchain-gccarmnoneeabi-teensy/bin/../lib/gcc/arm-none-eabi/11.3.1/../../../../arm-none-eabi/lib/thumb/v7e-m+dp/hard/libc.a(libc_a-callocr.o)
                0x000000000000d800                _calloc_r
 .text.quorem   0x000000000000d878      0x128 /Users/jconrad/.platformio/packages/toolchain-gccarmnoneeabi-teensy/bin/../lib/gcc/arm-none-eabi/11.3.1/../../../../arm-none-eabi/lib/thumb/v7e-m+dp/hard/libc.a(libc_a-dtoa.o)
 .text._dtoa_r  0x000000000000d9a0      0xcec /Users/jconrad/.platformio/packages/toolchain-gccarmnoneeabi-teensy/bin/../lib/gcc/arm-none-eabi/11.3.1/../../../../arm-none-eabi/lib/thumb/v7e-m+dp/hard/libc.a(libc_a-dtoa.o)
                0x000000000000d9a0                _dtoa_r
 .text.fiprintf
                0x000000000000e68c       0x28 /Users/jconrad/.platformio/packages/toolchain-gccarmnoneeabi-teensy/bin/../lib/gcc/arm-none-eabi/11.3.1/../../../../arm-none-eabi/lib/thumb/v7e-m+dp/hard/libc.a(libc_a-fiprintf.o)
                0x000000000000e68c                fiprintf
 .text.__ssprint_r
                0x000000000000e6b4      0x100 /Users/jconrad/.platformio/packages/toolchain-gccarmnoneeabi-teensy/bin/../lib/gcc/arm-none-eabi/11.3.1/../../../../arm-none-eabi/lib/thumb/v7e-m+dp/hard/libc.a(libc_a-svfiprintf.o)
                0x000000000000e6b4                __ssprint_r
 .text.__sprint_r.part.0
                0x000000000000e7b4       0x78 /Users/jconrad/.platformio/packages/toolchain-gccarmnoneeabi-teensy/bin/../lib/gcc/arm-none-eabi/11.3.1/../../../../arm-none-eabi/lib/thumb/v7e-m+dp/hard/libc.a(libc_a-vfiprintf.o)
 .text._vfiprintf_r
                0x000000000000e82c      0xf8c /Users/jconrad/.platformio/packages/toolchain-gccarmnoneeabi-teensy/bin/../lib/gcc/arm-none-eabi/11.3.1/../../../../arm-none-eabi/lib/thumb/v7e-m+dp/hard/libc.a(libc_a-vfiprintf.o)
                0x000000000000e82c                _vfiprintf_r
 .text.__sbprintf
                0x000000000000f7b8       0x80 /Users/jconrad/.platformio/packages/toolchain-gccarmnoneeabi-teensy/bin/../lib/gcc/arm-none-eabi/11.3.1/../../../../arm-none-eabi/lib/thumb/v7e-m+dp/hard/libc.a(libc_a-vfiprintf.o)
 .text.__sfvwrite_r
                0x000000000000f838      0x2f4 /Users/jconrad/.platformio/packages/toolchain-gccarmnoneeabi-teensy/bin/../lib/gcc/arm-none-eabi/11.3.1/../../../../arm-none-eabi/lib/thumb/v7e-m+dp/hard/libc.a(libc_a-fvwrite.o)
                0x000000000000f838                __sfvwrite_r
 .text.__swsetup_r
                0x000000000000fb2c       0xcc /Users/jconrad/.platformio/packages/toolchain-gccarmnoneeabi-teensy/bin/../lib/gcc/arm-none-eabi/11.3.1/../../../../arm-none-eabi/lib/thumb/v7e-m+dp/hard/libc.a(libc_a-wsetup.o)
                0x000000000000fb2c                __swsetup_r
 .text.__fputwc
                0x000000000000fbf8       0xac /Users/jconrad/.platformio/packages/toolchain-gccarmnoneeabi-teensy/bin/../lib/gcc/arm-none-eabi/11.3.1/../../../../arm-none-eabi/lib/thumb/v7e-m+dp/hard/libc.a(libc_a-fputwc.o)
                0x000000000000fbf8                __fputwc
 .text._fputwc_r
                0x000000000000fca4       0x68 /Users/jconrad/.platformio/packages/toolchain-gccarmnoneeabi-teensy/bin/../lib/gcc/arm-none-eabi/11.3.1/../../../../arm-none-eabi/lib/thumb/v7e-m+dp/hard/libc.a(libc_a-fputwc.o)
                0x000000000000fca4                _fputwc_r
 .text._wcsnrtombs_l
                0x000000000000fd0c      0x108 /Users/jconrad/.platformio/packages/toolchain-gccarmnoneeabi-teensy/bin/../lib/gcc/arm-none-eabi/11.3.1/../../../../arm-none-eabi/lib/thumb/v7e-m+dp/hard/libc.a(libc_a-wcsnrtombs.o)
                0x000000000000fd0c                _wcsnrtombs_l
 .text._wcsnrtombs_r
                0x000000000000fe14       0x24 /Users/jconrad/.platformio/packages/toolchain-gccarmnoneeabi-teensy/bin/../lib/gcc/arm-none-eabi/11.3.1/../../../../arm-none-eabi/lib/thumb/v7e-m+dp/hard/libc.a(libc_a-wcsnrtombs.o)
                0x000000000000fe14                _wcsnrtombs_r
 .text.__smakebuf_r
                0x000000000000fe38       0xd8 /Users/jconrad/.platformio/packages/toolchain-gccarmnoneeabi-teensy/bin/../lib/gcc/arm-none-eabi/11.3.1/../../../../arm-none-eabi/lib/thumb/v7e-m+dp/hard/libc.a(libc_a-makebuf.o)
                0x000000000000fe38                __smakebuf_r
 .text.__swbuf_r
                0x000000000000ff10       0xb0 /Users/jconrad/.platformio/packages/toolchain-gccarmnoneeabi-teensy/bin/../lib/gcc/arm-none-eabi/11.3.1/../../../../arm-none-eabi/lib/thumb/v7e-m+dp/hard/libc.a(libc_a-wbuf.o)
                0x000000000000ff10                __swbuf_r
 .text._fstat_r
                0x000000000000ffc0       0x2c /Users/jconrad/.platformio/packages/toolchain-gccarmnoneeabi-teensy/bin/../lib/gcc/arm-none-eabi/11.3.1/../../../../arm-none-eabi/lib/thumb/v7e-m+dp/hard/libc.a(libc_a-fstatr.o)
                0x000000000000ffc0                _fstat_r
 .text._isatty_r
                0x000000000000ffec       0x24 /Users/jconrad/.platformio/packages/toolchain-gccarmnoneeabi-teensy/bin/../lib/gcc/arm-none-eabi/11.3.1/../../../../arm-none-eabi/lib/thumb/v7e-m+dp/hard/libc.a(libc_a-isattyr.o)
                0x000000000000ffec                _isatty_r
 .text._isatty_r.__stub
                0x0000000000010010       0x10 linker stubs
                0x0000000000010020                . = ALIGN (0x10)

.glue_7         0x0000000000010020        0x0 load address 0x0000000060012c5c
 .glue_7        0x0000000000010020        0x0 linker stubs

.glue_7t        0x0000000000010020        0x0 load address 0x0000000060012c5c
 .glue_7t       0x0000000000010020        0x0 linker stubs

.vfp11_veneer   0x0000000000010020        0x0 load address 0x0000000060012c5c
 .vfp11_veneer  0x0000000000010020        0x0 linker stubs

.v4_bx          0x0000000000010020        0x0 load address 0x0000000060012c5c
 .v4_bx         0x0000000000010020        0x0 linker stubs

.fini           0x0000000000010020        0x4 load address 0x0000000060012c5c
 .fini          0x0000000000010020        0x4 /Users/jconrad/.platformio/packages/toolchain-gccarmnoneeabi-teensy/bin/../lib/gcc/arm-none-eabi/11.3.1/thumb/v7e-m+dp/hard/crti.o
                0x0000000000010020                _fini

.iplt           0x0000000000010024        0x0 load address 0x0000000060012c60
 .iplt          0x0000000000010024        0x0 /Users/jconrad/.platformio/packages/toolchain-gccarmnoneeabi-teensy/bin/../lib/gcc/arm-none-eabi/11.3.1/thumb/v7e-m+dp/hard/crtbegin.o

.ARM.exidx      0x0000000000010024        0x8 load address 0x0000000060012c60
                0x0000000000010024                __exidx_start = .
 *(.ARM.exidx* .ARM.extab.text* .gnu.linkonce.armexidx.*)
 .ARM.exidx.text.__aeabi_atexit
                0x0000000000010024        0x8 /Users/jconrad/.platformio/packages/toolchain-gccarmnoneeabi-teensy/bin/../lib/gcc/arm-none-eabi/11.3.1/../../../../arm-none-eabi/lib/thumb/v7e-m+dp/hard/libstdc++.a(atexit_arm.o)
                0x000000000001002c                __exidx_end = .

.data           0x0000000020000000     0x22c0 load address 0x0000000060012c68
 *(.endpoint_queue)
 .endpoint_queue
                0x0000000020000000      0x280 .pio/build/teensy41/libFrameworkArduino.a(usb.c.o)
                0x0000000020000000                endpoint_queue_head
 *(SORT_BY_ALIGNMENT(SORT_BY_NAME(.rodata*)))
 .rodata.__mprec_bigtens
                0x0000000020000280       0x28 /Users/jconrad/.platformio/packages/toolchain-gccarmnoneeabi-teensy/bin/../lib/gcc/arm-none-eabi/11.3.1/../../../../arm-none-eabi/lib/thumb/v7e-m+dp/hard/libc.a(libc_a-mprec.o)
                0x0000000020000280                __mprec_bigtens
 .rodata.__mprec_tens
                0x00000000200002a8       0xc8 /Users/jconrad/.platformio/packages/toolchain-gccarmnoneeabi-teensy/bin/../lib/gcc/arm-none-eabi/11.3.1/../../../../arm-none-eabi/lib/thumb/v7e-m+dp/hard/libc.a(libc_a-mprec.o)
                0x00000000200002a8                __mprec_tens
 .rodata._ZL13init_commands
                0x0000000020000370       0x6d .pio/build/teensy41/lib849/libHX8357_t3n.a(HX8357_t3n.cpp.o)
 *fill*         0x00000000200003dd        0x3 
 .rodata._ZN10HX8357_t3n5beginEmm.str1.4
                0x00000000200003e0       0xe4 .pio/build/teensy41/lib849/libHX8357_t3n.a(HX8357_t3n.cpp.o)
 .rodata._ZN8AListBox5writeEPKhj.str1.4
                0x00000000200004c4       0x22 .pio/build/teensy41/liba08/libA_GUI.a(AListBox.cpp.o)
 *fill*         0x00000000200004e6        0x2 
 .rodata._ZN8AListBox5writeEh.str1.4
                0x00000000200004e8       0x2b .pio/build/teensy41/liba08/libA_GUI.a(AListBox.cpp.o)
 *fill*         0x0000000020000513        0x1 
 .rodata._ZN8AListBox7setItemEiPKc6AColorS2_.str1.4
                0x0000000020000514        0xd .pio/build/teensy41/liba08/libA_GUI.a(AListBox.cpp.o)
 *fill*         0x0000000020000521        0x3 
 .rodata._ZN8AListBox9writeItemEPKhj.part.0.str1.4
                0x0000000020000524       0x6e .pio/build/teensy41/liba08/libA_GUI.a(AListBox.cpp.o)
 *fill*         0x0000000020000592        0x2 
 .rodata._ZN8AListBoxC2EP10HX8357_t3n5ARect6AColor.str1.4
                0x0000000020000594       0x2a .pio/build/teensy41/liba08/libA_GUI.a(AListBox.cpp.o)
 *fill*         0x00000000200005be        0x2 
 .rodata._ZN8SPIClass24spiclass_lpspi1_hardwareE
                0x00000000200005c0       0x70 .pio/build/teensy41/lib060/libSPI.a(SPI.cpp.o)
                0x00000000200005c0                SPIClass::spiclass_lpspi1_hardware
 .rodata._ZN8SPIClass24spiclass_lpspi3_hardwareE
                0x0000000020000630       0x70 .pio/build/teensy41/lib060/libSPI.a(SPI.cpp.o)
                0x0000000020000630                SPIClass::spiclass_lpspi3_hardware
 .rodata._ZN8SPIClass24spiclass_lpspi4_hardwareE
                0x00000000200006a0       0x70 .pio/build/teensy41/lib060/libSPI.a(SPI.cpp.o)
                0x00000000200006a0                SPIClass::spiclass_lpspi4_hardware
 .rodata._ZTC8AListBox8_7AWidget
                0x0000000020000710        0xc .pio/build/teensy41/liba08/libA_GUI.a(AListBox.cpp.o)
                0x0000000020000710                construction vtable for AWidget-in-AListBox
 .rodata._ZTT8AListBox
                0x000000002000071c        0xc .pio/build/teensy41/liba08/libA_GUI.a(AListBox.cpp.o)
                0x000000002000071c                VTT for AListBox
 .rodata._ZTV10HX8357_t3n
                0x0000000020000728       0x18 .pio/build/teensy41/lib849/libHX8357_t3n.a(HX8357_t3n.cpp.o)
                0x0000000020000728                vtable for HX8357_t3n
 .rodata._ZTV16usb_serial_class
                0x0000000020000740       0x28 .pio/build/teensy41/libFrameworkArduino.a(usb_inst.cpp.o)
                0x0000000020000740                vtable for usb_serial_class
 .rodata._ZTV5Print
                0x0000000020000768       0x18 .pio/build/teensy41/libFrameworkArduino.a(Print.cpp.o)
                0x0000000020000768                vtable for Print
 .rodata._ZTV8AListBox
                0x0000000020000780       0x28 .pio/build/teensy41/liba08/libA_GUI.a(AListBox.cpp.o)
                0x0000000020000780                vtable for AListBox
 .rodata._ZZN8SPIClass16beginTransactionE11SPISettingsE7clk_sel
                0x00000000200007a8       0x10 .pio/build/teensy41/lib849/libHX8357_t3n.a(HX8357_t3n.cpp.o)
                0x00000000200007a8                SPIClass::beginTransaction(SPISettings)::clk_sel
 .rodata.__assert_func.str1.4
                0x00000000200007b8       0x3f /Users/jconrad/.platformio/packages/toolchain-gccarmnoneeabi-teensy/bin/../lib/gcc/arm-none-eabi/11.3.1/../../../../arm-none-eabi/lib/thumb/v7e-m+dp/hard/libc.a(libc_a-assert.o)
                                         0x43 (size before relaxing)
 *fill*         0x00000000200007f7        0x1 
 .rodata.__multadd.str1.4
                0x00000000200007f8       0x76 /Users/jconrad/.platformio/packages/toolchain-gccarmnoneeabi-teensy/bin/../lib/gcc/arm-none-eabi/11.3.1/../../../../arm-none-eabi/lib/thumb/v7e-m+dp/hard/libc.a(libc_a-mprec.o)
 *fill*         0x000000002000086e        0x2 
 .rodata._ctype_
                0x0000000020000870      0x101 /Users/jconrad/.platformio/packages/toolchain-gccarmnoneeabi-teensy/bin/../lib/gcc/arm-none-eabi/11.3.1/../../../../arm-none-eabi/lib/thumb/v7e-m+dp/hard/libc.a(libc_a-ctype_.o)
                0x0000000020000870                _ctype_
 *fill*         0x0000000020000971        0x3 
 .rodata._dtoa_r.str1.4
                0x0000000020000974       0x71 /Users/jconrad/.platformio/packages/toolchain-gccarmnoneeabi-teensy/bin/../lib/gcc/arm-none-eabi/11.3.1/../../../../arm-none-eabi/lib/thumb/v7e-m+dp/hard/libc.a(libc_a-dtoa.o)
                                         0x89 (size before relaxing)
 *fill*         0x00000000200009e5        0x3 
 .rodata._svfprintf_r.str1.4
                0x00000000200009e8       0x42 /Users/jconrad/.platformio/packages/toolchain-gccarmnoneeabi-teensy/bin/../lib/gcc/arm-none-eabi/11.3.1/../../../../arm-none-eabi/lib/thumb/v7e-m+dp/hard/libc.a(libc_a-svfprintf.o)
 .rodata._vfiprintf_r.str1.4
                0x0000000020000a2a       0x2f /Users/jconrad/.platformio/packages/toolchain-gccarmnoneeabi-teensy/bin/../lib/gcc/arm-none-eabi/11.3.1/../../../../arm-none-eabi/lib/thumb/v7e-m+dp/hard/libc.a(libc_a-vfiprintf.o)
 *fill*         0x0000000020000a2a        0x2 
 .rodata.blanks.1
                0x0000000020000a2c       0x10 /Users/jconrad/.platformio/packages/toolchain-gccarmnoneeabi-teensy/bin/../lib/gcc/arm-none-eabi/11.3.1/../../../../arm-none-eabi/lib/thumb/v7e-m+dp/hard/libc.a(libc_a-svfprintf.o)
 .rodata.blanks.1
                0x0000000020000a3c       0x10 /Users/jconrad/.platformio/packages/toolchain-gccarmnoneeabi-teensy/bin/../lib/gcc/arm-none-eabi/11.3.1/../../../../arm-none-eabi/lib/thumb/v7e-m+dp/hard/libc.a(libc_a-vfiprintf.o)
 .rodata.digital_pin_to_info_PGM
                0x0000000020000a4c      0x370 .pio/build/teensy41/libFrameworkArduino.a(digital.c.o)
                0x0000000020000a4c                digital_pin_to_info_PGM
 .rodata.glcdfont
                0x0000000020000dbc      0x4fb .pio/build/teensy41/lib849/libHX8357_t3n.a(glcdfont.c.o)
                0x0000000020000dbc                glcdfont
 *fill*         0x00000000200012b7        0x1 
 .rodata.p05.0  0x00000000200012b8        0xc /Users/jconrad/.platformio/packages/toolchain-gccarmnoneeabi-teensy/bin/../lib/gcc/arm-none-eabi/11.3.1/../../../../arm-none-eabi/lib/thumb/v7e-m+dp/hard/libc.a(libc_a-mprec.o)
 .rodata.setup.str1.4
                0x00000000200012c4       0xa0 .pio/build/teensy41/src/main.cpp.o
 .rodata.str1.4
                0x0000000020001364       0x48 /Users/jconrad/.platformio/packages/toolchain-gccarmnoneeabi-teensy/bin/../lib/gcc/arm-none-eabi/11.3.1/../../../../arm-none-eabi/lib/thumb/v7e-m+dp/hard/libc.a(libc_a-locale.o)
                                         0x4c (size before relaxing)
 .rodata.usb_descriptor_list
                0x00000000200013ac       0x84 .pio/build/teensy41/libFrameworkArduino.a(usb_desc.c.o)
                0x00000000200013ac                usb_descriptor_list
 .rodata.zeroes.0
                0x0000000020001430       0x10 /Users/jconrad/.platformio/packages/toolchain-gccarmnoneeabi-teensy/bin/../lib/gcc/arm-none-eabi/11.3.1/../../../../arm-none-eabi/lib/thumb/v7e-m+dp/hard/libc.a(libc_a-svfprintf.o)
 .rodata.zeroes.0
                0x0000000020001440       0x10 /Users/jconrad/.platformio/packages/toolchain-gccarmnoneeabi-teensy/bin/../lib/gcc/arm-none-eabi/11.3.1/../../../../arm-none-eabi/lib/thumb/v7e-m+dp/hard/libc.a(libc_a-vfiprintf.o)
 *(SORT_BY_ALIGNMENT(SORT_BY_NAME(.data*)))
 .data._impure_data
                0x0000000020001450      0x120 /Users/jconrad/.platformio/packages/toolchain-gccarmnoneeabi-teensy/bin/../lib/gcc/arm-none-eabi/11.3.1/../../../../arm-none-eabi/lib/thumb/v7e-m+dp/hard/libc.a(libc_a-impure.o)
                0x0000000020001450                _impure_data
 .data.F_BUS_ACTUAL
                0x0000000020001570        0x4 .pio/build/teensy41/libFrameworkArduino.a(clockspeed.c.o)
                0x0000000020001570                F_BUS_ACTUAL
 .data.F_CPU_ACTUAL
                0x0000000020001574        0x4 .pio/build/teensy41/libFrameworkArduino.a(clockspeed.c.o)
                0x0000000020001574                F_CPU_ACTUAL
 .data.SPI      0x0000000020001578       0x50 .pio/build/teensy41/lib060/libSPI.a(SPI.cpp.o)
                0x0000000020001578                SPI
 .data.SPI1     0x00000000200015c8       0x50 .pio/build/teensy41/lib060/libSPI.a(SPI.cpp.o)
                0x00000000200015c8                SPI1
 .data.SPI2     0x0000000020001618       0x50 .pio/build/teensy41/lib060/libSPI.a(SPI.cpp.o)
                0x0000000020001618                SPI2
 .data.Serial   0x0000000020001668       0x10 .pio/build/teensy41/libFrameworkArduino.a(usb_inst.cpp.o)
                0x0000000020001668                Serial
 .data.__atexit_recursive_mutex
                0x0000000020001678        0x4 /Users/jconrad/.platformio/packages/toolchain-gccarmnoneeabi-teensy/bin/../lib/gcc/arm-none-eabi/11.3.1/../../../../arm-none-eabi/lib/thumb/v7e-m+dp/hard/libc.a(libc_a-__call_atexit.o)
                0x0000000020001678                __atexit_recursive_mutex
 .data.__brkval
                0x000000002000167c        0x4 .pio/build/teensy41/libFrameworkArduino.a(startup.c.o)
                0x000000002000167c                __brkval
 .data.__dso_handle
                0x0000000020001680        0x4 /Users/jconrad/.platformio/packages/toolchain-gccarmnoneeabi-teensy/bin/../lib/gcc/arm-none-eabi/11.3.1/thumb/v7e-m+dp/hard/crtbegin.o
                0x0000000020001680                __dso_handle
 .data.__global_locale
                0x0000000020001684      0x16c /Users/jconrad/.platformio/packages/toolchain-gccarmnoneeabi-teensy/bin/../lib/gcc/arm-none-eabi/11.3.1/../../../../arm-none-eabi/lib/thumb/v7e-m+dp/hard/libc.a(libc_a-locale.o)
                0x0000000020001684                __global_locale
 .data.__malloc_av_
                0x00000000200017f0      0x408 /Users/jconrad/.platformio/packages/toolchain-gccarmnoneeabi-teensy/bin/../lib/gcc/arm-none-eabi/11.3.1/../../../../arm-none-eabi/lib/thumb/v7e-m+dp/hard/libc.a(libc_a-mallocr.o)
                0x00000000200017f0                __malloc_av_
 .data.__malloc_sbrk_base
                0x0000000020001bf8        0x4 /Users/jconrad/.platformio/packages/toolchain-gccarmnoneeabi-teensy/bin/../lib/gcc/arm-none-eabi/11.3.1/../../../../arm-none-eabi/lib/thumb/v7e-m+dp/hard/libc.a(libc_a-mallocr.o)
                0x0000000020001bf8                __malloc_sbrk_base
 .data.__malloc_trim_threshold
                0x0000000020001bfc        0x4 /Users/jconrad/.platformio/packages/toolchain-gccarmnoneeabi-teensy/bin/../lib/gcc/arm-none-eabi/11.3.1/../../../../arm-none-eabi/lib/thumb/v7e-m+dp/hard/libc.a(libc_a-mallocr.o)
                0x0000000020001bfc                __malloc_trim_threshold
 .data.__sglue  0x0000000020001c00        0xc /Users/jconrad/.platformio/packages/toolchain-gccarmnoneeabi-teensy/bin/../lib/gcc/arm-none-eabi/11.3.1/../../../../arm-none-eabi/lib/thumb/v7e-m+dp/hard/libc.a(libc_a-findfp.o)
                0x0000000020001c00                __sglue
 .data._impure_ptr
                0x0000000020001c0c        0x4 /Users/jconrad/.platformio/packages/toolchain-gccarmnoneeabi-teensy/bin/../lib/gcc/arm-none-eabi/11.3.1/../../../../arm-none-eabi/lib/thumb/v7e-m+dp/hard/libc.a(libc_a-impure.o)
                0x0000000020001c0c                _impure_ptr
 .data.device_descriptor
                0x0000000020001c10       0x12 .pio/build/teensy41/libFrameworkArduino.a(usb_desc.c.o)
 *fill*         0x0000000020001c22        0x2 
 .data.microsoft_os_compatible_id_desc
                0x0000000020001c24       0x28 .pio/build/teensy41/libFrameworkArduino.a(usb_desc.c.o)
 .data.microsoft_os_string_desc
                0x0000000020001c4c       0x12 .pio/build/teensy41/libFrameworkArduino.a(usb_desc.c.o)
 *fill*         0x0000000020001c5e        0x2 
 .data.usb_string_serial_number_default
                0x0000000020001c60       0x16 .pio/build/teensy41/libFrameworkArduino.a(usb_desc.c.o)
                0x0000000020001c60                usb_string_serial_number_default
                0x0000000020001c60                usb_string_serial_number
 *(.vectorsram)
 *fill*         0x0000000020001c76      0x38a 
 .vectorsram    0x0000000020002000      0x2c0 .pio/build/teensy41/libFrameworkArduino.a(startup.c.o)
                0x0000000020002000                _VectorsRam

.tm_clone_table
                0x00000000200022c0        0x0 load address 0x0000000060014f28
 .tm_clone_table
                0x00000000200022c0        0x0 /Users/jconrad/.platformio/packages/toolchain-gccarmnoneeabi-teensy/bin/../lib/gcc/arm-none-eabi/11.3.1/thumb/v7e-m+dp/hard/crtbegin.o
 .tm_clone_table
                0x00000000200022c0        0x0 /Users/jconrad/.platformio/packages/toolchain-gccarmnoneeabi-teensy/bin/../lib/gcc/arm-none-eabi/11.3.1/thumb/v7e-m+dp/hard/crtend.o

.igot.plt       0x00000000200022c0        0x0 load address 0x0000000060014f28
 .igot.plt      0x00000000200022c0        0x0 /Users/jconrad/.platformio/packages/toolchain-gccarmnoneeabi-teensy/bin/../lib/gcc/arm-none-eabi/11.3.1/thumb/v7e-m+dp/hard/crtbegin.o

.bss            0x00000000200022c0      0x880
 *(SORT_BY_ALIGNMENT(SORT_BY_NAME(.bss*)))
 .bss.endpoint0_transfer_ack
                0x00000000200022c0       0x20 .pio/build/teensy41/libFrameworkArduino.a(usb.c.o)
                0x00000000200022c0                endpoint0_transfer_ack
 .bss.endpoint0_transfer_data
                0x00000000200022e0       0x20 .pio/build/teensy41/libFrameworkArduino.a(usb.c.o)
                0x00000000200022e0                endpoint0_transfer_data
 .bss.rx_transfer
                0x0000000020002300      0x100 .pio/build/teensy41/libFrameworkArduino.a(usb_serial.c.o)
 .bss.tft       0x0000000020002400      0x280 .pio/build/teensy41/src/main.cpp.o
                0x0000000020002400                tft
 .bss.tx_transfer
                0x0000000020002680       0x80 .pio/build/teensy41/libFrameworkArduino.a(usb_serial.c.o)
 .bss.endpoint0_setupdata
                0x0000000020002700        0x8 .pio/build/teensy41/libFrameworkArduino.a(usb.c.o)
 .bss._ZN14EventResponder10firstYieldE
                0x0000000020002708        0x4 .pio/build/teensy41/libFrameworkArduino.a(EventResponder.cpp.o)
                0x0000000020002708                EventResponder::firstYield
 .bss._ZN14EventResponder13lastInterruptE
                0x000000002000270c        0x4 .pio/build/teensy41/libFrameworkArduino.a(EventResponder.cpp.o)
                0x000000002000270c                EventResponder::lastInterrupt
 .bss._ZN14EventResponder14firstInterruptE
                0x0000000020002710        0x4 .pio/build/teensy41/libFrameworkArduino.a(EventResponder.cpp.o)
                0x0000000020002710                EventResponder::firstInterrupt
 .bss._ZN14EventResponder9lastYieldE
                0x0000000020002714        0x4 .pio/build/teensy41/libFrameworkArduino.a(EventResponder.cpp.o)
                0x0000000020002714                EventResponder::lastYield
 .bss._ZN19HardwareSerialIMXRT28s_serials_with_serial_eventsE
                0x0000000020002718       0x20 .pio/build/teensy41/libFrameworkArduino.a(HardwareSerial.cpp.o)
                0x0000000020002718                HardwareSerialIMXRT::s_serials_with_serial_events
 .bss._ZN7AWidget10allWidgetsE
                0x0000000020002738        0x4 .pio/build/teensy41/liba08/libA_GUI.a(AWidget.cpp.o)
                0x0000000020002738                AWidget::allWidgets
 .bss.__atexit  0x000000002000273c        0x4 /Users/jconrad/.platformio/packages/toolchain-gccarmnoneeabi-teensy/bin/../lib/gcc/arm-none-eabi/11.3.1/../../../../arm-none-eabi/lib/thumb/v7e-m+dp/hard/libc.a(libc_a-__call_atexit.o)
                0x000000002000273c                __atexit
 .bss.__atexit0
                0x0000000020002740      0x190 /Users/jconrad/.platformio/packages/toolchain-gccarmnoneeabi-teensy/bin/../lib/gcc/arm-none-eabi/11.3.1/../../../../arm-none-eabi/lib/thumb/v7e-m+dp/hard/libc.a(libc_a-__atexit.o)
                0x0000000020002740                __atexit0
 .bss.__lock___atexit_recursive_mutex
                0x00000000200028d0        0x1 /Users/jconrad/.platformio/packages/toolchain-gccarmnoneeabi-teensy/bin/../lib/gcc/arm-none-eabi/11.3.1/../../../../arm-none-eabi/lib/thumb/v7e-m+dp/hard/libc.a(libc_a-lock.o)
                0x00000000200028d0                __lock___atexit_recursive_mutex
 *fill*         0x00000000200028d1        0x3 
 .bss.__lock___malloc_recursive_mutex
                0x00000000200028d4        0x1 /Users/jconrad/.platformio/packages/toolchain-gccarmnoneeabi-teensy/bin/../lib/gcc/arm-none-eabi/11.3.1/../../../../arm-none-eabi/lib/thumb/v7e-m+dp/hard/libc.a(libc_a-lock.o)
                0x00000000200028d4                __lock___malloc_recursive_mutex
 *fill*         0x00000000200028d5        0x3 
 .bss.__lock___sfp_recursive_mutex
                0x00000000200028d8        0x1 /Users/jconrad/.platformio/packages/toolchain-gccarmnoneeabi-teensy/bin/../lib/gcc/arm-none-eabi/11.3.1/../../../../arm-none-eabi/lib/thumb/v7e-m+dp/hard/libc.a(libc_a-lock.o)
                0x00000000200028d8                __lock___sfp_recursive_mutex
 *fill*         0x00000000200028d9        0x3 
 .bss.__malloc_current_mallinfo
                0x00000000200028dc       0x28 /Users/jconrad/.platformio/packages/toolchain-gccarmnoneeabi-teensy/bin/../lib/gcc/arm-none-eabi/11.3.1/../../../../arm-none-eabi/lib/thumb/v7e-m+dp/hard/libc.a(libc_a-mallocr.o)
                0x00000000200028dc                __malloc_current_mallinfo
 .bss.__malloc_max_sbrked_mem
                0x0000000020002904        0x4 /Users/jconrad/.platformio/packages/toolchain-gccarmnoneeabi-teensy/bin/../lib/gcc/arm-none-eabi/11.3.1/../../../../arm-none-eabi/lib/thumb/v7e-m+dp/hard/libc.a(libc_a-mallocr.o)
                0x0000000020002904                __malloc_max_sbrked_mem
 .bss.__malloc_max_total_mem
                0x0000000020002908        0x4 /Users/jconrad/.platformio/packages/toolchain-gccarmnoneeabi-teensy/bin/../lib/gcc/arm-none-eabi/11.3.1/../../../../arm-none-eabi/lib/thumb/v7e-m+dp/hard/libc.a(libc_a-mallocr.o)
                0x0000000020002908                __malloc_max_total_mem
 .bss.__malloc_top_pad
                0x000000002000290c        0x4 /Users/jconrad/.platformio/packages/toolchain-gccarmnoneeabi-teensy/bin/../lib/gcc/arm-none-eabi/11.3.1/../../../../arm-none-eabi/lib/thumb/v7e-m+dp/hard/libc.a(libc_a-mallocr.o)
                0x000000002000290c                __malloc_top_pad
 .bss.__sf      0x0000000020002910      0x138 /Users/jconrad/.platformio/packages/toolchain-gccarmnoneeabi-teensy/bin/../lib/gcc/arm-none-eabi/11.3.1/../../../../arm-none-eabi/lib/thumb/v7e-m+dp/hard/libc.a(libc_a-findfp.o)
                0x0000000020002910                __sf
 .bss.__stdio_exit_handler
                0x0000000020002a48        0x4 /Users/jconrad/.platformio/packages/toolchain-gccarmnoneeabi-teensy/bin/../lib/gcc/arm-none-eabi/11.3.1/../../../../arm-none-eabi/lib/thumb/v7e-m+dp/hard/libc.a(libc_a-findfp.o)
                0x0000000020002a48                __stdio_exit_handler
 .bss.endpoint0_buffer
                0x0000000020002a4c        0x8 .pio/build/teensy41/libFrameworkArduino.a(usb.c.o)
 .bss.endpoint0_notify_mask
                0x0000000020002a54        0x4 .pio/build/teensy41/libFrameworkArduino.a(usb.c.o)
 .bss.endpointN_notify_mask
                0x0000000020002a58        0x4 .pio/build/teensy41/libFrameworkArduino.a(usb.c.o)
 .bss.errno     0x0000000020002a5c        0x4 /Users/jconrad/.platformio/packages/toolchain-gccarmnoneeabi-teensy/bin/../lib/gcc/arm-none-eabi/11.3.1/../../../../arm-none-eabi/lib/thumb/v7e-m+dp/hard/libc.a(libc_a-reent.o)
                0x0000000020002a5c                errno
 .bss.extmem_smalloc_pool
                0x0000000020002a60       0x10 .pio/build/teensy41/libFrameworkArduino.a(startup.c.o)
                0x0000000020002a60                extmem_smalloc_pool
 .bss.object.0  0x0000000020002a70       0x18 /Users/jconrad/.platformio/packages/toolchain-gccarmnoneeabi-teensy/bin/../lib/gcc/arm-none-eabi/11.3.1/thumb/v7e-m+dp/hard/crtbegin.o
 .bss.reply_buffer
                0x0000000020002a88        0x8 .pio/build/teensy41/libFrameworkArduino.a(usb.c.o)
 .bss.rx_available
                0x0000000020002a90        0x4 .pio/build/teensy41/libFrameworkArduino.a(usb_serial.c.o)
 .bss.rx_count  0x0000000020002a94       0x10 .pio/build/teensy41/libFrameworkArduino.a(usb_serial.c.o)
 .bss.rx_index  0x0000000020002aa4       0x10 .pio/build/teensy41/libFrameworkArduino.a(usb_serial.c.o)
 .bss.rx_list   0x0000000020002ab4        0x9 .pio/build/teensy41/libFrameworkArduino.a(usb_serial.c.o)
 *fill*         0x0000000020002abd        0x3 
 .bss.s_hotCount
                0x0000000020002ac0        0x4 .pio/build/teensy41/libFrameworkArduino.a(tempmon.c.o)
 .bss.s_hotTemp
                0x0000000020002ac4        0x4 .pio/build/teensy41/libFrameworkArduino.a(tempmon.c.o)
 .bss.s_hot_ROOM
                0x0000000020002ac8        0x4 .pio/build/teensy41/libFrameworkArduino.a(tempmon.c.o)
 .bss.s_roomC_hotC
                0x0000000020002acc        0x4 .pio/build/teensy41/libFrameworkArduino.a(tempmon.c.o)
 .bss.scale_cpu_cycles_to_microseconds
                0x0000000020002ad0        0x4 .pio/build/teensy41/libFrameworkArduino.a(delay.c.o)
                0x0000000020002ad0                scale_cpu_cycles_to_microseconds
 .bss.systick_cycle_count
                0x0000000020002ad4        0x4 .pio/build/teensy41/libFrameworkArduino.a(delay.c.o)
                0x0000000020002ad4                systick_cycle_count
 .bss.systick_millis_count
                0x0000000020002ad8        0x4 .pio/build/teensy41/libFrameworkArduino.a(delay.c.o)
                0x0000000020002ad8                systick_millis_count
 .bss.systick_safe_read
                0x0000000020002adc        0x4 .pio/build/teensy41/libFrameworkArduino.a(delay.c.o)
                0x0000000020002adc                systick_safe_read
 .bss.usb_cdc_line_coding
                0x0000000020002ae0        0x8 .pio/build/teensy41/libFrameworkArduino.a(usb_serial.c.o)
                0x0000000020002ae0                usb_cdc_line_coding
 .bss.usb_cdc_line_rtsdtr_millis
                0x0000000020002ae8        0x4 .pio/build/teensy41/libFrameworkArduino.a(usb_serial.c.o)
                0x0000000020002ae8                usb_cdc_line_rtsdtr_millis
 .bss.usb_timer0_callback
                0x0000000020002aec        0x4 .pio/build/teensy41/libFrameworkArduino.a(usb.c.o)
                0x0000000020002aec                usb_timer0_callback
 .bss.usb_timer1_callback
                0x0000000020002af0        0x4 .pio/build/teensy41/libFrameworkArduino.a(usb.c.o)
                0x0000000020002af0                usb_timer1_callback
 .bss.dma_channel_allocated_mask
                0x0000000020002af4        0x2 .pio/build/teensy41/libFrameworkArduino.a(DMAChannel.cpp.o)
                0x0000000020002af4                dma_channel_allocated_mask
 .bss.rx_packet_size
                0x0000000020002af6        0x2 .pio/build/teensy41/libFrameworkArduino.a(usb_serial.c.o)
 .bss.tx_available
                0x0000000020002af8        0x2 .pio/build/teensy41/libFrameworkArduino.a(usb_serial.c.o)
 .bss.tx_packet_size
                0x0000000020002afa        0x2 .pio/build/teensy41/libFrameworkArduino.a(usb_serial.c.o)
 .bss._ZN14EventResponder16runningFromYieldE
                0x0000000020002afc        0x1 .pio/build/teensy41/libFrameworkArduino.a(EventResponder.cpp.o)
                0x0000000020002afc                EventResponder::runningFromYield
 .bss._ZN19HardwareSerialIMXRT34s_count_serials_with_serial_eventsE
                0x0000000020002afd        0x1 .pio/build/teensy41/libFrameworkArduino.a(HardwareSerial.cpp.o)
                0x0000000020002afd                HardwareSerialIMXRT::s_count_serials_with_serial_events
 .bss._ZZ5yieldE7running
                0x0000000020002afe        0x1 .pio/build/teensy41/libFrameworkArduino.a(yield.cpp.o)
 .bss.calibrating
                0x0000000020002aff        0x1 .pio/build/teensy41/libFrameworkArduino.a(analog.c.o)
 .bss.external_psram_size
                0x0000000020002b00        0x1 .pio/build/teensy41/libFrameworkArduino.a(startup.c.o)
                0x0000000020002b00                external_psram_size
 .bss.rx_head   0x0000000020002b01        0x1 .pio/build/teensy41/libFrameworkArduino.a(usb_serial.c.o)
 .bss.rx_tail   0x0000000020002b02        0x1 .pio/build/teensy41/libFrameworkArduino.a(usb_serial.c.o)
 .bss.sof_usage
                0x0000000020002b03        0x1 .pio/build/teensy41/libFrameworkArduino.a(usb.c.o)
 .bss.transmit_previous_timeout
                0x0000000020002b04        0x1 .pio/build/teensy41/libFrameworkArduino.a(usb_serial.c.o)
 .bss.tx_head   0x0000000020002b05        0x1 .pio/build/teensy41/libFrameworkArduino.a(usb_serial.c.o)
 .bss.tx_noautoflush
                0x0000000020002b06        0x1 .pio/build/teensy41/libFrameworkArduino.a(usb_serial.c.o)
 .bss.usb_cdc_line_rtsdtr
                0x0000000020002b07        0x1 .pio/build/teensy41/libFrameworkArduino.a(usb_serial.c.o)
                0x0000000020002b07                usb_cdc_line_rtsdtr
 .bss.usb_configuration
                0x0000000020002b08        0x1 .pio/build/teensy41/libFrameworkArduino.a(usb.c.o)
                0x0000000020002b08                usb_configuration
 .bss.usb_high_speed
                0x0000000020002b09        0x1 .pio/build/teensy41/libFrameworkArduino.a(usb.c.o)
                0x0000000020002b09                usb_high_speed
 .bss.usb_reboot_timer
                0x0000000020002b0a        0x1 .pio/build/teensy41/libFrameworkArduino.a(usb.c.o)
 .bss.yield_active_check_flags
                0x0000000020002b0b        0x1 .pio/build/teensy41/libFrameworkArduino.a(yield.cpp.o)
                0x0000000020002b0b                yield_active_check_flags
 *(SORT_BY_ALIGNMENT(SORT_BY_NAME(COMMON)))
                0x0000000020002b20                . = ALIGN (0x20)
 *fill*         0x0000000020002b0c       0x14 
                0x0000000020002b40                . = (. + 0x20)
 *fill*         0x0000000020002b20       0x20 

.bss.dma        0x0000000020200000     0x3080
 *(.hab_log)
 *(.dmabuffers)
 .dmabuffers    0x0000000020200000       0x62 .pio/build/teensy41/libFrameworkArduino.a(usb_desc.c.o)
                0x0000000020200000                usb_descriptor_buffer
 *fill*         0x0000000020200062       0x1e 
 .dmabuffers    0x0000000020200080     0x3000 .pio/build/teensy41/libFrameworkArduino.a(usb_serial.c.o)
                0x0000000020203080                . = ALIGN (0x20)

.bss.extram     0x0000000070000000        0x0
 *(SORT_BY_ALIGNMENT(SORT_BY_NAME(.externalram)))
                0x0000000070000000                . = ALIGN (0x20)

.text.csf       0x0000000060014f28      0xcd8
 FILL mask 0xff
                0x0000000060015000                . = ALIGN (0x400)
 *fill*         0x0000000060014f28       0xd8 ff
 *(.csf)
 .csf           0x0000000060015000      0xc00 .pio/build/teensy41/libFrameworkArduino.a(bootdata.c.o)
                0x0000000060015000                hab_csf
                0x0000000060015c00                __text_csf_end = .
                0x0000000000000000                _stext = ADDR (.text.itcm)
                0x0000000000010028                _etext = ((ADDR (.text.itcm) + SIZEOF (.text.itcm)) + SIZEOF (.ARM.exidx))
                0x0000000060002c3c                _stextload = LOADADDR (.text.itcm)
                0x0000000020000000                _sdata = ADDR (.data)
                0x00000000200022c0                _edata = (ADDR (.data) + SIZEOF (.data))
                0x0000000060012c68                _sdataload = LOADADDR (.data)
                0x00000000200022c0                _sbss = ADDR (.bss)
                0x0000000020002b40                _ebss = (ADDR (.bss) + SIZEOF (.bss))
                0x0000000020203080                _heap_start = (ADDR (.bss.dma) + SIZEOF (.bss.dma))
                0x0000000020280000                _heap_end = (ORIGIN (RAM) + LENGTH (RAM))
                0x0000000070000000                _extram_start = ADDR (.bss.extram)
                0x0000000070000000                _extram_end = (ADDR (.bss.extram) + SIZEOF (.bss.extram))
                0x0000000000000003                _itcm_block_count = (((SIZEOF (.text.itcm) + SIZEOF (.ARM.exidx)) + 0x7fff) >> 0xf)
                0x00000000aaaaaabf                _flexram_bank_config = (0xaaaaaaaa | ((0x1 << (_itcm_block_count * 0x2)) - 0x1))
                0x0000000020068000                _estack = (ORIGIN (DTCM) + ((0x10 - _itcm_block_count) << 0xf))
                0x0000000000015c00                _flashimagelen = (__text_csf_end - ORIGIN (FLASH))
                0x0000000000000025                _teensy_model_identifier = 0x25

.eh_frame       0x0000000060015c00        0x0
 .eh_frame      0x0000000060015c00        0x0 /Users/jconrad/.platformio/packages/toolchain-gccarmnoneeabi-teensy/bin/../lib/gcc/arm-none-eabi/11.3.1/thumb/v7e-m+dp/hard/crtbegin.o

.rel.dyn        0x0000000060015c00        0x0
 .rel.iplt      0x0000000060015c00        0x0 /Users/jconrad/.platformio/packages/toolchain-gccarmnoneeabi-teensy/bin/../lib/gcc/arm-none-eabi/11.3.1/thumb/v7e-m+dp/hard/crtbegin.o

.debug_info
 *(.debug_info)

.debug_abbrev
 *(.debug_abbrev)

.debug_line
 *(.debug_line)

.debug_frame
 *(.debug_frame)

.debug_str
 *(.debug_str)

.debug_loc
 *(.debug_loc)
OUTPUT(.pio/build/teensy41/firmware.elf elf32-littlearm)
LOAD linker stubs

.ARM.attributes
                0x0000000000000000       0x2e
 .ARM.attributes
                0x0000000000000000       0x1e /Users/jconrad/.platformio/packages/toolchain-gccarmnoneeabi-teensy/bin/../lib/gcc/arm-none-eabi/11.3.1/thumb/v7e-m+dp/hard/crti.o
 .ARM.attributes
                0x000000000000001e       0x32 /Users/jconrad/.platformio/packages/toolchain-gccarmnoneeabi-teensy/bin/../lib/gcc/arm-none-eabi/11.3.1/thumb/v7e-m+dp/hard/crtbegin.o
 .ARM.attributes
                0x0000000000000050       0x32 .pio/build/teensy41/src/main.cpp.o
 .ARM.attributes
                0x0000000000000082       0x32 .pio/build/teensy41/lib849/libHX8357_t3n.a(HX8357_t3n.cpp.o)
 .ARM.attributes
                0x00000000000000b4       0x32 .pio/build/teensy41/lib849/libHX8357_t3n.a(glcdfont.c.o)
 .ARM.attributes
                0x00000000000000e6       0x32 .pio/build/teensy41/liba08/libA_GUI.a(AListBox.cpp.o)
 .ARM.attributes
                0x0000000000000118       0x32 .pio/build/teensy41/liba08/libA_GUI.a(ARect.cpp.o)
 .ARM.attributes
                0x000000000000014a       0x32 .pio/build/teensy41/liba08/libA_GUI.a(AWidget.cpp.o)
 .ARM.attributes
                0x000000000000017c       0x32 .pio/build/teensy41/liba08/libA_GUI.a(ADisplay.cpp.o)
 .ARM.attributes
                0x00000000000001ae       0x32 .pio/build/teensy41/libFrameworkArduino.a(DMAChannel.cpp.o)
 .ARM.attributes
                0x00000000000001e0       0x32 .pio/build/teensy41/libFrameworkArduino.a(Print.cpp.o)
 .ARM.attributes
                0x0000000000000212       0x32 .pio/build/teensy41/libFrameworkArduino.a(bootdata.c.o)
 .ARM.attributes
                0x0000000000000244       0x32 .pio/build/teensy41/libFrameworkArduino.a(delay.c.o)
 .ARM.attributes
                0x0000000000000276       0x32 .pio/build/teensy41/libFrameworkArduino.a(digital.c.o)
 .ARM.attributes
                0x00000000000002a8       0x32 .pio/build/teensy41/libFrameworkArduino.a(main.cpp.o)
 .ARM.attributes
                0x00000000000002da       0x1e .pio/build/teensy41/libFrameworkArduino.a(memcpy-armv7m.S.o)
 .ARM.attributes
                0x00000000000002f8       0x32 .pio/build/teensy41/libFrameworkArduino.a(nonstd.c.o)
 .ARM.attributes
                0x000000000000032a       0x32 .pio/build/teensy41/libFrameworkArduino.a(startup.c.o)
 .ARM.attributes
                0x000000000000035c       0x32 .pio/build/teensy41/libFrameworkArduino.a(tempmon.c.o)
 .ARM.attributes